I, [2024-04-08T18:48:23.186288 #28209]  INFO -- : [e64337df-ec99-4999-8be8-4b353f65b92f] Started GET "/rails/active_storage/disk/eyJfcmFpbHMiOnsibWVzc2FnZSI6IkJBaDdDVG9JYTJWNVNTSWhkVFY2ZFRCa01XWXhaVFE0TUdFNGMzWnllV1JtWVd4dWFtbDZlUVk2QmtWVU9oQmthWE53YjNOcGRHbHZia2tpUldsdWJHbHVaVHNnWm1sc1pXNWhiV1U5SW1SdmQyNXNiMkZrTG1wd1pXY2lPeUJtYVd4bGJtRnRaU285VlZSR0xUZ25KMlJ2ZDI1c2IyRmtMbXB3WldjR093WlVPaEZqYjI1MFpXNTBYM1I1Y0dWSklnOXBiV0ZuWlM5cWNHVm5CanNHVkRvUmMyVnlkbWxqWlY5dVlXMWxPZ3BzYjJOaGJBPT0iLCJleHAiOiIyMDI0LTA0LTA4VDEzOjIxOjA2LjI1OVoiLCJwdXIiOiJibG9iX2tleSJ9fQ==--78f6fd5ba1dbad1966b7ac1099e2b4adc5bff74d/download.jpeg" for 127.0.0.1 at 2024-04-08 18:48:23 +0530
I, [2024-04-08T18:48:23.186547 #28221]  INFO -- : [dc56c06b-14c7-45ba-9fff-208a21804633] Started GET "/rails/active_storage/disk/eyJfcmFpbHMiOnsibWVzc2FnZSI6IkJBaDdDVG9JYTJWNVNTSWhaR0ZuTVdGaU9YQjBPSFkyZWpnemNtNXNaREp2Y3poeVlURTViZ1k2QmtWVU9oQmthWE53YjNOcGRHbHZia2tpVldsdWJHbHVaVHNnWm1sc1pXNWhiV1U5SW1SdmQyNXNiMkZrSUNVeU9EWWxNamt1Y0c1bklqc2dabWxzWlc1aGJXVXFQVlZVUmkwNEp5ZGtiM2R1Ykc5aFpDVXlNQ1V5T0RZbE1qa3VjRzVuQmpzR1ZEb1JZMjl1ZEdWdWRGOTBlWEJsU1NJT2FXMWhaMlV2Y0c1bkJqc0dWRG9SYzJWeWRtbGpaVjl1WVcxbE9ncHNiMk5oYkE9PSIsImV4cCI6IjIwMjQtMDQtMDhUMTM6MjE6MDYuMjg1WiIsInB1ciI6ImJsb2Jfa2V5In19--e293970c7504dec30c9de3ea88873c98874b6c0c/download%20(6).png" for 127.0.0.1 at 2024-04-08 18:48:23 +0530
I, [2024-04-08T18:48:23.186922 #28233]  INFO -- : [e330cc10-cf05-4c0b-a144-a4d17618ec35] Processing by ActiveStorage::DiskController#show as PNG
I, [2024-04-08T18:48:23.187138 #28233]  INFO -- : [e330cc10-cf05-4c0b-a144-a4d17618ec35]   Parameters: {"encoded_key"=>"[FILTERED]", "filename"=>"download (3)"}
I, [2024-04-08T18:48:23.187155 #28209]  INFO -- : [e64337df-ec99-4999-8be8-4b353f65b92f] Processing by ActiveStorage::DiskController#show as JPEG
I, [2024-04-08T18:48:23.187245 #28202]  INFO -- : [63532862-63c5-4420-b7de-65cb23d905ee] Started GET "/rails/active_storage/disk/eyJfcmFpbHMiOnsibWVzc2FnZSI6IkJBaDdDVG9JYTJWNVNTSWhlSGs0TUhRNE5uUTJlV0ZxZDJRMllYTnpaV3hzTURJM05EZzViZ1k2QmtWVU9oQmthWE53YjNOcGRHbHZia2tpVldsdWJHbHVaVHNnWm1sc1pXNWhiV1U5SW1SdmQyNXNiMkZrSUNVeU9EWWxNamt1Y0c1bklqc2dabWxzWlc1aGJXVXFQVlZVUmkwNEp5ZGtiM2R1Ykc5aFpDVXlNQ1V5T0RZbE1qa3VjRzVuQmpzR1ZEb1JZMjl1ZEdWdWRGOTBlWEJsU1NJT2FXMWhaMlV2Y0c1bkJqc0dWRG9SYzJWeWRtbGpaVjl1WVcxbE9ncHNiMk5oYkE9PSIsImV4cCI6IjIwMjQtMDQtMDhUMTM6MjE6MDYuMjIzWiIsInB1ciI6ImJsb2Jfa2V5In19--386d5cdb5cbaf8d999ad7c228d2f8f1a452fe3a9/download%20(6).png" for 127.0.0.1 at 2024-04-08 18:48:23 +0530
I, [2024-04-08T18:48:23.187281 #28209]  INFO -- : [e64337df-ec99-4999-8be8-4b353f65b92f]   Parameters: {"encoded_key"=>"[FILTERED]", "filename"=>"download"}
I, [2024-04-08T18:48:23.187540 #28221]  INFO -- : [dc56c06b-14c7-45ba-9fff-208a21804633] Processing by ActiveStorage::DiskController#show as PNG
I, [2024-04-08T18:48:23.187731 #28221]  INFO -- : [dc56c06b-14c7-45ba-9fff-208a21804633]   Parameters: {"encoded_key"=>"[FILTERED]", "filename"=>"download (6)"}
I, [2024-04-08T18:48:23.187965 #28209]  INFO -- : [e64337df-ec99-4999-8be8-4b353f65b92f] Completed 404 Not Found in 1ms (ActiveRecord: 0.0ms | Allocations: 376)
I, [2024-04-08T18:48:23.187995 #28233]  INFO -- : [e330cc10-cf05-4c0b-a144-a4d17618ec35] Completed 404 Not Found in 1ms (ActiveRecord: 0.0ms | Allocations: 376)
I, [2024-04-08T18:48:23.188349 #28202]  INFO -- : [63532862-63c5-4420-b7de-65cb23d905ee] Processing by ActiveStorage::DiskController#show as PNG
I, [2024-04-08T18:48:23.188429 #28202]  INFO -- : [63532862-63c5-4420-b7de-65cb23d905ee]   Parameters: {"encoded_key"=>"[FILTERED]", "filename"=>"download (6)"}
I, [2024-04-08T18:48:23.188051 #28221]  INFO -- : [01f74926-fe6f-439f-aa74-3ad47e32662d] Started GET "/rails/active_storage/disk/eyJfcmFpbHMiOnsibWVzc2FnZSI6IkJBaDdDVG9JYTJWNVNTSWhPVzUxWkRWNE4zZDJjVEExYW1zeGRYRmxZbXR0ZHpkMGRXZDJhd1k2QmtWVU9oQmthWE53YjNOcGRHbHZia2tpUDJsdWJHbHVaVHNnWm1sc1pXNWhiV1U5SW1sdFlXZGxjeTV3Ym1jaU95Qm1hV3hsYm1GdFpTbzlWVlJHTFRnbkoybHRZV2RsY3k1d2JtY0dPd1pVT2hGamIyNTBaVzUwWDNSNWNHVkpJZzVwYldGblpTOXdibWNHT3daVU9oRnpaWEoyYVdObFgyNWhiV1U2Q214dlkyRnMiLCJleHAiOiIyMDI0LTA0LTA4VDEzOjIxOjA2LjI2NVoiLCJwdXIiOiJibG9iX2tleSJ9fQ==--35292ffdaa73e1da9b9e9a41d069225cbee792a0/images.png" for 127.0.0.1 at 2024-04-08 18:48:23 +0530
I, [2024-04-08T18:48:23.189525 #28202]  INFO -- : [63532862-63c5-4420-b7de-65cb23d905ee] Completed 404 Not Found in 1ms (ActiveRecord: 0.0ms | Allocations: 378)
I, [2024-04-08T18:48:23.189515 #28221]  INFO -- : [01f74926-fe6f-439f-aa74-3ad47e32662d] Processing by ActiveStorage::DiskController#show as PNG
I, [2024-04-08T18:48:23.189621 #28221]  INFO -- : [01f74926-fe6f-439f-aa74-3ad47e32662d]   Parameters: {"encoded_key"=>"[FILTERED]", "filename"=>"images"}
I, [2024-04-08T18:48:23.188867 #28221]  INFO -- : [dc56c06b-14c7-45ba-9fff-208a21804633] Completed 404 Not Found in 1ms (ActiveRecord: 0.0ms | Allocations: 377)
I, [2024-04-08T18:48:23.190492 #28221]  INFO -- : [01f74926-fe6f-439f-aa74-3ad47e32662d] Completed 404 Not Found in 1ms (ActiveRecord: 0.0ms | Allocations: 377)
I, [2024-04-08T18:48:26.131581 #28202]  INFO -- : [d21f1534-b99b-4d80-a7f3-cf5424c4a275] Delivered mail 6613ee9d1c6d1_6e2a32428e1d41a897464@pixoatic-ThinkPad-E480.mail (5015.8ms)
I, [2024-04-08T18:48:26.131866 #28202]  INFO -- : [d21f1534-b99b-4d80-a7f3-cf5424c4a275] Completed 500 Internal Server Error in 5033ms (ActiveRecord: 2.8ms | Allocations: 4817)
F, [2024-04-08T18:48:26.132367 #28202] FATAL -- : [d21f1534-b99b-4d80-a7f3-cf5424c4a275]   
[d21f1534-b99b-4d80-a7f3-cf5424c4a275] Net::OpenTimeout (execution expired):
[d21f1534-b99b-4d80-a7f3-cf5424c4a275]   
[d21f1534-b99b-4d80-a7f3-cf5424c4a275] app/controllers/registration_controller.rb:17:in `create'
I, [2024-04-08T18:51:55.596756 #28233]  INFO -- : [aab35037-7031-4d6a-b394-c969ff13286a] Started GET "/css/bootstrap.min.css" for 127.0.0.1 at 2024-04-08 18:51:55 +0530
F, [2024-04-08T18:51:55.597419 #28233] FATAL -- : [aab35037-7031-4d6a-b394-c969ff13286a]   
[aab35037-7031-4d6a-b394-c969ff13286a] ActionController::RoutingError (No route matches [GET] "/css/bootstrap.min.css"):
[aab35037-7031-4d6a-b394-c969ff13286a]   
I, [2024-04-08T18:56:38.318387 #29323]  INFO -- : [7a3adb59-5c33-4cf2-b547-b534d97add2a] Started GET "/" for 127.0.0.1 at 2024-04-08 18:56:38 +0530
I, [2024-04-08T18:56:38.322170 #29323]  INFO -- : [7a3adb59-5c33-4cf2-b547-b534d97add2a] Processing by LearningsController#index as HTML
I, [2024-04-08T18:56:38.534292 #29323]  INFO -- : [7a3adb59-5c33-4cf2-b547-b534d97add2a]   Rendered learnings/index.html.erb within layouts/application (Duration: 114.4ms | Allocations: 40165)
I, [2024-04-08T18:56:38.535694 #29323]  INFO -- : [7a3adb59-5c33-4cf2-b547-b534d97add2a]   Rendered layout layouts/application.html.erb (Duration: 115.9ms | Allocations: 40569)
I, [2024-04-08T18:56:38.536078 #29323]  INFO -- : [7a3adb59-5c33-4cf2-b547-b534d97add2a] Completed 200 OK in 214ms (Views: 89.7ms | ActiveRecord: 41.5ms | Allocations: 55097)
I, [2024-04-08T18:56:38.554804 #29323]  INFO -- : [01ab5b0d-298a-47b2-9fb2-68fe7840bb4d] Started GET "/css/bootstrap.min.css" for 127.0.0.1 at 2024-04-08 18:56:38 +0530
F, [2024-04-08T18:56:38.557298 #29323] FATAL -- : [01ab5b0d-298a-47b2-9fb2-68fe7840bb4d]   
[01ab5b0d-298a-47b2-9fb2-68fe7840bb4d] ActionController::RoutingError (No route matches [GET] "/css/bootstrap.min.css"):
[01ab5b0d-298a-47b2-9fb2-68fe7840bb4d]   
I, [2024-04-08T18:56:38.557513 #29304]  INFO -- : [ae386044-a94b-4e10-b67b-111d333bed96] Started GET "/js/jquery-3.5.1.min.js" for 127.0.0.1 at 2024-04-08 18:56:38 +0530
I, [2024-04-08T18:56:38.559055 #29304]  INFO -- : [d509dae7-21fe-4f48-adba-b9faba92d418] Started GET "/js/bootstrap.min.js" for 127.0.0.1 at 2024-04-08 18:56:38 +0530
I, [2024-04-08T18:56:38.559070 #29311]  INFO -- : [949a29ca-b5c4-4ece-9653-edd5a650abb7] Started GET "/rails/active_storage/blobs/redirect/eyJfcmFpbHMiOnsibWVzc2FnZSI6IkJBaHBEUT09IiwiZXhwIjpudWxsLCJwdXIiOiJibG9iX2lkIn19--69de0138c21a35f5bf52ca4afdfee927394607fe/download%20(1).png" for 127.0.0.1 at 2024-04-08 18:56:38 +0530
I, [2024-04-08T18:56:38.559237 #29335]  INFO -- : [d1a2d285-b0f7-4d95-9e44-99b00c833116] Started GET "/rails/active_storage/blobs/redirect/eyJfcmFpbHMiOnsibWVzc2FnZSI6IkJBaHBEZz09IiwiZXhwIjpudWxsLCJwdXIiOiJibG9iX2lkIn19--c263c4f8b2153e29f94b5e53ee0b5f6979038bae/download%20(2).png" for 127.0.0.1 at 2024-04-08 18:56:38 +0530
F, [2024-04-08T18:56:38.560133 #29304] FATAL -- : [d509dae7-21fe-4f48-adba-b9faba92d418]   
[d509dae7-21fe-4f48-adba-b9faba92d418] ActionController::RoutingError (No route matches [GET] "/js/bootstrap.min.js"):
[d509dae7-21fe-4f48-adba-b9faba92d418]   
F, [2024-04-08T18:56:38.562386 #29304] FATAL -- : [ae386044-a94b-4e10-b67b-111d333bed96]   
[ae386044-a94b-4e10-b67b-111d333bed96] ActionController::RoutingError (No route matches [GET] "/js/jquery-3.5.1.min.js"):
[ae386044-a94b-4e10-b67b-111d333bed96]   
I, [2024-04-08T18:56:38.563822 #29311]  INFO -- : [949a29ca-b5c4-4ece-9653-edd5a650abb7] Processing by ActiveStorage::Blobs::RedirectController#show as PNG
I, [2024-04-08T18:56:38.563963 #29311]  INFO -- : [949a29ca-b5c4-4ece-9653-edd5a650abb7]   Parameters: {"signed_id"=>"eyJfcmFpbHMiOnsibWVzc2FnZSI6IkJBaHBEUT09IiwiZXhwIjpudWxsLCJwdXIiOiJibG9iX2lkIn19--69de0138c21a35f5bf52ca4afdfee927394607fe", "filename"=>"download (1)"}
I, [2024-04-08T18:56:38.564942 #29335]  INFO -- : [d1a2d285-b0f7-4d95-9e44-99b00c833116] Processing by ActiveStorage::Blobs::RedirectController#show as PNG
I, [2024-04-08T18:56:38.565216 #29335]  INFO -- : [d1a2d285-b0f7-4d95-9e44-99b00c833116]   Parameters: {"signed_id"=>"eyJfcmFpbHMiOnsibWVzc2FnZSI6IkJBaHBEZz09IiwiZXhwIjpudWxsLCJwdXIiOiJibG9iX2lkIn19--c263c4f8b2153e29f94b5e53ee0b5f6979038bae", "filename"=>"download (2)"}
I, [2024-04-08T18:56:38.574000 #29304]  INFO -- : [54b6e1b7-65d0-45cc-942e-6db471804f59] Started GET "/rails/active_storage/blobs/redirect/eyJfcmFpbHMiOnsibWVzc2FnZSI6IkJBaHBEdz09IiwiZXhwIjpudWxsLCJwdXIiOiJibG9iX2lkIn19--a2cbb36c9bd36794f91d2c2377874956943f5639/download%20(3).png" for 127.0.0.1 at 2024-04-08 18:56:38 +0530
I, [2024-04-08T18:56:38.579890 #29304]  INFO -- : [54b6e1b7-65d0-45cc-942e-6db471804f59] Processing by ActiveStorage::Blobs::RedirectController#show as PNG
I, [2024-04-08T18:56:38.580156 #29304]  INFO -- : [54b6e1b7-65d0-45cc-942e-6db471804f59]   Parameters: {"signed_id"=>"eyJfcmFpbHMiOnsibWVzc2FnZSI6IkJBaHBEdz09IiwiZXhwIjpudWxsLCJwdXIiOiJibG9iX2lkIn19--a2cbb36c9bd36794f91d2c2377874956943f5639", "filename"=>"download (3)"}
I, [2024-04-08T18:56:38.593226 #29311]  INFO -- : [1dcb16bb-0642-473e-9ef1-6a5e1219e418] Started GET "/rails/active_storage/blobs/redirect/eyJfcmFpbHMiOnsibWVzc2FnZSI6IkJBaHBDUT09IiwiZXhwIjpudWxsLCJwdXIiOiJibG9iX2lkIn19--ff09417cf676aa9442e8fddacf44bee0b9bb0484/images.png" for 127.0.0.1 at 2024-04-08 18:56:38 +0530
I, [2024-04-08T18:56:38.593271 #29323]  INFO -- : [fd747e71-bbc6-45e9-ac59-8383bbd9c9f1] Started GET "/rails/active_storage/blobs/redirect/eyJfcmFpbHMiOnsibWVzc2FnZSI6IkJBaHBDQT09IiwiZXhwIjpudWxsLCJwdXIiOiJibG9iX2lkIn19--47dbcde3b57fb2fa908cb593f8c7e29b2597868e/download%20(6).png" for 127.0.0.1 at 2024-04-08 18:56:38 +0530
I, [2024-04-08T18:56:38.594642 #29311]  INFO -- : [1dcb16bb-0642-473e-9ef1-6a5e1219e418] Processing by ActiveStorage::Blobs::RedirectController#show as PNG
I, [2024-04-08T18:56:38.594830 #29311]  INFO -- : [1dcb16bb-0642-473e-9ef1-6a5e1219e418]   Parameters: {"signed_id"=>"eyJfcmFpbHMiOnsibWVzc2FnZSI6IkJBaHBDUT09IiwiZXhwIjpudWxsLCJwdXIiOiJibG9iX2lkIn19--ff09417cf676aa9442e8fddacf44bee0b9bb0484", "filename"=>"images"}
I, [2024-04-08T18:56:38.596043 #29323]  INFO -- : [fd747e71-bbc6-45e9-ac59-8383bbd9c9f1] Processing by ActiveStorage::Blobs::RedirectController#show as PNG
I, [2024-04-08T18:56:38.596169 #29323]  INFO -- : [fd747e71-bbc6-45e9-ac59-8383bbd9c9f1]   Parameters: {"signed_id"=>"eyJfcmFpbHMiOnsibWVzc2FnZSI6IkJBaHBDQT09IiwiZXhwIjpudWxsLCJwdXIiOiJibG9iX2lkIn19--47dbcde3b57fb2fa908cb593f8c7e29b2597868e", "filename"=>"download (6)"}
I, [2024-04-08T18:56:38.603467 #29323]  INFO -- : [fd747e71-bbc6-45e9-ac59-8383bbd9c9f1] Redirected to http://localhost:3000/rails/active_storage/disk/eyJfcmFpbHMiOnsibWVzc2FnZSI6IkJBaDdDVG9JYTJWNVNTSWhaR0ZuTVdGaU9YQjBPSFkyZWpnemNtNXNaREp2Y3poeVlURTViZ1k2QmtWVU9oQmthWE53YjNOcGRHbHZia2tpVldsdWJHbHVaVHNnWm1sc1pXNWhiV1U5SW1SdmQyNXNiMkZrSUNVeU9EWWxNamt1Y0c1bklqc2dabWxzWlc1aGJXVXFQVlZVUmkwNEp5ZGtiM2R1Ykc5aFpDVXlNQ1V5T0RZbE1qa3VjRzVuQmpzR1ZEb1JZMjl1ZEdWdWRGOTBlWEJsU1NJT2FXMWhaMlV2Y0c1bkJqc0dWRG9SYzJWeWRtbGpaVjl1WVcxbE9ncHNiMk5oYkE9PSIsImV4cCI6IjIwMjQtMDQtMDhUMTM6MzE6MzguNjAyWiIsInB1ciI6ImJsb2Jfa2V5In19--9d8e1cd68f3b92a05a061bbfba50e1b86412cf44/download%20(6).png
I, [2024-04-08T18:56:38.603795 #29323]  INFO -- : [fd747e71-bbc6-45e9-ac59-8383bbd9c9f1] Completed 302 Found in 8ms (ActiveRecord: 0.4ms | Allocations: 1030)
I, [2024-04-08T18:56:38.611304 #29323]  INFO -- : [4d627122-bb01-458c-8eaf-a99a7388b15f] Started GET "/rails/active_storage/disk/eyJfcmFpbHMiOnsibWVzc2FnZSI6IkJBaDdDVG9JYTJWNVNTSWhaR0ZuTVdGaU9YQjBPSFkyZWpnemNtNXNaREp2Y3poeVlURTViZ1k2QmtWVU9oQmthWE53YjNOcGRHbHZia2tpVldsdWJHbHVaVHNnWm1sc1pXNWhiV1U5SW1SdmQyNXNiMkZrSUNVeU9EWWxNamt1Y0c1bklqc2dabWxzWlc1aGJXVXFQVlZVUmkwNEp5ZGtiM2R1Ykc5aFpDVXlNQ1V5T0RZbE1qa3VjRzVuQmpzR1ZEb1JZMjl1ZEdWdWRGOTBlWEJsU1NJT2FXMWhaMlV2Y0c1bkJqc0dWRG9SYzJWeWRtbGpaVjl1WVcxbE9ncHNiMk5oYkE9PSIsImV4cCI6IjIwMjQtMDQtMDhUMTM6MzE6MzguNjAyWiIsInB1ciI6ImJsb2Jfa2V5In19--9d8e1cd68f3b92a05a061bbfba50e1b86412cf44/download%20(6).png" for 127.0.0.1 at 2024-04-08 18:56:38 +0530
I, [2024-04-08T18:56:38.613869 #29323]  INFO -- : [4d627122-bb01-458c-8eaf-a99a7388b15f] Processing by ActiveStorage::DiskController#show as PNG
I, [2024-04-08T18:56:38.613997 #29323]  INFO -- : [4d627122-bb01-458c-8eaf-a99a7388b15f]   Parameters: {"encoded_key"=>"[FILTERED]", "filename"=>"download (6)"}
I, [2024-04-08T18:56:38.617527 #29323]  INFO -- : [4d627122-bb01-458c-8eaf-a99a7388b15f] Completed 404 Not Found in 3ms (ActiveRecord: 0.0ms | Allocations: 731)
I, [2024-04-08T18:56:38.624178 #29323]  INFO -- : [7a3d262c-94cf-43b5-b6f6-4573f29f425d] Started GET "/rails/active_storage/blobs/redirect/eyJfcmFpbHMiOnsibWVzc2FnZSI6IkJBaHBFUT09IiwiZXhwIjpudWxsLCJwdXIiOiJibG9iX2lkIn19--4a06355cb739c8df382a872b849f7c3c467396b1/download%20(6).png" for 127.0.0.1 at 2024-04-08 18:56:38 +0530
I, [2024-04-08T18:56:38.626664 #29323]  INFO -- : [7a3d262c-94cf-43b5-b6f6-4573f29f425d] Processing by ActiveStorage::Blobs::RedirectController#show as PNG
I, [2024-04-08T18:56:38.626814 #29323]  INFO -- : [7a3d262c-94cf-43b5-b6f6-4573f29f425d]   Parameters: {"signed_id"=>"eyJfcmFpbHMiOnsibWVzc2FnZSI6IkJBaHBFUT09IiwiZXhwIjpudWxsLCJwdXIiOiJibG9iX2lkIn19--4a06355cb739c8df382a872b849f7c3c467396b1", "filename"=>"download (6)"}
I, [2024-04-08T18:56:38.633342 #29323]  INFO -- : [7a3d262c-94cf-43b5-b6f6-4573f29f425d] Redirected to http://localhost:3000/rails/active_storage/disk/eyJfcmFpbHMiOnsibWVzc2FnZSI6IkJBaDdDVG9JYTJWNVNTSWhlSGs0TUhRNE5uUTJlV0ZxZDJRMllYTnpaV3hzTURJM05EZzViZ1k2QmtWVU9oQmthWE53YjNOcGRHbHZia2tpVldsdWJHbHVaVHNnWm1sc1pXNWhiV1U5SW1SdmQyNXNiMkZrSUNVeU9EWWxNamt1Y0c1bklqc2dabWxzWlc1aGJXVXFQVlZVUmkwNEp5ZGtiM2R1Ykc5aFpDVXlNQ1V5T0RZbE1qa3VjRzVuQmpzR1ZEb1JZMjl1ZEdWdWRGOTBlWEJsU1NJT2FXMWhaMlV2Y0c1bkJqc0dWRG9SYzJWeWRtbGpaVjl1WVcxbE9ncHNiMk5oYkE9PSIsImV4cCI6IjIwMjQtMDQtMDhUMTM6MzE6MzguNjMxWiIsInB1ciI6ImJsb2Jfa2V5In19--d8ec301d518394d9f7832c5741527f19a801833a/download%20(6).png
I, [2024-04-08T18:56:38.633625 #29323]  INFO -- : [7a3d262c-94cf-43b5-b6f6-4573f29f425d] Completed 302 Found in 7ms (ActiveRecord: 0.4ms | Allocations: 796)
I, [2024-04-08T18:56:38.574733 #29304]  INFO -- : [5cc99e2a-9f0a-4141-aee0-3a912bff2d86] Started GET "/rails/active_storage/blobs/redirect/eyJfcmFpbHMiOnsibWVzc2FnZSI6IkJBaHBFQT09IiwiZXhwIjpudWxsLCJwdXIiOiJibG9iX2lkIn19--6ba1caa08538839aaa0799e32ee6ad38e147de74/download.jpeg" for 127.0.0.1 at 2024-04-08 18:56:38 +0530
I, [2024-04-08T18:56:38.647667 #29304]  INFO -- : [5cc99e2a-9f0a-4141-aee0-3a912bff2d86] Processing by ActiveStorage::Blobs::RedirectController#show as JPEG
I, [2024-04-08T18:56:38.647823 #29304]  INFO -- : [5cc99e2a-9f0a-4141-aee0-3a912bff2d86]   Parameters: {"signed_id"=>"eyJfcmFpbHMiOnsibWVzc2FnZSI6IkJBaHBFQT09IiwiZXhwIjpudWxsLCJwdXIiOiJibG9iX2lkIn19--6ba1caa08538839aaa0799e32ee6ad38e147de74", "filename"=>"download"}
I, [2024-04-08T18:56:38.713747 #29323]  INFO -- : [71378ef4-cea5-4a03-8c7c-e038d9d81e26] Started GET "/rails/active_storage/disk/eyJfcmFpbHMiOnsibWVzc2FnZSI6IkJBaDdDVG9JYTJWNVNTSWhlSGs0TUhRNE5uUTJlV0ZxZDJRMllYTnpaV3hzTURJM05EZzViZ1k2QmtWVU9oQmthWE53YjNOcGRHbHZia2tpVldsdWJHbHVaVHNnWm1sc1pXNWhiV1U5SW1SdmQyNXNiMkZrSUNVeU9EWWxNamt1Y0c1bklqc2dabWxzWlc1aGJXVXFQVlZVUmkwNEp5ZGtiM2R1Ykc5aFpDVXlNQ1V5T0RZbE1qa3VjRzVuQmpzR1ZEb1JZMjl1ZEdWdWRGOTBlWEJsU1NJT2FXMWhaMlV2Y0c1bkJqc0dWRG9SYzJWeWRtbGpaVjl1WVcxbE9ncHNiMk5oYkE9PSIsImV4cCI6IjIwMjQtMDQtMDhUMTM6MzE6MzguNjMxWiIsInB1ciI6ImJsb2Jfa2V5In19--d8ec301d518394d9f7832c5741527f19a801833a/download%20(6).png" for 127.0.0.1 at 2024-04-08 18:56:38 +0530
I, [2024-04-08T18:56:38.714978 #29323]  INFO -- : [71378ef4-cea5-4a03-8c7c-e038d9d81e26] Processing by ActiveStorage::DiskController#show as PNG
I, [2024-04-08T18:56:38.715179 #29323]  INFO -- : [71378ef4-cea5-4a03-8c7c-e038d9d81e26]   Parameters: {"encoded_key"=>"[FILTERED]", "filename"=>"download (6)"}
I, [2024-04-08T18:56:38.719012 #29323]  INFO -- : [71378ef4-cea5-4a03-8c7c-e038d9d81e26] Completed 404 Not Found in 2ms (ActiveRecord: 0.0ms | Allocations: 374)
I, [2024-04-08T18:56:38.726320 #29335]  INFO -- : [d1a2d285-b0f7-4d95-9e44-99b00c833116] Redirected to http://localhost:3000/rails/active_storage/disk/eyJfcmFpbHMiOnsibWVzc2FnZSI6IkJBaDdDVG9JYTJWNVNTSWhkWGh1Wm5RMmNXTjRZbVF6Y0doeGN6Y3hhbWM1T0hCcGNuSXhiZ1k2QmtWVU9oQmthWE53YjNOcGRHbHZia2tpVldsdWJHbHVaVHNnWm1sc1pXNWhiV1U5SW1SdmQyNXNiMkZrSUNVeU9ESWxNamt1Y0c1bklqc2dabWxzWlc1aGJXVXFQVlZVUmkwNEp5ZGtiM2R1Ykc5aFpDVXlNQ1V5T0RJbE1qa3VjRzVuQmpzR1ZEb1JZMjl1ZEdWdWRGOTBlWEJsU1NJT2FXMWhaMlV2Y0c1bkJqc0dWRG9SYzJWeWRtbGpaVjl1WVcxbE9ncHNiMk5oYkE9PSIsImV4cCI6IjIwMjQtMDQtMDhUMTM6MzE6MzguNzI0WiIsInB1ciI6ImJsb2Jfa2V5In19--b01429271516e5849f5b2c43820417a545f4ad57/download%20(2).png
I, [2024-04-08T18:56:38.726847 #29335]  INFO -- : [d1a2d285-b0f7-4d95-9e44-99b00c833116] Completed 302 Found in 161ms (ActiveRecord: 19.8ms | Allocations: 12028)
I, [2024-04-08T18:56:38.733991 #29311]  INFO -- : [949a29ca-b5c4-4ece-9653-edd5a650abb7] Redirected to http://localhost:3000/rails/active_storage/disk/eyJfcmFpbHMiOnsibWVzc2FnZSI6IkJBaDdDVG9JYTJWNVNTSWhabkZxWldjMmRYbG1lbnBzY1hOa01uZDFkMjFuWVhkcWVEaGxaQVk2QmtWVU9oQmthWE53YjNOcGRHbHZia2tpVldsdWJHbHVaVHNnWm1sc1pXNWhiV1U5SW1SdmQyNXNiMkZrSUNVeU9ERWxNamt1Y0c1bklqc2dabWxzWlc1aGJXVXFQVlZVUmkwNEp5ZGtiM2R1Ykc5aFpDVXlNQ1V5T0RFbE1qa3VjRzVuQmpzR1ZEb1JZMjl1ZEdWdWRGOTBlWEJsU1NJT2FXMWhaMlV2Y0c1bkJqc0dWRG9SYzJWeWRtbGpaVjl1WVcxbE9ncHNiMk5oYkE9PSIsImV4cCI6IjIwMjQtMDQtMDhUMTM6MzE6MzguNzMyWiIsInB1ciI6ImJsb2Jfa2V5In19--f6ec0a9c867d7b06cf6468990d5b137131e20ec3/download%20(1).png
I, [2024-04-08T18:56:38.735338 #29311]  INFO -- : [949a29ca-b5c4-4ece-9653-edd5a650abb7] Completed 302 Found in 171ms (ActiveRecord: 20.4ms | Allocations: 17130)
I, [2024-04-08T18:56:38.737644 #29335]  INFO -- : [09a66d1e-5aa5-419f-a4d9-a99d18c1f309] Started GET "/rails/active_storage/disk/eyJfcmFpbHMiOnsibWVzc2FnZSI6IkJBaDdDVG9JYTJWNVNTSWhkWGh1Wm5RMmNXTjRZbVF6Y0doeGN6Y3hhbWM1T0hCcGNuSXhiZ1k2QmtWVU9oQmthWE53YjNOcGRHbHZia2tpVldsdWJHbHVaVHNnWm1sc1pXNWhiV1U5SW1SdmQyNXNiMkZrSUNVeU9ESWxNamt1Y0c1bklqc2dabWxzWlc1aGJXVXFQVlZVUmkwNEp5ZGtiM2R1Ykc5aFpDVXlNQ1V5T0RJbE1qa3VjRzVuQmpzR1ZEb1JZMjl1ZEdWdWRGOTBlWEJsU1NJT2FXMWhaMlV2Y0c1bkJqc0dWRG9SYzJWeWRtbGpaVjl1WVcxbE9ncHNiMk5oYkE9PSIsImV4cCI6IjIwMjQtMDQtMDhUMTM6MzE6MzguNzI0WiIsInB1ciI6ImJsb2Jfa2V5In19--b01429271516e5849f5b2c43820417a545f4ad57/download%20(2).png" for 127.0.0.1 at 2024-04-08 18:56:38 +0530
I, [2024-04-08T18:56:38.738860 #29335]  INFO -- : [09a66d1e-5aa5-419f-a4d9-a99d18c1f309] Processing by ActiveStorage::DiskController#show as PNG
I, [2024-04-08T18:56:38.739139 #29335]  INFO -- : [09a66d1e-5aa5-419f-a4d9-a99d18c1f309]   Parameters: {"encoded_key"=>"[FILTERED]", "filename"=>"download (2)"}
I, [2024-04-08T18:56:38.739969 #29311]  INFO -- : [1dcb16bb-0642-473e-9ef1-6a5e1219e418] Redirected to http://localhost:3000/rails/active_storage/disk/eyJfcmFpbHMiOnsibWVzc2FnZSI6IkJBaDdDVG9JYTJWNVNTSWhPVzUxWkRWNE4zZDJjVEExYW1zeGRYRmxZbXR0ZHpkMGRXZDJhd1k2QmtWVU9oQmthWE53YjNOcGRHbHZia2tpUDJsdWJHbHVaVHNnWm1sc1pXNWhiV1U5SW1sdFlXZGxjeTV3Ym1jaU95Qm1hV3hsYm1GdFpTbzlWVlJHTFRnbkoybHRZV2RsY3k1d2JtY0dPd1pVT2hGamIyNTBaVzUwWDNSNWNHVkpJZzVwYldGblpTOXdibWNHT3daVU9oRnpaWEoyYVdObFgyNWhiV1U2Q214dlkyRnMiLCJleHAiOiIyMDI0LTA0LTA4VDEzOjMxOjM4LjczOVoiLCJwdXIiOiJibG9iX2tleSJ9fQ==--d1c172bf7e6a5366265dca40f96469c952ee06d3/images.png
I, [2024-04-08T18:56:38.740276 #29311]  INFO -- : [1dcb16bb-0642-473e-9ef1-6a5e1219e418] Completed 302 Found in 145ms (ActiveRecord: 30.0ms | Allocations: 15767)
I, [2024-04-08T18:56:38.741638 #29335]  INFO -- : [09a66d1e-5aa5-419f-a4d9-a99d18c1f309] Completed 404 Not Found in 2ms (ActiveRecord: 0.0ms | Allocations: 720)
I, [2024-04-08T18:56:38.746847 #29335]  INFO -- : [65e4f039-2f71-4a14-bf6a-797f87afe07d] Started GET "/rails/active_storage/disk/eyJfcmFpbHMiOnsibWVzc2FnZSI6IkJBaDdDVG9JYTJWNVNTSWhabkZxWldjMmRYbG1lbnBzY1hOa01uZDFkMjFuWVhkcWVEaGxaQVk2QmtWVU9oQmthWE53YjNOcGRHbHZia2tpVldsdWJHbHVaVHNnWm1sc1pXNWhiV1U5SW1SdmQyNXNiMkZrSUNVeU9ERWxNamt1Y0c1bklqc2dabWxzWlc1aGJXVXFQVlZVUmkwNEp5ZGtiM2R1Ykc5aFpDVXlNQ1V5T0RFbE1qa3VjRzVuQmpzR1ZEb1JZMjl1ZEdWdWRGOTBlWEJsU1NJT2FXMWhaMlV2Y0c1bkJqc0dWRG9SYzJWeWRtbGpaVjl1WVcxbE9ncHNiMk5oYkE9PSIsImV4cCI6IjIwMjQtMDQtMDhUMTM6MzE6MzguNzMyWiIsInB1ciI6ImJsb2Jfa2V5In19--f6ec0a9c867d7b06cf6468990d5b137131e20ec3/download%20(1).png" for 127.0.0.1 at 2024-04-08 18:56:38 +0530
I, [2024-04-08T18:56:38.748713 #29335]  INFO -- : [65e4f039-2f71-4a14-bf6a-797f87afe07d] Processing by ActiveStorage::DiskController#show as PNG
I, [2024-04-08T18:56:38.748907 #29335]  INFO -- : [65e4f039-2f71-4a14-bf6a-797f87afe07d]   Parameters: {"encoded_key"=>"[FILTERED]", "filename"=>"download (1)"}
I, [2024-04-08T18:56:38.748982 #29311]  INFO -- : [9754fa58-f4a4-4ae1-bf97-2744e4597aca] Started GET "/rails/active_storage/disk/eyJfcmFpbHMiOnsibWVzc2FnZSI6IkJBaDdDVG9JYTJWNVNTSWhPVzUxWkRWNE4zZDJjVEExYW1zeGRYRmxZbXR0ZHpkMGRXZDJhd1k2QmtWVU9oQmthWE53YjNOcGRHbHZia2tpUDJsdWJHbHVaVHNnWm1sc1pXNWhiV1U5SW1sdFlXZGxjeTV3Ym1jaU95Qm1hV3hsYm1GdFpTbzlWVlJHTFRnbkoybHRZV2RsY3k1d2JtY0dPd1pVT2hGamIyNTBaVzUwWDNSNWNHVkpJZzVwYldGblpTOXdibWNHT3daVU9oRnpaWEoyYVdObFgyNWhiV1U2Q214dlkyRnMiLCJleHAiOiIyMDI0LTA0LTA4VDEzOjMxOjM4LjczOVoiLCJwdXIiOiJibG9iX2tleSJ9fQ==--d1c172bf7e6a5366265dca40f96469c952ee06d3/images.png" for 127.0.0.1 at 2024-04-08 18:56:38 +0530
I, [2024-04-08T18:56:38.750323 #29311]  INFO -- : [9754fa58-f4a4-4ae1-bf97-2744e4597aca] Processing by ActiveStorage::DiskController#show as PNG
I, [2024-04-08T18:56:38.750432 #29311]  INFO -- : [9754fa58-f4a4-4ae1-bf97-2744e4597aca]   Parameters: {"encoded_key"=>"[FILTERED]", "filename"=>"images"}
I, [2024-04-08T18:56:38.750322 #29335]  INFO -- : [65e4f039-2f71-4a14-bf6a-797f87afe07d] Completed 404 Not Found in 1ms (ActiveRecord: 0.0ms | Allocations: 380)
I, [2024-04-08T18:56:38.753232 #29311]  INFO -- : [9754fa58-f4a4-4ae1-bf97-2744e4597aca] Completed 404 Not Found in 3ms (ActiveRecord: 0.0ms | Allocations: 730)
I, [2024-04-08T18:56:38.756138 #29304]  INFO -- : [54b6e1b7-65d0-45cc-942e-6db471804f59] Redirected to http://localhost:3000/rails/active_storage/disk/eyJfcmFpbHMiOnsibWVzc2FnZSI6IkJBaDdDVG9JYTJWNVNTSWhPSFo0Yld0a1ozVnBNMlYwY0RNNE9HczJObkZwYTJkNGNqVXpOZ1k2QmtWVU9oQmthWE53YjNOcGRHbHZia2tpVldsdWJHbHVaVHNnWm1sc1pXNWhiV1U5SW1SdmQyNXNiMkZrSUNVeU9ETWxNamt1Y0c1bklqc2dabWxzWlc1aGJXVXFQVlZVUmkwNEp5ZGtiM2R1Ykc5aFpDVXlNQ1V5T0RNbE1qa3VjRzVuQmpzR1ZEb1JZMjl1ZEdWdWRGOTBlWEJsU1NJT2FXMWhaMlV2Y0c1bkJqc0dWRG9SYzJWeWRtbGpaVjl1WVcxbE9ncHNiMk5oYkE9PSIsImV4cCI6IjIwMjQtMDQtMDhUMTM6MzE6MzguNzUzWiIsInB1ciI6ImJsb2Jfa2V5In19--8f5c0c62cd420af95e1dedb693cdf298a12e444c/download%20(3).png
I, [2024-04-08T18:56:38.756754 #29304]  INFO -- : [54b6e1b7-65d0-45cc-942e-6db471804f59] Completed 302 Found in 176ms (ActiveRecord: 24.6ms | Allocations: 17065)
I, [2024-04-08T18:56:38.758703 #29304]  INFO -- : [5cc99e2a-9f0a-4141-aee0-3a912bff2d86] Redirected to http://localhost:3000/rails/active_storage/disk/eyJfcmFpbHMiOnsibWVzc2FnZSI6IkJBaDdDVG9JYTJWNVNTSWhkVFY2ZFRCa01XWXhaVFE0TUdFNGMzWnllV1JtWVd4dWFtbDZlUVk2QmtWVU9oQmthWE53YjNOcGRHbHZia2tpUldsdWJHbHVaVHNnWm1sc1pXNWhiV1U5SW1SdmQyNXNiMkZrTG1wd1pXY2lPeUJtYVd4bGJtRnRaU285VlZSR0xUZ25KMlJ2ZDI1c2IyRmtMbXB3WldjR093WlVPaEZqYjI1MFpXNTBYM1I1Y0dWSklnOXBiV0ZuWlM5cWNHVm5CanNHVkRvUmMyVnlkbWxqWlY5dVlXMWxPZ3BzYjJOaGJBPT0iLCJleHAiOiIyMDI0LTA0LTA4VDEzOjMxOjM4Ljc1N1oiLCJwdXIiOiJibG9iX2tleSJ9fQ==--234152e3c8854ef7ffb758b8dd96b9f54655fa4a/download.jpeg
I, [2024-04-08T18:56:38.760876 #29304]  INFO -- : [5cc99e2a-9f0a-4141-aee0-3a912bff2d86] Completed 302 Found in 113ms (ActiveRecord: 44.1ms | Allocations: 16174)
I, [2024-04-08T18:56:38.765634 #29304]  INFO -- : [d202cb9a-1cad-4418-84d0-001e97e809e6] Started GET "/rails/active_storage/disk/eyJfcmFpbHMiOnsibWVzc2FnZSI6IkJBaDdDVG9JYTJWNVNTSWhPSFo0Yld0a1ozVnBNMlYwY0RNNE9HczJObkZwYTJkNGNqVXpOZ1k2QmtWVU9oQmthWE53YjNOcGRHbHZia2tpVldsdWJHbHVaVHNnWm1sc1pXNWhiV1U5SW1SdmQyNXNiMkZrSUNVeU9ETWxNamt1Y0c1bklqc2dabWxzWlc1aGJXVXFQVlZVUmkwNEp5ZGtiM2R1Ykc5aFpDVXlNQ1V5T0RNbE1qa3VjRzVuQmpzR1ZEb1JZMjl1ZEdWdWRGOTBlWEJsU1NJT2FXMWhaMlV2Y0c1bkJqc0dWRG9SYzJWeWRtbGpaVjl1WVcxbE9ncHNiMk5oYkE9PSIsImV4cCI6IjIwMjQtMDQtMDhUMTM6MzE6MzguNzUzWiIsInB1ciI6ImJsb2Jfa2V5In19--8f5c0c62cd420af95e1dedb693cdf298a12e444c/download%20(3).png" for 127.0.0.1 at 2024-04-08 18:56:38 +0530
I, [2024-04-08T18:56:38.767039 #29304]  INFO -- : [d202cb9a-1cad-4418-84d0-001e97e809e6] Processing by ActiveStorage::DiskController#show as PNG
I, [2024-04-08T18:56:38.767795 #29304]  INFO -- : [d202cb9a-1cad-4418-84d0-001e97e809e6]   Parameters: {"encoded_key"=>"[FILTERED]", "filename"=>"download (3)"}
I, [2024-04-08T18:56:38.767648 #29304]  INFO -- : [800cb579-352a-4302-9cf4-2ffc8e9a98be] Started GET "/rails/active_storage/disk/eyJfcmFpbHMiOnsibWVzc2FnZSI6IkJBaDdDVG9JYTJWNVNTSWhkVFY2ZFRCa01XWXhaVFE0TUdFNGMzWnllV1JtWVd4dWFtbDZlUVk2QmtWVU9oQmthWE53YjNOcGRHbHZia2tpUldsdWJHbHVaVHNnWm1sc1pXNWhiV1U5SW1SdmQyNXNiMkZrTG1wd1pXY2lPeUJtYVd4bGJtRnRaU285VlZSR0xUZ25KMlJ2ZDI1c2IyRmtMbXB3WldjR093WlVPaEZqYjI1MFpXNTBYM1I1Y0dWSklnOXBiV0ZuWlM5cWNHVm5CanNHVkRvUmMyVnlkbWxqWlY5dVlXMWxPZ3BzYjJOaGJBPT0iLCJleHAiOiIyMDI0LTA0LTA4VDEzOjMxOjM4Ljc1N1oiLCJwdXIiOiJibG9iX2tleSJ9fQ==--234152e3c8854ef7ffb758b8dd96b9f54655fa4a/download.jpeg" for 127.0.0.1 at 2024-04-08 18:56:38 +0530
I, [2024-04-08T18:56:38.771684 #29304]  INFO -- : [800cb579-352a-4302-9cf4-2ffc8e9a98be] Processing by ActiveStorage::DiskController#show as JPEG
I, [2024-04-08T18:56:38.771843 #29304]  INFO -- : [800cb579-352a-4302-9cf4-2ffc8e9a98be]   Parameters: {"encoded_key"=>"[FILTERED]", "filename"=>"download"}
I, [2024-04-08T18:56:38.770448 #29304]  INFO -- : [d202cb9a-1cad-4418-84d0-001e97e809e6] Completed 404 Not Found in 2ms (ActiveRecord: 0.0ms | Allocations: 731)
I, [2024-04-08T18:56:38.774047 #29304]  INFO -- : [800cb579-352a-4302-9cf4-2ffc8e9a98be] Completed 404 Not Found in 2ms (ActiveRecord: 0.0ms | Allocations: 675)
I, [2024-04-08T18:56:43.434646 #29304]  INFO -- : [c6e4f027-4e3e-4502-8835-abfc1e190bf8] Started GET "/" for 127.0.0.1 at 2024-04-08 18:56:43 +0530
I, [2024-04-08T18:56:43.436713 #29304]  INFO -- : [c6e4f027-4e3e-4502-8835-abfc1e190bf8] Processing by LearningsController#index as HTML
I, [2024-04-08T18:56:43.582927 #29304]  INFO -- : [c6e4f027-4e3e-4502-8835-abfc1e190bf8]   Rendered learnings/index.html.erb within layouts/application (Duration: 122.9ms | Allocations: 35015)
I, [2024-04-08T18:56:43.583591 #29304]  INFO -- : [c6e4f027-4e3e-4502-8835-abfc1e190bf8]   Rendered layout layouts/application.html.erb (Duration: 123.6ms | Allocations: 35416)
I, [2024-04-08T18:56:43.584684 #29304]  INFO -- : [c6e4f027-4e3e-4502-8835-abfc1e190bf8] Completed 200 OK in 148ms (Views: 97.9ms | ActiveRecord: 34.8ms | Allocations: 44102)
I, [2024-04-08T18:56:43.602295 #29311]  INFO -- : [267f80fb-62ad-44ce-b1e8-40f91d29eef1] Started GET "/js/bootstrap.min.js" for 127.0.0.1 at 2024-04-08 18:56:43 +0530
I, [2024-04-08T18:56:43.602004 #29304]  INFO -- : [a1502caf-9d4f-47bc-98fd-c8261b378dcd] Started GET "/css/bootstrap.min.css" for 127.0.0.1 at 2024-04-08 18:56:43 +0530
F, [2024-04-08T18:56:43.603103 #29311] FATAL -- : [267f80fb-62ad-44ce-b1e8-40f91d29eef1]   
[267f80fb-62ad-44ce-b1e8-40f91d29eef1] ActionController::RoutingError (No route matches [GET] "/js/bootstrap.min.js"):
[267f80fb-62ad-44ce-b1e8-40f91d29eef1]   
F, [2024-04-08T18:56:43.603780 #29304] FATAL -- : [a1502caf-9d4f-47bc-98fd-c8261b378dcd]   
[a1502caf-9d4f-47bc-98fd-c8261b378dcd] ActionController::RoutingError (No route matches [GET] "/css/bootstrap.min.css"):
[a1502caf-9d4f-47bc-98fd-c8261b378dcd]   
I, [2024-04-08T18:56:43.604393 #29304]  INFO -- : [a7b5f6ef-6f15-4797-84b1-150fb93592c2] Started GET "/js/jquery-3.5.1.min.js" for 127.0.0.1 at 2024-04-08 18:56:43 +0530
F, [2024-04-08T18:56:43.606431 #29304] FATAL -- : [a7b5f6ef-6f15-4797-84b1-150fb93592c2]   
[a7b5f6ef-6f15-4797-84b1-150fb93592c2] ActionController::RoutingError (No route matches [GET] "/js/jquery-3.5.1.min.js"):
[a7b5f6ef-6f15-4797-84b1-150fb93592c2]   
I, [2024-04-08T18:56:43.606723 #29311]  INFO -- : [00a305b6-fdf1-471b-ab2e-fcf8a740ef0b] Started GET "/rails/active_storage/disk/eyJfcmFpbHMiOnsibWVzc2FnZSI6IkJBaDdDVG9JYTJWNVNTSWhabkZxWldjMmRYbG1lbnBzY1hOa01uZDFkMjFuWVhkcWVEaGxaQVk2QmtWVU9oQmthWE53YjNOcGRHbHZia2tpVldsdWJHbHVaVHNnWm1sc1pXNWhiV1U5SW1SdmQyNXNiMkZrSUNVeU9ERWxNamt1Y0c1bklqc2dabWxzWlc1aGJXVXFQVlZVUmkwNEp5ZGtiM2R1Ykc5aFpDVXlNQ1V5T0RFbE1qa3VjRzVuQmpzR1ZEb1JZMjl1ZEdWdWRGOTBlWEJsU1NJT2FXMWhaMlV2Y0c1bkJqc0dWRG9SYzJWeWRtbGpaVjl1WVcxbE9ncHNiMk5oYkE9PSIsImV4cCI6IjIwMjQtMDQtMDhUMTM6MzE6MzguNzMyWiIsInB1ciI6ImJsb2Jfa2V5In19--f6ec0a9c867d7b06cf6468990d5b137131e20ec3/download%20(1).png" for 127.0.0.1 at 2024-04-08 18:56:43 +0530
I, [2024-04-08T18:56:43.606923 #29335]  INFO -- : [0b6c74d5-6248-4699-b284-6e26cfe1ceb5] Started GET "/rails/active_storage/disk/eyJfcmFpbHMiOnsibWVzc2FnZSI6IkJBaDdDVG9JYTJWNVNTSWhkWGh1Wm5RMmNXTjRZbVF6Y0doeGN6Y3hhbWM1T0hCcGNuSXhiZ1k2QmtWVU9oQmthWE53YjNOcGRHbHZia2tpVldsdWJHbHVaVHNnWm1sc1pXNWhiV1U5SW1SdmQyNXNiMkZrSUNVeU9ESWxNamt1Y0c1bklqc2dabWxzWlc1aGJXVXFQVlZVUmkwNEp5ZGtiM2R1Ykc5aFpDVXlNQ1V5T0RJbE1qa3VjRzVuQmpzR1ZEb1JZMjl1ZEdWdWRGOTBlWEJsU1NJT2FXMWhaMlV2Y0c1bkJqc0dWRG9SYzJWeWRtbGpaVjl1WVcxbE9ncHNiMk5oYkE9PSIsImV4cCI6IjIwMjQtMDQtMDhUMTM6MzE6MzguNzI0WiIsInB1ciI6ImJsb2Jfa2V5In19--b01429271516e5849f5b2c43820417a545f4ad57/download%20(2).png" for 127.0.0.1 at 2024-04-08 18:56:43 +0530
I, [2024-04-08T18:56:43.607975 #29311]  INFO -- : [00a305b6-fdf1-471b-ab2e-fcf8a740ef0b] Processing by ActiveStorage::DiskController#show as PNG
I, [2024-04-08T18:56:43.607975 #29335]  INFO -- : [0b6c74d5-6248-4699-b284-6e26cfe1ceb5] Processing by ActiveStorage::DiskController#show as PNG
I, [2024-04-08T18:56:43.608085 #29311]  INFO -- : [00a305b6-fdf1-471b-ab2e-fcf8a740ef0b]   Parameters: {"encoded_key"=>"[FILTERED]", "filename"=>"download (1)"}
I, [2024-04-08T18:56:43.608085 #29335]  INFO -- : [0b6c74d5-6248-4699-b284-6e26cfe1ceb5]   Parameters: {"encoded_key"=>"[FILTERED]", "filename"=>"download (2)"}
I, [2024-04-08T18:56:43.609190 #29311]  INFO -- : [00a305b6-fdf1-471b-ab2e-fcf8a740ef0b] Completed 404 Not Found in 1ms (ActiveRecord: 0.0ms | Allocations: 380)
I, [2024-04-08T18:56:43.609190 #29335]  INFO -- : [0b6c74d5-6248-4699-b284-6e26cfe1ceb5] Completed 404 Not Found in 1ms (ActiveRecord: 0.0ms | Allocations: 380)
I, [2024-04-08T18:56:43.641069 #29304]  INFO -- : [aebd88d5-9f66-43e2-9fe8-3fce0a67c305] Started GET "/rails/active_storage/disk/eyJfcmFpbHMiOnsibWVzc2FnZSI6IkJBaDdDVG9JYTJWNVNTSWhPSFo0Yld0a1ozVnBNMlYwY0RNNE9HczJObkZwYTJkNGNqVXpOZ1k2QmtWVU9oQmthWE53YjNOcGRHbHZia2tpVldsdWJHbHVaVHNnWm1sc1pXNWhiV1U5SW1SdmQyNXNiMkZrSUNVeU9ETWxNamt1Y0c1bklqc2dabWxzWlc1aGJXVXFQVlZVUmkwNEp5ZGtiM2R1Ykc5aFpDVXlNQ1V5T0RNbE1qa3VjRzVuQmpzR1ZEb1JZMjl1ZEdWdWRGOTBlWEJsU1NJT2FXMWhaMlV2Y0c1bkJqc0dWRG9SYzJWeWRtbGpaVjl1WVcxbE9ncHNiMk5oYkE9PSIsImV4cCI6IjIwMjQtMDQtMDhUMTM6MzE6MzguNzUzWiIsInB1ciI6ImJsb2Jfa2V5In19--8f5c0c62cd420af95e1dedb693cdf298a12e444c/download%20(3).png" for 127.0.0.1 at 2024-04-08 18:56:43 +0530
I, [2024-04-08T18:56:43.642095 #29311]  INFO -- : [3de0387d-53ef-4ae6-a962-025d2d5b3ed3] Started GET "/rails/active_storage/disk/eyJfcmFpbHMiOnsibWVzc2FnZSI6IkJBaDdDVG9JYTJWNVNTSWhkVFY2ZFRCa01XWXhaVFE0TUdFNGMzWnllV1JtWVd4dWFtbDZlUVk2QmtWVU9oQmthWE53YjNOcGRHbHZia2tpUldsdWJHbHVaVHNnWm1sc1pXNWhiV1U5SW1SdmQyNXNiMkZrTG1wd1pXY2lPeUJtYVd4bGJtRnRaU285VlZSR0xUZ25KMlJ2ZDI1c2IyRmtMbXB3WldjR093WlVPaEZqYjI1MFpXNTBYM1I1Y0dWSklnOXBiV0ZuWlM5cWNHVm5CanNHVkRvUmMyVnlkbWxqWlY5dVlXMWxPZ3BzYjJOaGJBPT0iLCJleHAiOiIyMDI0LTA0LTA4VDEzOjMxOjM4Ljc1N1oiLCJwdXIiOiJibG9iX2tleSJ9fQ==--234152e3c8854ef7ffb758b8dd96b9f54655fa4a/download.jpeg" for 127.0.0.1 at 2024-04-08 18:56:43 +0530
I, [2024-04-08T18:56:43.643228 #29304]  INFO -- : [aebd88d5-9f66-43e2-9fe8-3fce0a67c305] Processing by ActiveStorage::DiskController#show as PNG
I, [2024-04-08T18:56:43.643232 #29311]  INFO -- : [3de0387d-53ef-4ae6-a962-025d2d5b3ed3] Processing by ActiveStorage::DiskController#show as JPEG
I, [2024-04-08T18:56:43.643353 #29304]  INFO -- : [aebd88d5-9f66-43e2-9fe8-3fce0a67c305]   Parameters: {"encoded_key"=>"[FILTERED]", "filename"=>"download (3)"}
I, [2024-04-08T18:56:43.643359 #29311]  INFO -- : [3de0387d-53ef-4ae6-a962-025d2d5b3ed3]   Parameters: {"encoded_key"=>"[FILTERED]", "filename"=>"download"}
I, [2024-04-08T18:56:43.644155 #29335]  INFO -- : [3e7d4deb-f2f6-4793-84d3-26e0ace58c28] Started GET "/rails/active_storage/disk/eyJfcmFpbHMiOnsibWVzc2FnZSI6IkJBaDdDVG9JYTJWNVNTSWhaR0ZuTVdGaU9YQjBPSFkyZWpnemNtNXNaREp2Y3poeVlURTViZ1k2QmtWVU9oQmthWE53YjNOcGRHbHZia2tpVldsdWJHbHVaVHNnWm1sc1pXNWhiV1U5SW1SdmQyNXNiMkZrSUNVeU9EWWxNamt1Y0c1bklqc2dabWxzWlc1aGJXVXFQVlZVUmkwNEp5ZGtiM2R1Ykc5aFpDVXlNQ1V5T0RZbE1qa3VjRzVuQmpzR1ZEb1JZMjl1ZEdWdWRGOTBlWEJsU1NJT2FXMWhaMlV2Y0c1bkJqc0dWRG9SYzJWeWRtbGpaVjl1WVcxbE9ncHNiMk5oYkE9PSIsImV4cCI6IjIwMjQtMDQtMDhUMTM6MzE6MzguNjAyWiIsInB1ciI6ImJsb2Jfa2V5In19--9d8e1cd68f3b92a05a061bbfba50e1b86412cf44/download%20(6).png" for 127.0.0.1 at 2024-04-08 18:56:43 +0530
I, [2024-04-08T18:56:43.644935 #29311]  INFO -- : [b9903be1-38ca-4ee5-8fe3-dd62a6740c26] Started GET "/rails/active_storage/disk/eyJfcmFpbHMiOnsibWVzc2FnZSI6IkJBaDdDVG9JYTJWNVNTSWhlSGs0TUhRNE5uUTJlV0ZxZDJRMllYTnpaV3hzTURJM05EZzViZ1k2QmtWVU9oQmthWE53YjNOcGRHbHZia2tpVldsdWJHbHVaVHNnWm1sc1pXNWhiV1U5SW1SdmQyNXNiMkZrSUNVeU9EWWxNamt1Y0c1bklqc2dabWxzWlc1aGJXVXFQVlZVUmkwNEp5ZGtiM2R1Ykc5aFpDVXlNQ1V5T0RZbE1qa3VjRzVuQmpzR1ZEb1JZMjl1ZEdWdWRGOTBlWEJsU1NJT2FXMWhaMlV2Y0c1bkJqc0dWRG9SYzJWeWRtbGpaVjl1WVcxbE9ncHNiMk5oYkE9PSIsImV4cCI6IjIwMjQtMDQtMDhUMTM6MzE6MzguNjMxWiIsInB1ciI6ImJsb2Jfa2V5In19--d8ec301d518394d9f7832c5741527f19a801833a/download%20(6).png" for 127.0.0.1 at 2024-04-08 18:56:43 +0530
I, [2024-04-08T18:56:43.645671 #29335]  INFO -- : [3e7d4deb-f2f6-4793-84d3-26e0ace58c28] Processing by ActiveStorage::DiskController#show as PNG
I, [2024-04-08T18:56:43.645777 #29335]  INFO -- : [3e7d4deb-f2f6-4793-84d3-26e0ace58c28]   Parameters: {"encoded_key"=>"[FILTERED]", "filename"=>"download (6)"}
I, [2024-04-08T18:56:43.645835 #29304]  INFO -- : [98f31f06-5a34-433a-a3cd-2182611a85c4] Started GET "/rails/active_storage/disk/eyJfcmFpbHMiOnsibWVzc2FnZSI6IkJBaDdDVG9JYTJWNVNTSWhPVzUxWkRWNE4zZDJjVEExYW1zeGRYRmxZbXR0ZHpkMGRXZDJhd1k2QmtWVU9oQmthWE53YjNOcGRHbHZia2tpUDJsdWJHbHVaVHNnWm1sc1pXNWhiV1U5SW1sdFlXZGxjeTV3Ym1jaU95Qm1hV3hsYm1GdFpTbzlWVlJHTFRnbkoybHRZV2RsY3k1d2JtY0dPd1pVT2hGamIyNTBaVzUwWDNSNWNHVkpJZzVwYldGblpTOXdibWNHT3daVU9oRnpaWEoyYVdObFgyNWhiV1U2Q214dlkyRnMiLCJleHAiOiIyMDI0LTA0LTA4VDEzOjMxOjM4LjczOVoiLCJwdXIiOiJibG9iX2tleSJ9fQ==--d1c172bf7e6a5366265dca40f96469c952ee06d3/images.png" for 127.0.0.1 at 2024-04-08 18:56:43 +0530
I, [2024-04-08T18:56:43.646028 #29311]  INFO -- : [b9903be1-38ca-4ee5-8fe3-dd62a6740c26] Processing by ActiveStorage::DiskController#show as PNG
I, [2024-04-08T18:56:43.646545 #29311]  INFO -- : [b9903be1-38ca-4ee5-8fe3-dd62a6740c26]   Parameters: {"encoded_key"=>"[FILTERED]", "filename"=>"download (6)"}
I, [2024-04-08T18:56:43.647031 #29335]  INFO -- : [3e7d4deb-f2f6-4793-84d3-26e0ace58c28] Completed 404 Not Found in 1ms (ActiveRecord: 0.0ms | Allocations: 376)
I, [2024-04-08T18:56:43.647809 #29311]  INFO -- : [b9903be1-38ca-4ee5-8fe3-dd62a6740c26] Completed 404 Not Found in 1ms (ActiveRecord: 0.0ms | Allocations: 380)
I, [2024-04-08T18:56:43.648248 #29304]  INFO -- : [98f31f06-5a34-433a-a3cd-2182611a85c4] Processing by ActiveStorage::DiskController#show as PNG
I, [2024-04-08T18:56:43.648393 #29304]  INFO -- : [98f31f06-5a34-433a-a3cd-2182611a85c4]   Parameters: {"encoded_key"=>"[FILTERED]", "filename"=>"images"}
I, [2024-04-08T18:56:43.646447 #29311]  INFO -- : [3de0387d-53ef-4ae6-a962-025d2d5b3ed3] Completed 404 Not Found in 3ms (ActiveRecord: 0.0ms | Allocations: 951)
I, [2024-04-08T18:56:43.646262 #29304]  INFO -- : [aebd88d5-9f66-43e2-9fe8-3fce0a67c305] Completed 404 Not Found in 3ms (ActiveRecord: 0.0ms | Allocations: 534)
I, [2024-04-08T18:56:43.649763 #29304]  INFO -- : [98f31f06-5a34-433a-a3cd-2182611a85c4] Completed 404 Not Found in 1ms (ActiveRecord: 0.0ms | Allocations: 379)
I, [2024-04-08T18:56:44.495000 #29304]  INFO -- : [f37ec1f6-45af-4e33-a415-6e451b3b5df3] Started GET "/" for 127.0.0.1 at 2024-04-08 18:56:44 +0530
I, [2024-04-08T18:56:44.496743 #29304]  INFO -- : [f37ec1f6-45af-4e33-a415-6e451b3b5df3] Processing by LearningsController#index as HTML
I, [2024-04-08T18:56:44.555868 #29304]  INFO -- : [f37ec1f6-45af-4e33-a415-6e451b3b5df3]   Rendered learnings/index.html.erb within layouts/application (Duration: 49.2ms | Allocations: 6651)
I, [2024-04-08T18:56:44.556117 #29304]  INFO -- : [f37ec1f6-45af-4e33-a415-6e451b3b5df3]   Rendered layout layouts/application.html.erb (Duration: 49.5ms | Allocations: 6705)
I, [2024-04-08T18:56:44.556359 #29304]  INFO -- : [f37ec1f6-45af-4e33-a415-6e451b3b5df3] Completed 200 OK in 59ms (Views: 41.2ms | ActiveRecord: 10.5ms | Allocations: 7431)
I, [2024-04-08T18:56:44.570326 #29304]  INFO -- : [55ce6cd0-93b6-48dc-a595-2f067c47c395] Started GET "/css/bootstrap.min.css" for 127.0.0.1 at 2024-04-08 18:56:44 +0530
F, [2024-04-08T18:56:44.571683 #29304] FATAL -- : [55ce6cd0-93b6-48dc-a595-2f067c47c395]   
[55ce6cd0-93b6-48dc-a595-2f067c47c395] ActionController::RoutingError (No route matches [GET] "/css/bootstrap.min.css"):
[55ce6cd0-93b6-48dc-a595-2f067c47c395]   
I, [2024-04-08T18:56:44.571767 #29311]  INFO -- : [3abbeae1-df4b-436f-ae5e-9f2a795e3bac] Started GET "/js/bootstrap.min.js" for 127.0.0.1 at 2024-04-08 18:56:44 +0530
F, [2024-04-08T18:56:44.572379 #29311] FATAL -- : [3abbeae1-df4b-436f-ae5e-9f2a795e3bac]   
[3abbeae1-df4b-436f-ae5e-9f2a795e3bac] ActionController::RoutingError (No route matches [GET] "/js/bootstrap.min.js"):
[3abbeae1-df4b-436f-ae5e-9f2a795e3bac]   
I, [2024-04-08T18:56:44.572548 #29304]  INFO -- : [5097d696-cfd8-46de-b850-0a9add5b471e] Started GET "/js/jquery-3.5.1.min.js" for 127.0.0.1 at 2024-04-08 18:56:44 +0530
F, [2024-04-08T18:56:44.573897 #29304] FATAL -- : [5097d696-cfd8-46de-b850-0a9add5b471e]   
[5097d696-cfd8-46de-b850-0a9add5b471e] ActionController::RoutingError (No route matches [GET] "/js/jquery-3.5.1.min.js"):
[5097d696-cfd8-46de-b850-0a9add5b471e]   
I, [2024-04-08T18:56:44.580225 #29304]  INFO -- : [de7a5664-654e-4ea3-a200-0477c20f9e27] Started GET "/rails/active_storage/disk/eyJfcmFpbHMiOnsibWVzc2FnZSI6IkJBaDdDVG9JYTJWNVNTSWhabkZxWldjMmRYbG1lbnBzY1hOa01uZDFkMjFuWVhkcWVEaGxaQVk2QmtWVU9oQmthWE53YjNOcGRHbHZia2tpVldsdWJHbHVaVHNnWm1sc1pXNWhiV1U5SW1SdmQyNXNiMkZrSUNVeU9ERWxNamt1Y0c1bklqc2dabWxzWlc1aGJXVXFQVlZVUmkwNEp5ZGtiM2R1Ykc5aFpDVXlNQ1V5T0RFbE1qa3VjRzVuQmpzR1ZEb1JZMjl1ZEdWdWRGOTBlWEJsU1NJT2FXMWhaMlV2Y0c1bkJqc0dWRG9SYzJWeWRtbGpaVjl1WVcxbE9ncHNiMk5oYkE9PSIsImV4cCI6IjIwMjQtMDQtMDhUMTM6MzE6MzguNzMyWiIsInB1ciI6ImJsb2Jfa2V5In19--f6ec0a9c867d7b06cf6468990d5b137131e20ec3/download%20(1).png" for 127.0.0.1 at 2024-04-08 18:56:44 +0530
I, [2024-04-08T18:56:44.581078 #29304]  INFO -- : [de7a5664-654e-4ea3-a200-0477c20f9e27] Processing by ActiveStorage::DiskController#show as PNG
I, [2024-04-08T18:56:44.583100 #29304]  INFO -- : [de7a5664-654e-4ea3-a200-0477c20f9e27]   Parameters: {"encoded_key"=>"[FILTERED]", "filename"=>"download (1)"}
I, [2024-04-08T18:56:44.583001 #29304]  INFO -- : [2602c92e-b1ee-4ae9-bd32-2be726da327b] Started GET "/rails/active_storage/disk/eyJfcmFpbHMiOnsibWVzc2FnZSI6IkJBaDdDVG9JYTJWNVNTSWhkWGh1Wm5RMmNXTjRZbVF6Y0doeGN6Y3hhbWM1T0hCcGNuSXhiZ1k2QmtWVU9oQmthWE53YjNOcGRHbHZia2tpVldsdWJHbHVaVHNnWm1sc1pXNWhiV1U5SW1SdmQyNXNiMkZrSUNVeU9ESWxNamt1Y0c1bklqc2dabWxzWlc1aGJXVXFQVlZVUmkwNEp5ZGtiM2R1Ykc5aFpDVXlNQ1V5T0RJbE1qa3VjRzVuQmpzR1ZEb1JZMjl1ZEdWdWRGOTBlWEJsU1NJT2FXMWhaMlV2Y0c1bkJqc0dWRG9SYzJWeWRtbGpaVjl1WVcxbE9ncHNiMk5oYkE9PSIsImV4cCI6IjIwMjQtMDQtMDhUMTM6MzE6MzguNzI0WiIsInB1ciI6ImJsb2Jfa2V5In19--b01429271516e5849f5b2c43820417a545f4ad57/download%20(2).png" for 127.0.0.1 at 2024-04-08 18:56:44 +0530
I, [2024-04-08T18:56:44.587046 #29304]  INFO -- : [2602c92e-b1ee-4ae9-bd32-2be726da327b] Processing by ActiveStorage::DiskController#show as PNG
I, [2024-04-08T18:56:44.587176 #29304]  INFO -- : [2602c92e-b1ee-4ae9-bd32-2be726da327b]   Parameters: {"encoded_key"=>"[FILTERED]", "filename"=>"download (2)"}
I, [2024-04-08T18:56:44.584402 #29304]  INFO -- : [de7a5664-654e-4ea3-a200-0477c20f9e27] Completed 404 Not Found in 1ms (ActiveRecord: 0.0ms | Allocations: 381)
I, [2024-04-08T18:56:44.589750 #29304]  INFO -- : [2602c92e-b1ee-4ae9-bd32-2be726da327b] Completed 404 Not Found in 2ms (ActiveRecord: 0.0ms | Allocations: 383)
I, [2024-04-08T18:56:44.605190 #29311]  INFO -- : [04070266-e640-4488-a751-bc9bef6d2002] Started GET "/rails/active_storage/disk/eyJfcmFpbHMiOnsibWVzc2FnZSI6IkJBaDdDVG9JYTJWNVNTSWhaR0ZuTVdGaU9YQjBPSFkyZWpnemNtNXNaREp2Y3poeVlURTViZ1k2QmtWVU9oQmthWE53YjNOcGRHbHZia2tpVldsdWJHbHVaVHNnWm1sc1pXNWhiV1U5SW1SdmQyNXNiMkZrSUNVeU9EWWxNamt1Y0c1bklqc2dabWxzWlc1aGJXVXFQVlZVUmkwNEp5ZGtiM2R1Ykc5aFpDVXlNQ1V5T0RZbE1qa3VjRzVuQmpzR1ZEb1JZMjl1ZEdWdWRGOTBlWEJsU1NJT2FXMWhaMlV2Y0c1bkJqc0dWRG9SYzJWeWRtbGpaVjl1WVcxbE9ncHNiMk5oYkE9PSIsImV4cCI6IjIwMjQtMDQtMDhUMTM6MzE6MzguNjAyWiIsInB1ciI6ImJsb2Jfa2V5In19--9d8e1cd68f3b92a05a061bbfba50e1b86412cf44/download%20(6).png" for 127.0.0.1 at 2024-04-08 18:56:44 +0530
I, [2024-04-08T18:56:44.605565 #29304]  INFO -- : [4dbd13c7-6e07-4047-afdd-cb114a45ff88] Started GET "/rails/active_storage/disk/eyJfcmFpbHMiOnsibWVzc2FnZSI6IkJBaDdDVG9JYTJWNVNTSWhPSFo0Yld0a1ozVnBNMlYwY0RNNE9HczJObkZwYTJkNGNqVXpOZ1k2QmtWVU9oQmthWE53YjNOcGRHbHZia2tpVldsdWJHbHVaVHNnWm1sc1pXNWhiV1U5SW1SdmQyNXNiMkZrSUNVeU9ETWxNamt1Y0c1bklqc2dabWxzWlc1aGJXVXFQVlZVUmkwNEp5ZGtiM2R1Ykc5aFpDVXlNQ1V5T0RNbE1qa3VjRzVuQmpzR1ZEb1JZMjl1ZEdWdWRGOTBlWEJsU1NJT2FXMWhaMlV2Y0c1bkJqc0dWRG9SYzJWeWRtbGpaVjl1WVcxbE9ncHNiMk5oYkE9PSIsImV4cCI6IjIwMjQtMDQtMDhUMTM6MzE6MzguNzUzWiIsInB1ciI6ImJsb2Jfa2V5In19--8f5c0c62cd420af95e1dedb693cdf298a12e444c/download%20(3).png" for 127.0.0.1 at 2024-04-08 18:56:44 +0530
I, [2024-04-08T18:56:44.606360 #29311]  INFO -- : [04070266-e640-4488-a751-bc9bef6d2002] Processing by ActiveStorage::DiskController#show as PNG
I, [2024-04-08T18:56:44.606469 #29311]  INFO -- : [04070266-e640-4488-a751-bc9bef6d2002]   Parameters: {"encoded_key"=>"[FILTERED]", "filename"=>"download (6)"}
I, [2024-04-08T18:56:44.607629 #29335]  INFO -- : [0744c08a-ab94-4301-979c-1aa9a6cd8857] Started GET "/rails/active_storage/disk/eyJfcmFpbHMiOnsibWVzc2FnZSI6IkJBaDdDVG9JYTJWNVNTSWhlSGs0TUhRNE5uUTJlV0ZxZDJRMllYTnpaV3hzTURJM05EZzViZ1k2QmtWVU9oQmthWE53YjNOcGRHbHZia2tpVldsdWJHbHVaVHNnWm1sc1pXNWhiV1U5SW1SdmQyNXNiMkZrSUNVeU9EWWxNamt1Y0c1bklqc2dabWxzWlc1aGJXVXFQVlZVUmkwNEp5ZGtiM2R1Ykc5aFpDVXlNQ1V5T0RZbE1qa3VjRzVuQmpzR1ZEb1JZMjl1ZEdWdWRGOTBlWEJsU1NJT2FXMWhaMlV2Y0c1bkJqc0dWRG9SYzJWeWRtbGpaVjl1WVcxbE9ncHNiMk5oYkE9PSIsImV4cCI6IjIwMjQtMDQtMDhUMTM6MzE6MzguNjMxWiIsInB1ciI6ImJsb2Jfa2V5In19--d8ec301d518394d9f7832c5741527f19a801833a/download%20(6).png" for 127.0.0.1 at 2024-04-08 18:56:44 +0530
I, [2024-04-08T18:56:44.607663 #29311]  INFO -- : [04070266-e640-4488-a751-bc9bef6d2002] Completed 404 Not Found in 1ms (ActiveRecord: 0.0ms | Allocations: 370)
I, [2024-04-08T18:56:44.608428 #29304]  INFO -- : [4dbd13c7-6e07-4047-afdd-cb114a45ff88] Processing by ActiveStorage::DiskController#show as PNG
I, [2024-04-08T18:56:44.608531 #29304]  INFO -- : [4dbd13c7-6e07-4047-afdd-cb114a45ff88]   Parameters: {"encoded_key"=>"[FILTERED]", "filename"=>"download (3)"}
I, [2024-04-08T18:56:44.608686 #29335]  INFO -- : [0744c08a-ab94-4301-979c-1aa9a6cd8857] Processing by ActiveStorage::DiskController#show as PNG
I, [2024-04-08T18:56:44.608770 #29335]  INFO -- : [0744c08a-ab94-4301-979c-1aa9a6cd8857]   Parameters: {"encoded_key"=>"[FILTERED]", "filename"=>"download (6)"}
I, [2024-04-08T18:56:44.609270 #29311]  INFO -- : [5965ef51-20e5-413c-943d-fb51d0ca56b0] Started GET "/rails/active_storage/disk/eyJfcmFpbHMiOnsibWVzc2FnZSI6IkJBaDdDVG9JYTJWNVNTSWhPVzUxWkRWNE4zZDJjVEExYW1zeGRYRmxZbXR0ZHpkMGRXZDJhd1k2QmtWVU9oQmthWE53YjNOcGRHbHZia2tpUDJsdWJHbHVaVHNnWm1sc1pXNWhiV1U5SW1sdFlXZGxjeTV3Ym1jaU95Qm1hV3hsYm1GdFpTbzlWVlJHTFRnbkoybHRZV2RsY3k1d2JtY0dPd1pVT2hGamIyNTBaVzUwWDNSNWNHVkpJZzVwYldGblpTOXdibWNHT3daVU9oRnpaWEoyYVdObFgyNWhiV1U2Q214dlkyRnMiLCJleHAiOiIyMDI0LTA0LTA4VDEzOjMxOjM4LjczOVoiLCJwdXIiOiJibG9iX2tleSJ9fQ==--d1c172bf7e6a5366265dca40f96469c952ee06d3/images.png" for 127.0.0.1 at 2024-04-08 18:56:44 +0530
I, [2024-04-08T18:56:44.609549 #29304]  INFO -- : [4dbd13c7-6e07-4047-afdd-cb114a45ff88] Completed 404 Not Found in 1ms (ActiveRecord: 0.0ms | Allocations: 366)
I, [2024-04-08T18:56:44.609902 #29335]  INFO -- : [0744c08a-ab94-4301-979c-1aa9a6cd8857] Completed 404 Not Found in 1ms (ActiveRecord: 0.0ms | Allocations: 370)
I, [2024-04-08T18:56:44.610308 #29311]  INFO -- : [5965ef51-20e5-413c-943d-fb51d0ca56b0] Processing by ActiveStorage::DiskController#show as PNG
I, [2024-04-08T18:56:44.610397 #29311]  INFO -- : [5965ef51-20e5-413c-943d-fb51d0ca56b0]   Parameters: {"encoded_key"=>"[FILTERED]", "filename"=>"images"}
I, [2024-04-08T18:56:44.611545 #29311]  INFO -- : [5965ef51-20e5-413c-943d-fb51d0ca56b0] Completed 404 Not Found in 1ms (ActiveRecord: 0.0ms | Allocations: 366)
I, [2024-04-08T18:56:44.606117 #29304]  INFO -- : [ede21973-df12-46cd-b46f-39af3be2d2e1] Started GET "/rails/active_storage/disk/eyJfcmFpbHMiOnsibWVzc2FnZSI6IkJBaDdDVG9JYTJWNVNTSWhkVFY2ZFRCa01XWXhaVFE0TUdFNGMzWnllV1JtWVd4dWFtbDZlUVk2QmtWVU9oQmthWE53YjNOcGRHbHZia2tpUldsdWJHbHVaVHNnWm1sc1pXNWhiV1U5SW1SdmQyNXNiMkZrTG1wd1pXY2lPeUJtYVd4bGJtRnRaU285VlZSR0xUZ25KMlJ2ZDI1c2IyRmtMbXB3WldjR093WlVPaEZqYjI1MFpXNTBYM1I1Y0dWSklnOXBiV0ZuWlM5cWNHVm5CanNHVkRvUmMyVnlkbWxqWlY5dVlXMWxPZ3BzYjJOaGJBPT0iLCJleHAiOiIyMDI0LTA0LTA4VDEzOjMxOjM4Ljc1N1oiLCJwdXIiOiJibG9iX2tleSJ9fQ==--234152e3c8854ef7ffb758b8dd96b9f54655fa4a/download.jpeg" for 127.0.0.1 at 2024-04-08 18:56:44 +0530
I, [2024-04-08T18:56:44.643216 #29304]  INFO -- : [ede21973-df12-46cd-b46f-39af3be2d2e1] Processing by ActiveStorage::DiskController#show as JPEG
I, [2024-04-08T18:56:44.643504 #29304]  INFO -- : [ede21973-df12-46cd-b46f-39af3be2d2e1]   Parameters: {"encoded_key"=>"[FILTERED]", "filename"=>"download"}
I, [2024-04-08T18:56:44.645031 #29304]  INFO -- : [ede21973-df12-46cd-b46f-39af3be2d2e1] Completed 404 Not Found in 1ms (ActiveRecord: 0.0ms | Allocations: 366)
I, [2024-04-08T18:56:49.399509 #29304]  INFO -- : [fd38dc74-ffa7-4b5d-b992-cdc0085c7975] Started GET "/" for 127.0.0.1 at 2024-04-08 18:56:49 +0530
I, [2024-04-08T18:56:49.401393 #29304]  INFO -- : [fd38dc74-ffa7-4b5d-b992-cdc0085c7975] Processing by LearningsController#index as HTML
I, [2024-04-08T18:56:49.442554 #29304]  INFO -- : [fd38dc74-ffa7-4b5d-b992-cdc0085c7975]   Rendered learnings/index.html.erb within layouts/application (Duration: 34.4ms | Allocations: 6639)
I, [2024-04-08T18:56:49.442779 #29304]  INFO -- : [fd38dc74-ffa7-4b5d-b992-cdc0085c7975]   Rendered layout layouts/application.html.erb (Duration: 34.7ms | Allocations: 6693)
I, [2024-04-08T18:56:49.443050 #29304]  INFO -- : [fd38dc74-ffa7-4b5d-b992-cdc0085c7975] Completed 200 OK in 41ms (Views: 27.2ms | ActiveRecord: 9.2ms | Allocations: 7394)
I, [2024-04-08T18:56:49.455117 #29304]  INFO -- : [bf6d622c-e902-4ad4-a398-16ebfe432ae8] Started GET "/css/bootstrap.min.css" for 127.0.0.1 at 2024-04-08 18:56:49 +0530
F, [2024-04-08T18:56:49.455751 #29304] FATAL -- : [bf6d622c-e902-4ad4-a398-16ebfe432ae8]   
[bf6d622c-e902-4ad4-a398-16ebfe432ae8] ActionController::RoutingError (No route matches [GET] "/css/bootstrap.min.css"):
[bf6d622c-e902-4ad4-a398-16ebfe432ae8]   
I, [2024-04-08T18:56:49.456448 #29311]  INFO -- : [47d4f430-9934-4b29-9126-eb1841303d82] Started GET "/js/bootstrap.min.js" for 127.0.0.1 at 2024-04-08 18:56:49 +0530
I, [2024-04-08T18:56:49.456574 #29304]  INFO -- : [09343113-09c1-476a-b944-d40a507d56b0] Started GET "/js/jquery-3.5.1.min.js" for 127.0.0.1 at 2024-04-08 18:56:49 +0530
F, [2024-04-08T18:56:49.456999 #29304] FATAL -- : [09343113-09c1-476a-b944-d40a507d56b0]   
[09343113-09c1-476a-b944-d40a507d56b0] ActionController::RoutingError (No route matches [GET] "/js/jquery-3.5.1.min.js"):
[09343113-09c1-476a-b944-d40a507d56b0]   
F, [2024-04-08T18:56:49.457169 #29311] FATAL -- : [47d4f430-9934-4b29-9126-eb1841303d82]   
[47d4f430-9934-4b29-9126-eb1841303d82] ActionController::RoutingError (No route matches [GET] "/js/bootstrap.min.js"):
[47d4f430-9934-4b29-9126-eb1841303d82]   
