I, [2024-04-08T10:10:11.962513 #4069]  INFO -- : [b23022d1-9351-4154-bc19-c525481d9b95] Started GET "/learnings" for 127.0.0.1 at 2024-04-08 10:10:11 +0530
I, [2024-04-08T10:10:11.967307 #4069]  INFO -- : [b23022d1-9351-4154-bc19-c525481d9b95] Processing by LearningsController#index as HTML
I, [2024-04-08T10:10:12.184344 #4069]  INFO -- : [b23022d1-9351-4154-bc19-c525481d9b95]   Rendered learnings/index.html.erb within layouts/application (Duration: 124.5ms | Allocations: 40130)
I, [2024-04-08T10:10:12.185098 #4069]  INFO -- : [b23022d1-9351-4154-bc19-c525481d9b95]   Rendered layout layouts/application.html.erb (Duration: 125.4ms | Allocations: 40534)
I, [2024-04-08T10:10:12.185408 #4069]  INFO -- : [b23022d1-9351-4154-bc19-c525481d9b95] Completed 200 OK in 218ms (Views: 97.5ms | ActiveRecord: 67.9ms | Allocations: 53777)
I, [2024-04-08T10:10:12.213780 #4069]  INFO -- : [b92188c7-19c4-4f7c-a6f2-296c00c527d4] Started GET "/css/bootstrap.min.css" for 127.0.0.1 at 2024-04-08 10:10:12 +0530
F, [2024-04-08T10:10:12.214699 #4069] FATAL -- : [b92188c7-19c4-4f7c-a6f2-296c00c527d4]   
[b92188c7-19c4-4f7c-a6f2-296c00c527d4] ActionController::RoutingError (No route matches [GET] "/css/bootstrap.min.css"):
[b92188c7-19c4-4f7c-a6f2-296c00c527d4]   
I, [2024-04-08T10:10:12.217235 #4075]  INFO -- : [a274a1f1-b6b3-4798-96df-ce5281fc7df2] Started GET "/js/bootstrap.min.js" for 127.0.0.1 at 2024-04-08 10:10:12 +0530
I, [2024-04-08T10:10:12.217234 #4083]  INFO -- : [4f70341d-7bf6-438c-a1fb-f217637a81b5] Started GET "/js/jquery-3.5.1.min.js" for 127.0.0.1 at 2024-04-08 10:10:12 +0530
F, [2024-04-08T10:10:12.218950 #4083] FATAL -- : [4f70341d-7bf6-438c-a1fb-f217637a81b5]   
[4f70341d-7bf6-438c-a1fb-f217637a81b5] ActionController::RoutingError (No route matches [GET] "/js/jquery-3.5.1.min.js"):
[4f70341d-7bf6-438c-a1fb-f217637a81b5]   
F, [2024-04-08T10:10:12.218995 #4075] FATAL -- : [a274a1f1-b6b3-4798-96df-ce5281fc7df2]   
[a274a1f1-b6b3-4798-96df-ce5281fc7df2] ActionController::RoutingError (No route matches [GET] "/js/bootstrap.min.js"):
[a274a1f1-b6b3-4798-96df-ce5281fc7df2]   
I, [2024-04-08T10:10:12.218311 #4100]  INFO -- : [ace2a4d9-de77-42a6-98a2-26eed9b8fe21] Started GET "/rails/active_storage/blobs/redirect/eyJfcmFpbHMiOnsibWVzc2FnZSI6IkJBaHBEUT09IiwiZXhwIjpudWxsLCJwdXIiOiJibG9iX2lkIn19--69de0138c21a35f5bf52ca4afdfee927394607fe/download%20(1).png" for 127.0.0.1 at 2024-04-08 10:10:12 +0530
I, [2024-04-08T10:10:12.219024 #4100]  INFO -- : [bd5937bd-19b3-49e7-8c34-b0847601bf19] Started GET "/rails/active_storage/blobs/redirect/eyJfcmFpbHMiOnsibWVzc2FnZSI6IkJBaHBEZz09IiwiZXhwIjpudWxsLCJwdXIiOiJibG9iX2lkIn19--c263c4f8b2153e29f94b5e53ee0b5f6979038bae/download%20(2).png" for 127.0.0.1 at 2024-04-08 10:10:12 +0530
I, [2024-04-08T10:10:12.224867 #4100]  INFO -- : [bd5937bd-19b3-49e7-8c34-b0847601bf19] Processing by ActiveStorage::Blobs::RedirectController#show as PNG
I, [2024-04-08T10:10:12.223672 #4100]  INFO -- : [ace2a4d9-de77-42a6-98a2-26eed9b8fe21] Processing by ActiveStorage::Blobs::RedirectController#show as PNG
I, [2024-04-08T10:10:12.225107 #4100]  INFO -- : [ace2a4d9-de77-42a6-98a2-26eed9b8fe21]   Parameters: {"signed_id"=>"eyJfcmFpbHMiOnsibWVzc2FnZSI6IkJBaHBEUT09IiwiZXhwIjpudWxsLCJwdXIiOiJibG9iX2lkIn19--69de0138c21a35f5bf52ca4afdfee927394607fe", "filename"=>"download (1)"}
I, [2024-04-08T10:10:12.230452 #4075]  INFO -- : [2d6a0857-beff-4021-87de-11640c3c0e56] Started GET "/rails/active_storage/blobs/redirect/eyJfcmFpbHMiOnsibWVzc2FnZSI6IkJBaHBEdz09IiwiZXhwIjpudWxsLCJwdXIiOiJibG9iX2lkIn19--a2cbb36c9bd36794f91d2c2377874956943f5639/download%20(3).png" for 127.0.0.1 at 2024-04-08 10:10:12 +0530
I, [2024-04-08T10:10:12.230754 #4083]  INFO -- : [33b2b027-6dc7-4977-bcef-cc56c1bf8d6a] Started GET "/rails/active_storage/blobs/redirect/eyJfcmFpbHMiOnsibWVzc2FnZSI6IkJBaHBFQT09IiwiZXhwIjpudWxsLCJwdXIiOiJibG9iX2lkIn19--6ba1caa08538839aaa0799e32ee6ad38e147de74/download.jpeg" for 127.0.0.1 at 2024-04-08 10:10:12 +0530
I, [2024-04-08T10:10:12.233496 #4083]  INFO -- : [33b2b027-6dc7-4977-bcef-cc56c1bf8d6a] Processing by ActiveStorage::Blobs::RedirectController#show as JPEG
I, [2024-04-08T10:10:12.233584 #4083]  INFO -- : [33b2b027-6dc7-4977-bcef-cc56c1bf8d6a]   Parameters: {"signed_id"=>"eyJfcmFpbHMiOnsibWVzc2FnZSI6IkJBaHBFQT09IiwiZXhwIjpudWxsLCJwdXIiOiJibG9iX2lkIn19--6ba1caa08538839aaa0799e32ee6ad38e147de74", "filename"=>"download"}
I, [2024-04-08T10:10:12.233824 #4075]  INFO -- : [2d6a0857-beff-4021-87de-11640c3c0e56] Processing by ActiveStorage::Blobs::RedirectController#show as PNG
I, [2024-04-08T10:10:12.233918 #4075]  INFO -- : [2d6a0857-beff-4021-87de-11640c3c0e56]   Parameters: {"signed_id"=>"eyJfcmFpbHMiOnsibWVzc2FnZSI6IkJBaHBEdz09IiwiZXhwIjpudWxsLCJwdXIiOiJibG9iX2lkIn19--a2cbb36c9bd36794f91d2c2377874956943f5639", "filename"=>"download (3)"}
I, [2024-04-08T10:10:12.224996 #4100]  INFO -- : [bd5937bd-19b3-49e7-8c34-b0847601bf19]   Parameters: {"signed_id"=>"eyJfcmFpbHMiOnsibWVzc2FnZSI6IkJBaHBEZz09IiwiZXhwIjpudWxsLCJwdXIiOiJibG9iX2lkIn19--c263c4f8b2153e29f94b5e53ee0b5f6979038bae", "filename"=>"download (2)"}
I, [2024-04-08T10:10:12.236040 #4069]  INFO -- : [5a2254d1-b64c-4015-a040-9028a05142ba] Started GET "/rails/active_storage/blobs/redirect/eyJfcmFpbHMiOnsibWVzc2FnZSI6IkJBaHBDQT09IiwiZXhwIjpudWxsLCJwdXIiOiJibG9iX2lkIn19--47dbcde3b57fb2fa908cb593f8c7e29b2597868e/download%20(6).png" for 127.0.0.1 at 2024-04-08 10:10:12 +0530
I, [2024-04-08T10:10:12.237291 #4069]  INFO -- : [5a2254d1-b64c-4015-a040-9028a05142ba] Processing by ActiveStorage::Blobs::RedirectController#show as PNG
I, [2024-04-08T10:10:12.237544 #4069]  INFO -- : [5a2254d1-b64c-4015-a040-9028a05142ba]   Parameters: {"signed_id"=>"eyJfcmFpbHMiOnsibWVzc2FnZSI6IkJBaHBDQT09IiwiZXhwIjpudWxsLCJwdXIiOiJibG9iX2lkIn19--47dbcde3b57fb2fa908cb593f8c7e29b2597868e", "filename"=>"download (6)"}
I, [2024-04-08T10:10:12.239719 #4069]  INFO -- : [ccee58ae-cd9a-439e-a772-9894c06bd3ba] Started GET "/rails/active_storage/blobs/redirect/eyJfcmFpbHMiOnsibWVzc2FnZSI6IkJBaHBDUT09IiwiZXhwIjpudWxsLCJwdXIiOiJibG9iX2lkIn19--ff09417cf676aa9442e8fddacf44bee0b9bb0484/images.png" for 127.0.0.1 at 2024-04-08 10:10:12 +0530
I, [2024-04-08T10:10:12.240724 #4069]  INFO -- : [ccee58ae-cd9a-439e-a772-9894c06bd3ba] Processing by ActiveStorage::Blobs::RedirectController#show as PNG
I, [2024-04-08T10:10:12.240824 #4069]  INFO -- : [ccee58ae-cd9a-439e-a772-9894c06bd3ba]   Parameters: {"signed_id"=>"eyJfcmFpbHMiOnsibWVzc2FnZSI6IkJBaHBDUT09IiwiZXhwIjpudWxsLCJwdXIiOiJibG9iX2lkIn19--ff09417cf676aa9442e8fddacf44bee0b9bb0484", "filename"=>"images"}
I, [2024-04-08T10:10:12.244421 #4069]  INFO -- : [5a2254d1-b64c-4015-a040-9028a05142ba] Redirected to http://localhost:3000/rails/active_storage/disk/eyJfcmFpbHMiOnsibWVzc2FnZSI6IkJBaDdDVG9JYTJWNVNTSWhaR0ZuTVdGaU9YQjBPSFkyZWpnemNtNXNaREp2Y3poeVlURTViZ1k2QmtWVU9oQmthWE53YjNOcGRHbHZia2tpVldsdWJHbHVaVHNnWm1sc1pXNWhiV1U5SW1SdmQyNXNiMkZrSUNVeU9EWWxNamt1Y0c1bklqc2dabWxzWlc1aGJXVXFQVlZVUmkwNEp5ZGtiM2R1Ykc5aFpDVXlNQ1V5T0RZbE1qa3VjRzVuQmpzR1ZEb1JZMjl1ZEdWdWRGOTBlWEJsU1NJT2FXMWhaMlV2Y0c1bkJqc0dWRG9SYzJWeWRtbGpaVjl1WVcxbE9ncHNiMk5oYkE9PSIsImV4cCI6IjIwMjQtMDQtMDhUMDQ6NDU6MTIuMjQzWiIsInB1ciI6ImJsb2Jfa2V5In19--926d6e41a3081ada66f59085f055b5e3745d6d8a/download%20(6).png
I, [2024-04-08T10:10:12.244815 #4069]  INFO -- : [5a2254d1-b64c-4015-a040-9028a05142ba] Completed 302 Found in 7ms (ActiveRecord: 2.9ms | Allocations: 2685)
I, [2024-04-08T10:10:12.252066 #4069]  INFO -- : [ba54732f-3570-44d0-ba59-f26e93045384] Started GET "/rails/active_storage/disk/eyJfcmFpbHMiOnsibWVzc2FnZSI6IkJBaDdDVG9JYTJWNVNTSWhaR0ZuTVdGaU9YQjBPSFkyZWpnemNtNXNaREp2Y3poeVlURTViZ1k2QmtWVU9oQmthWE53YjNOcGRHbHZia2tpVldsdWJHbHVaVHNnWm1sc1pXNWhiV1U5SW1SdmQyNXNiMkZrSUNVeU9EWWxNamt1Y0c1bklqc2dabWxzWlc1aGJXVXFQVlZVUmkwNEp5ZGtiM2R1Ykc5aFpDVXlNQ1V5T0RZbE1qa3VjRzVuQmpzR1ZEb1JZMjl1ZEdWdWRGOTBlWEJsU1NJT2FXMWhaMlV2Y0c1bkJqc0dWRG9SYzJWeWRtbGpaVjl1WVcxbE9ncHNiMk5oYkE9PSIsImV4cCI6IjIwMjQtMDQtMDhUMDQ6NDU6MTIuMjQzWiIsInB1ciI6ImJsb2Jfa2V5In19--926d6e41a3081ada66f59085f055b5e3745d6d8a/download%20(6).png" for 127.0.0.1 at 2024-04-08 10:10:12 +0530
I, [2024-04-08T10:10:12.253241 #4069]  INFO -- : [ba54732f-3570-44d0-ba59-f26e93045384] Processing by ActiveStorage::DiskController#show as PNG
I, [2024-04-08T10:10:12.253365 #4069]  INFO -- : [ba54732f-3570-44d0-ba59-f26e93045384]   Parameters: {"encoded_key"=>"[FILTERED]", "filename"=>"download (6)"}
I, [2024-04-08T10:10:12.258137 #4069]  INFO -- : [ba54732f-3570-44d0-ba59-f26e93045384] Completed 404 Not Found in 4ms (ActiveRecord: 0.0ms | Allocations: 631)
I, [2024-04-08T10:10:12.261584 #4069]  INFO -- : [e9570827-c019-4440-abcd-6ba8111848c1] Started GET "/rails/active_storage/blobs/redirect/eyJfcmFpbHMiOnsibWVzc2FnZSI6IkJBaHBFUT09IiwiZXhwIjpudWxsLCJwdXIiOiJibG9iX2lkIn19--4a06355cb739c8df382a872b849f7c3c467396b1/download%20(6).png" for 127.0.0.1 at 2024-04-08 10:10:12 +0530
I, [2024-04-08T10:10:12.262487 #4069]  INFO -- : [e9570827-c019-4440-abcd-6ba8111848c1] Processing by ActiveStorage::Blobs::RedirectController#show as PNG
I, [2024-04-08T10:10:12.262544 #4069]  INFO -- : [e9570827-c019-4440-abcd-6ba8111848c1]   Parameters: {"signed_id"=>"eyJfcmFpbHMiOnsibWVzc2FnZSI6IkJBaHBFUT09IiwiZXhwIjpudWxsLCJwdXIiOiJibG9iX2lkIn19--4a06355cb739c8df382a872b849f7c3c467396b1", "filename"=>"download (6)"}
I, [2024-04-08T10:10:12.264889 #4069]  INFO -- : [e9570827-c019-4440-abcd-6ba8111848c1] Redirected to http://localhost:3000/rails/active_storage/disk/eyJfcmFpbHMiOnsibWVzc2FnZSI6IkJBaDdDVG9JYTJWNVNTSWhlSGs0TUhRNE5uUTJlV0ZxZDJRMllYTnpaV3hzTURJM05EZzViZ1k2QmtWVU9oQmthWE53YjNOcGRHbHZia2tpVldsdWJHbHVaVHNnWm1sc1pXNWhiV1U5SW1SdmQyNXNiMkZrSUNVeU9EWWxNamt1Y0c1bklqc2dabWxzWlc1aGJXVXFQVlZVUmkwNEp5ZGtiM2R1Ykc5aFpDVXlNQ1V5T0RZbE1qa3VjRzVuQmpzR1ZEb1JZMjl1ZEdWdWRGOTBlWEJsU1NJT2FXMWhaMlV2Y0c1bkJqc0dWRG9SYzJWeWRtbGpaVjl1WVcxbE9ncHNiMk5oYkE9PSIsImV4cCI6IjIwMjQtMDQtMDhUMDQ6NDU6MTIuMjY0WiIsInB1ciI6ImJsb2Jfa2V5In19--10b57e2fbd88f6ebe7d5a4667f817d5460489d27/download%20(6).png
I, [2024-04-08T10:10:12.265055 #4069]  INFO -- : [e9570827-c019-4440-abcd-6ba8111848c1] Completed 302 Found in 2ms (ActiveRecord: 0.2ms | Allocations: 699)
I, [2024-04-08T10:10:12.286596 #4069]  INFO -- : [ccee58ae-cd9a-439e-a772-9894c06bd3ba] Redirected to http://localhost:3000/rails/active_storage/disk/eyJfcmFpbHMiOnsibWVzc2FnZSI6IkJBaDdDVG9JYTJWNVNTSWhPVzUxWkRWNE4zZDJjVEExYW1zeGRYRmxZbXR0ZHpkMGRXZDJhd1k2QmtWVU9oQmthWE53YjNOcGRHbHZia2tpUDJsdWJHbHVaVHNnWm1sc1pXNWhiV1U5SW1sdFlXZGxjeTV3Ym1jaU95Qm1hV3hsYm1GdFpTbzlWVlJHTFRnbkoybHRZV2RsY3k1d2JtY0dPd1pVT2hGamIyNTBaVzUwWDNSNWNHVkpJZzVwYldGblpTOXdibWNHT3daVU9oRnpaWEoyYVdObFgyNWhiV1U2Q214dlkyRnMiLCJleHAiOiIyMDI0LTA0LTA4VDA0OjQ1OjEyLjI4NVoiLCJwdXIiOiJibG9iX2tleSJ9fQ==--2bd0241bf4a3d1a3acbde260d094493e24fa7309/images.png
I, [2024-04-08T10:10:12.286803 #4069]  INFO -- : [ccee58ae-cd9a-439e-a772-9894c06bd3ba] Completed 302 Found in 46ms (ActiveRecord: 6.5ms | Allocations: 8622)
I, [2024-04-08T10:10:12.307244 #4100]  INFO -- : [ace2a4d9-de77-42a6-98a2-26eed9b8fe21] Redirected to http://localhost:3000/rails/active_storage/disk/eyJfcmFpbHMiOnsibWVzc2FnZSI6IkJBaDdDVG9JYTJWNVNTSWhabkZxWldjMmRYbG1lbnBzY1hOa01uZDFkMjFuWVhkcWVEaGxaQVk2QmtWVU9oQmthWE53YjNOcGRHbHZia2tpVldsdWJHbHVaVHNnWm1sc1pXNWhiV1U5SW1SdmQyNXNiMkZrSUNVeU9ERWxNamt1Y0c1bklqc2dabWxzWlc1aGJXVXFQVlZVUmkwNEp5ZGtiM2R1Ykc5aFpDVXlNQ1V5T0RFbE1qa3VjRzVuQmpzR1ZEb1JZMjl1ZEdWdWRGOTBlWEJsU1NJT2FXMWhaMlV2Y0c1bkJqc0dWRG9SYzJWeWRtbGpaVjl1WVcxbE9ncHNiMk5oYkE9PSIsImV4cCI6IjIwMjQtMDQtMDhUMDQ6NDU6MTIuMzA1WiIsInB1ciI6ImJsb2Jfa2V5In19--3a3f6f8170be9874c8a2757bf62af89fb1cb2be3/download%20(1).png
I, [2024-04-08T10:10:12.307519 #4100]  INFO -- : [ace2a4d9-de77-42a6-98a2-26eed9b8fe21] Completed 302 Found in 82ms (ActiveRecord: 14.8ms | Allocations: 16380)
I, [2024-04-08T10:10:12.307851 #4075]  INFO -- : [2d6a0857-beff-4021-87de-11640c3c0e56] Redirected to http://localhost:3000/rails/active_storage/disk/eyJfcmFpbHMiOnsibWVzc2FnZSI6IkJBaDdDVG9JYTJWNVNTSWhPSFo0Yld0a1ozVnBNMlYwY0RNNE9HczJObkZwYTJkNGNqVXpOZ1k2QmtWVU9oQmthWE53YjNOcGRHbHZia2tpVldsdWJHbHVaVHNnWm1sc1pXNWhiV1U5SW1SdmQyNXNiMkZrSUNVeU9ETWxNamt1Y0c1bklqc2dabWxzWlc1aGJXVXFQVlZVUmkwNEp5ZGtiM2R1Ykc5aFpDVXlNQ1V5T0RNbE1qa3VjRzVuQmpzR1ZEb1JZMjl1ZEdWdWRGOTBlWEJsU1NJT2FXMWhaMlV2Y0c1bkJqc0dWRG9SYzJWeWRtbGpaVjl1WVcxbE9ncHNiMk5oYkE9PSIsImV4cCI6IjIwMjQtMDQtMDhUMDQ6NDU6MTIuMzA2WiIsInB1ciI6ImJsb2Jfa2V5In19--ec90bc561a62a588be9ba5b533b735bb7bbc4ba4/download%20(3).png
I, [2024-04-08T10:10:12.308132 #4075]  INFO -- : [2d6a0857-beff-4021-87de-11640c3c0e56] Completed 302 Found in 74ms (ActiveRecord: 14.8ms | Allocations: 11920)
I, [2024-04-08T10:10:12.308919 #4100]  INFO -- : [bd5937bd-19b3-49e7-8c34-b0847601bf19] Redirected to http://localhost:3000/rails/active_storage/disk/eyJfcmFpbHMiOnsibWVzc2FnZSI6IkJBaDdDVG9JYTJWNVNTSWhkWGh1Wm5RMmNXTjRZbVF6Y0doeGN6Y3hhbWM1T0hCcGNuSXhiZ1k2QmtWVU9oQmthWE53YjNOcGRHbHZia2tpVldsdWJHbHVaVHNnWm1sc1pXNWhiV1U5SW1SdmQyNXNiMkZrSUNVeU9ESWxNamt1Y0c1bklqc2dabWxzWlc1aGJXVXFQVlZVUmkwNEp5ZGtiM2R1Ykc5aFpDVXlNQ1V5T0RJbE1qa3VjRzVuQmpzR1ZEb1JZMjl1ZEdWdWRGOTBlWEJsU1NJT2FXMWhaMlV2Y0c1bkJqc0dWRG9SYzJWeWRtbGpaVjl1WVcxbE9ncHNiMk5oYkE9PSIsImV4cCI6IjIwMjQtMDQtMDhUMDQ6NDU6MTIuMzA4WiIsInB1ciI6ImJsb2Jfa2V5In19--f0f3882d5a49dfb251ed98c0d9cab925812a62e1/download%20(2).png
I, [2024-04-08T10:10:12.309772 #4100]  INFO -- : [bd5937bd-19b3-49e7-8c34-b0847601bf19] Completed 302 Found in 76ms (ActiveRecord: 26.3ms | Allocations: 15986)
I, [2024-04-08T10:10:12.311178 #4083]  INFO -- : [33b2b027-6dc7-4977-bcef-cc56c1bf8d6a] Redirected to http://localhost:3000/rails/active_storage/disk/eyJfcmFpbHMiOnsibWVzc2FnZSI6IkJBaDdDVG9JYTJWNVNTSWhkVFY2ZFRCa01XWXhaVFE0TUdFNGMzWnllV1JtWVd4dWFtbDZlUVk2QmtWVU9oQmthWE53YjNOcGRHbHZia2tpUldsdWJHbHVaVHNnWm1sc1pXNWhiV1U5SW1SdmQyNXNiMkZrTG1wd1pXY2lPeUJtYVd4bGJtRnRaU285VlZSR0xUZ25KMlJ2ZDI1c2IyRmtMbXB3WldjR093WlVPaEZqYjI1MFpXNTBYM1I1Y0dWSklnOXBiV0ZuWlM5cWNHVm5CanNHVkRvUmMyVnlkbWxqWlY5dVlXMWxPZ3BzYjJOaGJBPT0iLCJleHAiOiIyMDI0LTA0LTA4VDA0OjQ1OjEyLjMwOVoiLCJwdXIiOiJibG9iX2tleSJ9fQ==--b6f2e3cd83e80d04749ae74898411801d32d91f2/download.jpeg
I, [2024-04-08T10:10:12.311464 #4083]  INFO -- : [33b2b027-6dc7-4977-bcef-cc56c1bf8d6a] Completed 302 Found in 78ms (ActiveRecord: 14.8ms | Allocations: 11875)
I, [2024-04-08T10:10:12.315561 #4083]  INFO -- : [dfb76940-e4c9-4abf-9969-237512f8f23d] Started GET "/rails/active_storage/disk/eyJfcmFpbHMiOnsibWVzc2FnZSI6IkJBaDdDVG9JYTJWNVNTSWhlSGs0TUhRNE5uUTJlV0ZxZDJRMllYTnpaV3hzTURJM05EZzViZ1k2QmtWVU9oQmthWE53YjNOcGRHbHZia2tpVldsdWJHbHVaVHNnWm1sc1pXNWhiV1U5SW1SdmQyNXNiMkZrSUNVeU9EWWxNamt1Y0c1bklqc2dabWxzWlc1aGJXVXFQVlZVUmkwNEp5ZGtiM2R1Ykc5aFpDVXlNQ1V5T0RZbE1qa3VjRzVuQmpzR1ZEb1JZMjl1ZEdWdWRGOTBlWEJsU1NJT2FXMWhaMlV2Y0c1bkJqc0dWRG9SYzJWeWRtbGpaVjl1WVcxbE9ncHNiMk5oYkE9PSIsImV4cCI6IjIwMjQtMDQtMDhUMDQ6NDU6MTIuMjY0WiIsInB1ciI6ImJsb2Jfa2V5In19--10b57e2fbd88f6ebe7d5a4667f817d5460489d27/download%20(6).png" for 127.0.0.1 at 2024-04-08 10:10:12 +0530
I, [2024-04-08T10:10:12.316140 #4100]  INFO -- : [aacec65a-8894-4573-873d-ff791efe5739] Started GET "/rails/active_storage/disk/eyJfcmFpbHMiOnsibWVzc2FnZSI6IkJBaDdDVG9JYTJWNVNTSWhPVzUxWkRWNE4zZDJjVEExYW1zeGRYRmxZbXR0ZHpkMGRXZDJhd1k2QmtWVU9oQmthWE53YjNOcGRHbHZia2tpUDJsdWJHbHVaVHNnWm1sc1pXNWhiV1U5SW1sdFlXZGxjeTV3Ym1jaU95Qm1hV3hsYm1GdFpTbzlWVlJHTFRnbkoybHRZV2RsY3k1d2JtY0dPd1pVT2hGamIyNTBaVzUwWDNSNWNHVkpJZzVwYldGblpTOXdibWNHT3daVU9oRnpaWEoyYVdObFgyNWhiV1U2Q214dlkyRnMiLCJleHAiOiIyMDI0LTA0LTA4VDA0OjQ1OjEyLjI4NVoiLCJwdXIiOiJibG9iX2tleSJ9fQ==--2bd0241bf4a3d1a3acbde260d094493e24fa7309/images.png" for 127.0.0.1 at 2024-04-08 10:10:12 +0530
I, [2024-04-08T10:10:12.316619 #4083]  INFO -- : [dfb76940-e4c9-4abf-9969-237512f8f23d] Processing by ActiveStorage::DiskController#show as PNG
I, [2024-04-08T10:10:12.316643 #4075]  INFO -- : [516e4989-213c-4efe-8d36-20fb008763fa] Started GET "/rails/active_storage/disk/eyJfcmFpbHMiOnsibWVzc2FnZSI6IkJBaDdDVG9JYTJWNVNTSWhkWGh1Wm5RMmNXTjRZbVF6Y0doeGN6Y3hhbWM1T0hCcGNuSXhiZ1k2QmtWVU9oQmthWE53YjNOcGRHbHZia2tpVldsdWJHbHVaVHNnWm1sc1pXNWhiV1U5SW1SdmQyNXNiMkZrSUNVeU9ESWxNamt1Y0c1bklqc2dabWxzWlc1aGJXVXFQVlZVUmkwNEp5ZGtiM2R1Ykc5aFpDVXlNQ1V5T0RJbE1qa3VjRzVuQmpzR1ZEb1JZMjl1ZEdWdWRGOTBlWEJsU1NJT2FXMWhaMlV2Y0c1bkJqc0dWRG9SYzJWeWRtbGpaVjl1WVcxbE9ncHNiMk5oYkE9PSIsImV4cCI6IjIwMjQtMDQtMDhUMDQ6NDU6MTIuMzA4WiIsInB1ciI6ImJsb2Jfa2V5In19--f0f3882d5a49dfb251ed98c0d9cab925812a62e1/download%20(2).png" for 127.0.0.1 at 2024-04-08 10:10:12 +0530
I, [2024-04-08T10:10:12.316692 #4083]  INFO -- : [dfb76940-e4c9-4abf-9969-237512f8f23d]   Parameters: {"encoded_key"=>"[FILTERED]", "filename"=>"download (6)"}
I, [2024-04-08T10:10:12.316706 #4069]  INFO -- : [f711c6fa-dded-4a78-92bf-8ab0e0ad7a75] Started GET "/rails/active_storage/disk/eyJfcmFpbHMiOnsibWVzc2FnZSI6IkJBaDdDVG9JYTJWNVNTSWhkVFY2ZFRCa01XWXhaVFE0TUdFNGMzWnllV1JtWVd4dWFtbDZlUVk2QmtWVU9oQmthWE53YjNOcGRHbHZia2tpUldsdWJHbHVaVHNnWm1sc1pXNWhiV1U5SW1SdmQyNXNiMkZrTG1wd1pXY2lPeUJtYVd4bGJtRnRaU285VlZSR0xUZ25KMlJ2ZDI1c2IyRmtMbXB3WldjR093WlVPaEZqYjI1MFpXNTBYM1I1Y0dWSklnOXBiV0ZuWlM5cWNHVm5CanNHVkRvUmMyVnlkbWxqWlY5dVlXMWxPZ3BzYjJOaGJBPT0iLCJleHAiOiIyMDI0LTA0LTA4VDA0OjQ1OjEyLjMwOVoiLCJwdXIiOiJibG9iX2tleSJ9fQ==--b6f2e3cd83e80d04749ae74898411801d32d91f2/download.jpeg" for 127.0.0.1 at 2024-04-08 10:10:12 +0530
I, [2024-04-08T10:10:12.316713 #4100]  INFO -- : [a52e50b3-c9c7-485f-9828-619d09ef4089] Started GET "/rails/active_storage/disk/eyJfcmFpbHMiOnsibWVzc2FnZSI6IkJBaDdDVG9JYTJWNVNTSWhPSFo0Yld0a1ozVnBNMlYwY0RNNE9HczJObkZwYTJkNGNqVXpOZ1k2QmtWVU9oQmthWE53YjNOcGRHbHZia2tpVldsdWJHbHVaVHNnWm1sc1pXNWhiV1U5SW1SdmQyNXNiMkZrSUNVeU9ETWxNamt1Y0c1bklqc2dabWxzWlc1aGJXVXFQVlZVUmkwNEp5ZGtiM2R1Ykc5aFpDVXlNQ1V5T0RNbE1qa3VjRzVuQmpzR1ZEb1JZMjl1ZEdWdWRGOTBlWEJsU1NJT2FXMWhaMlV2Y0c1bkJqc0dWRG9SYzJWeWRtbGpaVjl1WVcxbE9ncHNiMk5oYkE9PSIsImV4cCI6IjIwMjQtMDQtMDhUMDQ6NDU6MTIuMzA2WiIsInB1ciI6ImJsb2Jfa2V5In19--ec90bc561a62a588be9ba5b533b735bb7bbc4ba4/download%20(3).png" for 127.0.0.1 at 2024-04-08 10:10:12 +0530
I, [2024-04-08T10:10:12.317720 #4075]  INFO -- : [516e4989-213c-4efe-8d36-20fb008763fa] Processing by ActiveStorage::DiskController#show as PNG
I, [2024-04-08T10:10:12.317798 #4075]  INFO -- : [516e4989-213c-4efe-8d36-20fb008763fa]   Parameters: {"encoded_key"=>"[FILTERED]", "filename"=>"download (2)"}
I, [2024-04-08T10:10:12.318012 #4069]  INFO -- : [f711c6fa-dded-4a78-92bf-8ab0e0ad7a75] Processing by ActiveStorage::DiskController#show as JPEG
I, [2024-04-08T10:10:12.318096 #4069]  INFO -- : [f711c6fa-dded-4a78-92bf-8ab0e0ad7a75]   Parameters: {"encoded_key"=>"[FILTERED]", "filename"=>"download"}
I, [2024-04-08T10:10:12.318582 #4083]  INFO -- : [dfb76940-e4c9-4abf-9969-237512f8f23d] Completed 404 Not Found in 2ms (ActiveRecord: 0.0ms | Allocations: 621)
I, [2024-04-08T10:10:12.318887 #4100]  INFO -- : [a52e50b3-c9c7-485f-9828-619d09ef4089] Processing by ActiveStorage::DiskController#show as PNG
I, [2024-04-08T10:10:12.319007 #4100]  INFO -- : [a52e50b3-c9c7-485f-9828-619d09ef4089]   Parameters: {"encoded_key"=>"[FILTERED]", "filename"=>"download (3)"}
I, [2024-04-08T10:10:12.319016 #4069]  INFO -- : [f711c6fa-dded-4a78-92bf-8ab0e0ad7a75] Completed 404 Not Found in 1ms (ActiveRecord: 0.0ms | Allocations: 269)
I, [2024-04-08T10:10:12.317835 #4100]  INFO -- : [aacec65a-8894-4573-873d-ff791efe5739] Processing by ActiveStorage::DiskController#show as PNG
I, [2024-04-08T10:10:12.317156 #4069]  INFO -- : [8aaea424-e485-46d3-a7c8-fa45f4c7f279] Started GET "/rails/active_storage/disk/eyJfcmFpbHMiOnsibWVzc2FnZSI6IkJBaDdDVG9JYTJWNVNTSWhabkZxWldjMmRYbG1lbnBzY1hOa01uZDFkMjFuWVhkcWVEaGxaQVk2QmtWVU9oQmthWE53YjNOcGRHbHZia2tpVldsdWJHbHVaVHNnWm1sc1pXNWhiV1U5SW1SdmQyNXNiMkZrSUNVeU9ERWxNamt1Y0c1bklqc2dabWxzWlc1aGJXVXFQVlZVUmkwNEp5ZGtiM2R1Ykc5aFpDVXlNQ1V5T0RFbE1qa3VjRzVuQmpzR1ZEb1JZMjl1ZEdWdWRGOTBlWEJsU1NJT2FXMWhaMlV2Y0c1bkJqc0dWRG9SYzJWeWRtbGpaVjl1WVcxbE9ncHNiMk5oYkE9PSIsImV4cCI6IjIwMjQtMDQtMDhUMDQ6NDU6MTIuMzA1WiIsInB1ciI6ImJsb2Jfa2V5In19--3a3f6f8170be9874c8a2757bf62af89fb1cb2be3/download%20(1).png" for 127.0.0.1 at 2024-04-08 10:10:12 +0530
I, [2024-04-08T10:10:12.319847 #4100]  INFO -- : [aacec65a-8894-4573-873d-ff791efe5739]   Parameters: {"encoded_key"=>"[FILTERED]", "filename"=>"images"}
I, [2024-04-08T10:10:12.319847 #4075]  INFO -- : [516e4989-213c-4efe-8d36-20fb008763fa] Completed 404 Not Found in 2ms (ActiveRecord: 0.0ms | Allocations: 621)
I, [2024-04-08T10:10:12.321016 #4069]  INFO -- : [8aaea424-e485-46d3-a7c8-fa45f4c7f279] Processing by ActiveStorage::DiskController#show as PNG
I, [2024-04-08T10:10:12.321118 #4069]  INFO -- : [8aaea424-e485-46d3-a7c8-fa45f4c7f279]   Parameters: {"encoded_key"=>"[FILTERED]", "filename"=>"download (1)"}
I, [2024-04-08T10:10:12.321941 #4100]  INFO -- : [aacec65a-8894-4573-873d-ff791efe5739] Completed 404 Not Found in 2ms (ActiveRecord: 0.0ms | Allocations: 580)
I, [2024-04-08T10:10:12.322181 #4069]  INFO -- : [8aaea424-e485-46d3-a7c8-fa45f4c7f279] Completed 404 Not Found in 1ms (ActiveRecord: 0.0ms | Allocations: 269)
I, [2024-04-08T10:10:12.322267 #4100]  INFO -- : [a52e50b3-c9c7-485f-9828-619d09ef4089] Completed 404 Not Found in 3ms (ActiveRecord: 0.0ms | Allocations: 937)
I, [2024-04-08T10:10:22.004740 #4083]  INFO -- : [9314b233-4830-49dc-875e-4a9d04210e0a] Started GET "/pdf" for 127.0.0.1 at 2024-04-08 10:10:22 +0530
I, [2024-04-08T10:10:22.007094 #4083]  INFO -- : [9314b233-4830-49dc-875e-4a9d04210e0a] Processing by LearningsController#pdf as HTML
I, [2024-04-08T10:10:22.035560 #4083]  INFO -- : [9314b233-4830-49dc-875e-4a9d04210e0a]   Rendered learnings/pdf.html.erb within layouts/application (Duration: 7.2ms | Allocations: 2262)
I, [2024-04-08T10:10:22.036213 #4083]  INFO -- : [9314b233-4830-49dc-875e-4a9d04210e0a]   Rendered layout layouts/application.html.erb (Duration: 8.0ms | Allocations: 2663)
I, [2024-04-08T10:10:22.036495 #4083]  INFO -- : [9314b233-4830-49dc-875e-4a9d04210e0a] Completed 200 OK in 29ms (Views: 10.8ms | ActiveRecord: 5.8ms | Allocations: 9785)
I, [2024-04-08T10:10:22.052437 #4083]  INFO -- : [e71b1121-a1fd-4520-b8bb-bf013fa460c4] Started GET "/css/bootstrap.min.css" for 127.0.0.1 at 2024-04-08 10:10:22 +0530
F, [2024-04-08T10:10:22.053198 #4083] FATAL -- : [e71b1121-a1fd-4520-b8bb-bf013fa460c4]   
[e71b1121-a1fd-4520-b8bb-bf013fa460c4] ActionController::RoutingError (No route matches [GET] "/css/bootstrap.min.css"):
[e71b1121-a1fd-4520-b8bb-bf013fa460c4]   
I, [2024-04-08T10:10:22.057817 #4069]  INFO -- : [173c2778-6961-4610-9140-cb67e347974e] Started GET "/js/jquery-3.5.1.min.js" for 127.0.0.1 at 2024-04-08 10:10:22 +0530
I, [2024-04-08T10:10:22.057847 #4100]  INFO -- : [b54295ae-19ae-47ee-8918-d5404a066f55] Started GET "/js/bootstrap.min.js" for 127.0.0.1 at 2024-04-08 10:10:22 +0530
F, [2024-04-08T10:10:22.058366 #4069] FATAL -- : [173c2778-6961-4610-9140-cb67e347974e]   
[173c2778-6961-4610-9140-cb67e347974e] ActionController::RoutingError (No route matches [GET] "/js/jquery-3.5.1.min.js"):
[173c2778-6961-4610-9140-cb67e347974e]   
F, [2024-04-08T10:10:22.058711 #4100] FATAL -- : [b54295ae-19ae-47ee-8918-d5404a066f55]   
[b54295ae-19ae-47ee-8918-d5404a066f55] ActionController::RoutingError (No route matches [GET] "/js/bootstrap.min.js"):
[b54295ae-19ae-47ee-8918-d5404a066f55]   
I, [2024-04-08T10:20:54.621010 #4069]  INFO -- : [72cdb52b-c5c5-4700-b763-ce0f3bd16bb1] Started GET "/css/bootstrap.min.css" for 127.0.0.1 at 2024-04-08 10:20:54 +0530
F, [2024-04-08T10:20:54.622080 #4069] FATAL -- : [72cdb52b-c5c5-4700-b763-ce0f3bd16bb1]   
[72cdb52b-c5c5-4700-b763-ce0f3bd16bb1] ActionController::RoutingError (No route matches [GET] "/css/bootstrap.min.css"):
[72cdb52b-c5c5-4700-b763-ce0f3bd16bb1]   
I, [2024-04-08T10:20:54.622642 #4075]  INFO -- : [2d15d9e2-2711-4722-8efc-b452ed214fd0] Started GET "/js/bootstrap.min.js" for 127.0.0.1 at 2024-04-08 10:20:54 +0530
F, [2024-04-08T10:20:54.623330 #4075] FATAL -- : [2d15d9e2-2711-4722-8efc-b452ed214fd0]   
[2d15d9e2-2711-4722-8efc-b452ed214fd0] ActionController::RoutingError (No route matches [GET] "/js/bootstrap.min.js"):
[2d15d9e2-2711-4722-8efc-b452ed214fd0]   
I, [2024-04-08T10:21:00.108293 #4075]  INFO -- : [b8c12a9e-b3d7-4dc6-9e97-59916f9898f6] Started GET "/pdf" for 127.0.0.1 at 2024-04-08 10:21:00 +0530
I, [2024-04-08T10:21:00.111318 #4075]  INFO -- : [b8c12a9e-b3d7-4dc6-9e97-59916f9898f6] Processing by LearningsController#pdf as HTML
I, [2024-04-08T10:21:00.177380 #4075]  INFO -- : [b8c12a9e-b3d7-4dc6-9e97-59916f9898f6]   Rendered learnings/pdf.html.erb within layouts/application (Duration: 4.8ms | Allocations: 2247)
I, [2024-04-08T10:21:00.178422 #4075]  INFO -- : [b8c12a9e-b3d7-4dc6-9e97-59916f9898f6]   Rendered layout layouts/application.html.erb (Duration: 5.9ms | Allocations: 2648)
I, [2024-04-08T10:21:00.178954 #4075]  INFO -- : [b8c12a9e-b3d7-4dc6-9e97-59916f9898f6] Completed 200 OK in 67ms (Views: 8.2ms | ActiveRecord: 13.1ms | Allocations: 14086)
I, [2024-04-08T10:21:00.191400 #4075]  INFO -- : [466dc931-9d2d-4a3d-8ed4-b401beca37f4] Started GET "/css/bootstrap.min.css" for 127.0.0.1 at 2024-04-08 10:21:00 +0530
F, [2024-04-08T10:21:00.192189 #4075] FATAL -- : [466dc931-9d2d-4a3d-8ed4-b401beca37f4]   
[466dc931-9d2d-4a3d-8ed4-b401beca37f4] ActionController::RoutingError (No route matches [GET] "/css/bootstrap.min.css"):
[466dc931-9d2d-4a3d-8ed4-b401beca37f4]   
I, [2024-04-08T10:21:00.192703 #4069]  INFO -- : [d2751341-e2c9-4d24-b9d9-aec1d1e45348] Started GET "/js/jquery-3.5.1.min.js" for 127.0.0.1 at 2024-04-08 10:21:00 +0530
F, [2024-04-08T10:21:00.193576 #4069] FATAL -- : [d2751341-e2c9-4d24-b9d9-aec1d1e45348]   
[d2751341-e2c9-4d24-b9d9-aec1d1e45348] ActionController::RoutingError (No route matches [GET] "/js/jquery-3.5.1.min.js"):
[d2751341-e2c9-4d24-b9d9-aec1d1e45348]   
I, [2024-04-08T10:21:00.194867 #4100]  INFO -- : [7d21d7a2-c7c9-48dc-8fcf-d69da9f021c9] Started GET "/js/bootstrap.min.js" for 127.0.0.1 at 2024-04-08 10:21:00 +0530
F, [2024-04-08T10:21:00.195558 #4100] FATAL -- : [7d21d7a2-c7c9-48dc-8fcf-d69da9f021c9]   
[7d21d7a2-c7c9-48dc-8fcf-d69da9f021c9] ActionController::RoutingError (No route matches [GET] "/js/bootstrap.min.js"):
[7d21d7a2-c7c9-48dc-8fcf-d69da9f021c9]   
I, [2024-04-08T10:21:16.405236 #4100]  INFO -- : [421913f3-1fd9-42b4-853b-61a45f892783] Started POST "/registration" for 127.0.0.1 at 2024-04-08 10:21:16 +0530
I, [2024-04-08T10:21:16.406337 #4100]  INFO -- : [421913f3-1fd9-42b4-853b-61a45f892783] Processing by RegistrationController#create as HTML
I, [2024-04-08T10:21:16.406450 #4100]  INFO -- : [421913f3-1fd9-42b4-853b-61a45f892783]   Parameters: {"authenticity_token"=>"[FILTERED]", "registration"=>{"your_name"=>"shivani", "email"=>"shivanisolanki@navgurukul.org", "phone_number"=>"34579235", "company_name"=>"", "college_name"=>""}, "button"=>""}
I, [2024-04-08T10:21:16.457998 #4100]  INFO -- : [421913f3-1fd9-42b4-853b-61a45f892783]   Rendered send_mailer/send_email.html.erb within layouts/mailer (Duration: 0.7ms | Allocations: 177)
I, [2024-04-08T10:21:16.458445 #4100]  INFO -- : [421913f3-1fd9-42b4-853b-61a45f892783]   Rendered layout layouts/mailer.html.erb (Duration: 1.2ms | Allocations: 334)
I, [2024-04-08T10:21:20.920057 #4100]  INFO -- : [421913f3-1fd9-42b4-853b-61a45f892783] Delivered mail 661377c470331_10042e3389c6eb1c17648@pixoatic-ThinkPad-E480.mail (4460.7ms)
I, [2024-04-08T10:21:20.935943 #4100]  INFO -- : [421913f3-1fd9-42b4-853b-61a45f892783] No template found for RegistrationController#create, rendering head :no_content
I, [2024-04-08T10:21:20.936659 #4100]  INFO -- : [421913f3-1fd9-42b4-853b-61a45f892783] Completed 204 No Content in 4530ms (ActiveRecord: 14.8ms | Allocations: 17053)
I, [2024-04-08T10:21:31.596430 #4100]  INFO -- : [4bc6a0ba-2d6d-4263-8bbe-53f7ff8cbbea] Started POST "/registration" for 127.0.0.1 at 2024-04-08 10:21:31 +0530
I, [2024-04-08T10:21:31.598116 #4100]  INFO -- : [4bc6a0ba-2d6d-4263-8bbe-53f7ff8cbbea] Processing by RegistrationController#create as HTML
I, [2024-04-08T10:21:31.598316 #4100]  INFO -- : [4bc6a0ba-2d6d-4263-8bbe-53f7ff8cbbea]   Parameters: {"authenticity_token"=>"[FILTERED]", "registration"=>{"your_name"=>"shivani", "email"=>"shivanisolanki@navgurukul.org", "phone_number"=>"34579235", "company_name"=>"pixoatic", "college_name"=>"bhdjhbd"}, "button"=>""}
I, [2024-04-08T10:21:31.605831 #4100]  INFO -- : [4bc6a0ba-2d6d-4263-8bbe-53f7ff8cbbea]   Rendered send_mailer/send_email.html.erb within layouts/mailer (Duration: 0.1ms | Allocations: 10)
I, [2024-04-08T10:21:31.605972 #4100]  INFO -- : [4bc6a0ba-2d6d-4263-8bbe-53f7ff8cbbea]   Rendered layout layouts/mailer.html.erb (Duration: 0.2ms | Allocations: 52)
I, [2024-04-08T10:21:35.118486 #4100]  INFO -- : [4bc6a0ba-2d6d-4263-8bbe-53f7ff8cbbea] Delivered mail 661377d3942af_10042e3389c6ee50177f2@pixoatic-ThinkPad-E480.mail (3511.8ms)
I, [2024-04-08T10:21:35.119808 #4100]  INFO -- : [4bc6a0ba-2d6d-4263-8bbe-53f7ff8cbbea] No template found for RegistrationController#create, rendering head :no_content
I, [2024-04-08T10:21:35.120362 #4100]  INFO -- : [4bc6a0ba-2d6d-4263-8bbe-53f7ff8cbbea] Completed 204 No Content in 3522ms (ActiveRecord: 2.1ms | Allocations: 3664)
I, [2024-04-08T10:21:37.154723 #4100]  INFO -- : [ad3b39b5-d700-4e7d-9812-210adf6c6c42] Started POST "/registration" for 127.0.0.1 at 2024-04-08 10:21:37 +0530
I, [2024-04-08T10:21:37.155605 #4100]  INFO -- : [ad3b39b5-d700-4e7d-9812-210adf6c6c42] Processing by RegistrationController#create as HTML
I, [2024-04-08T10:21:37.155704 #4100]  INFO -- : [ad3b39b5-d700-4e7d-9812-210adf6c6c42]   Parameters: {"authenticity_token"=>"[FILTERED]", "registration"=>{"your_name"=>"shivani", "email"=>"shivanisolanki@navgurukul.org", "phone_number"=>"34579235", "company_name"=>"pixoatic", "college_name"=>"bhdjhbd"}, "button"=>""}
I, [2024-04-08T10:21:37.163341 #4100]  INFO -- : [ad3b39b5-d700-4e7d-9812-210adf6c6c42]   Rendered send_mailer/send_email.html.erb within layouts/mailer (Duration: 0.1ms | Allocations: 10)
I, [2024-04-08T10:21:37.163498 #4100]  INFO -- : [ad3b39b5-d700-4e7d-9812-210adf6c6c42]   Rendered layout layouts/mailer.html.erb (Duration: 0.3ms | Allocations: 52)
I, [2024-04-08T10:21:40.624646 #4100]  INFO -- : [ad3b39b5-d700-4e7d-9812-210adf6c6c42] Delivered mail 661377d928208_10042e3389c6ed24178ea@pixoatic-ThinkPad-E480.mail (3460.5ms)
I, [2024-04-08T10:21:40.625485 #4100]  INFO -- : [ad3b39b5-d700-4e7d-9812-210adf6c6c42] No template found for RegistrationController#create, rendering head :no_content
I, [2024-04-08T10:21:40.625966 #4100]  INFO -- : [ad3b39b5-d700-4e7d-9812-210adf6c6c42] Completed 204 No Content in 3470ms (ActiveRecord: 2.6ms | Allocations: 3676)
I, [2024-04-08T10:21:53.578336 #4100]  INFO -- : [31257369-d318-4dc0-a5a2-f7c3911c910b] Started GET "/pdf" for 127.0.0.1 at 2024-04-08 10:21:53 +0530
I, [2024-04-08T10:21:53.580413 #4100]  INFO -- : [31257369-d318-4dc0-a5a2-f7c3911c910b] Processing by LearningsController#pdf as HTML
I, [2024-04-08T10:21:53.599006 #4100]  INFO -- : [31257369-d318-4dc0-a5a2-f7c3911c910b]   Rendered learnings/pdf.html.erb within layouts/application (Duration: 7.8ms | Allocations: 2223)
I, [2024-04-08T10:21:53.600087 #4100]  INFO -- : [31257369-d318-4dc0-a5a2-f7c3911c910b]   Rendered layout layouts/application.html.erb (Duration: 9.0ms | Allocations: 2616)
I, [2024-04-08T10:21:53.600567 #4100]  INFO -- : [31257369-d318-4dc0-a5a2-f7c3911c910b] Completed 200 OK in 20ms (Views: 12.5ms | ActiveRecord: 0.6ms | Allocations: 4381)
I, [2024-04-08T10:21:53.617010 #4100]  INFO -- : [0c679143-7a4b-4f9d-ad41-6ea1151007bd] Started GET "/css/bootstrap.min.css" for 127.0.0.1 at 2024-04-08 10:21:53 +0530
F, [2024-04-08T10:21:53.617764 #4100] FATAL -- : [0c679143-7a4b-4f9d-ad41-6ea1151007bd]   
[0c679143-7a4b-4f9d-ad41-6ea1151007bd] ActionController::RoutingError (No route matches [GET] "/css/bootstrap.min.css"):
[0c679143-7a4b-4f9d-ad41-6ea1151007bd]   
I, [2024-04-08T10:21:53.619138 #4100]  INFO -- : [e70b4a10-55f3-48fd-9bb6-887ddd4cc27a] Started GET "/js/jquery-3.5.1.min.js" for 127.0.0.1 at 2024-04-08 10:21:53 +0530
I, [2024-04-08T10:21:53.619138 #4075]  INFO -- : [10910492-c596-4860-a480-eb6d8b07aa88] Started GET "/js/bootstrap.min.js" for 127.0.0.1 at 2024-04-08 10:21:53 +0530
F, [2024-04-08T10:21:53.619634 #4075] FATAL -- : [10910492-c596-4860-a480-eb6d8b07aa88]   
[10910492-c596-4860-a480-eb6d8b07aa88] ActionController::RoutingError (No route matches [GET] "/js/bootstrap.min.js"):
[10910492-c596-4860-a480-eb6d8b07aa88]   
F, [2024-04-08T10:21:53.619766 #4100] FATAL -- : [e70b4a10-55f3-48fd-9bb6-887ddd4cc27a]   
[e70b4a10-55f3-48fd-9bb6-887ddd4cc27a] ActionController::RoutingError (No route matches [GET] "/js/jquery-3.5.1.min.js"):
[e70b4a10-55f3-48fd-9bb6-887ddd4cc27a]   
I, [2024-04-08T10:21:58.800693 #4100]  INFO -- : [a59fb875-caea-4799-a95a-dced1a1096ab] Started POST "/registration" for 127.0.0.1 at 2024-04-08 10:21:58 +0530
I, [2024-04-08T10:21:58.801933 #4100]  INFO -- : [a59fb875-caea-4799-a95a-dced1a1096ab] Processing by RegistrationController#create as HTML
I, [2024-04-08T10:21:58.802108 #4100]  INFO -- : [a59fb875-caea-4799-a95a-dced1a1096ab]   Parameters: {"authenticity_token"=>"[FILTERED]", "registration"=>{"your_name"=>"", "email"=>"", "phone_number"=>"", "company_name"=>"", "college_name"=>""}, "button"=>""}
I, [2024-04-08T10:21:58.810600 #4100]  INFO -- : [a59fb875-caea-4799-a95a-dced1a1096ab]   Rendered registration/index.html.erb within layouts/application (Duration: 2.2ms | Allocations: 587)
I, [2024-04-08T10:21:58.810703 #4100]  INFO -- : [a59fb875-caea-4799-a95a-dced1a1096ab]   Rendered layout layouts/application.html.erb (Duration: 2.4ms | Allocations: 622)
I, [2024-04-08T10:21:58.810884 #4100]  INFO -- : [a59fb875-caea-4799-a95a-dced1a1096ab] Completed 500 Internal Server Error in 9ms (ActiveRecord: 0.5ms | Allocations: 2274)
F, [2024-04-08T10:21:58.811648 #4100] FATAL -- : [a59fb875-caea-4799-a95a-dced1a1096ab]   
[a59fb875-caea-4799-a95a-dced1a1096ab] ActionView::Template::Error (First argument in form cannot contain nil or be empty):
[a59fb875-caea-4799-a95a-dced1a1096ab]     1: <<!-- div class="background-container" id="particles-js">
[a59fb875-caea-4799-a95a-dced1a1096ab]     2:  <%= form_for @registration, url: registration_index_url(@registration) do |f| %>
[a59fb875-caea-4799-a95a-dced1a1096ab]     3:     <div class="count-particles">
[a59fb875-caea-4799-a95a-dced1a1096ab]     4:       <div class="form-box" style="background-color: white;">
[a59fb875-caea-4799-a95a-dced1a1096ab]     5:         <div class="form-row">
[a59fb875-caea-4799-a95a-dced1a1096ab]   
[a59fb875-caea-4799-a95a-dced1a1096ab] app/views/registration/index.html.erb:2
[a59fb875-caea-4799-a95a-dced1a1096ab] app/controllers/registration_controller.rb:24:in `create'
I, [2024-04-08T10:21:58.830383 #4100]  INFO -- : [f09b9dc9-2393-4990-8613-276cb92897d4] Started GET "/favicon.ico" for 127.0.0.1 at 2024-04-08 10:21:58 +0530
F, [2024-04-08T10:21:58.831182 #4100] FATAL -- : [f09b9dc9-2393-4990-8613-276cb92897d4]   
[f09b9dc9-2393-4990-8613-276cb92897d4] ActionController::RoutingError (No route matches [GET] "/favicon.ico"):
[f09b9dc9-2393-4990-8613-276cb92897d4]   
I, [2024-04-08T10:23:44.563381 #4083]  INFO -- : [c61f9ae4-53b7-490d-8672-fba61af6ba88] Started GET "/learnings" for 127.0.0.1 at 2024-04-08 10:23:44 +0530
I, [2024-04-08T10:23:44.565039 #4083]  INFO -- : [c61f9ae4-53b7-490d-8672-fba61af6ba88] Processing by LearningsController#index as HTML
I, [2024-04-08T10:23:44.731808 #4083]  INFO -- : [c61f9ae4-53b7-490d-8672-fba61af6ba88]   Rendered learnings/index.html.erb within layouts/application (Duration: 130.2ms | Allocations: 34765)
I, [2024-04-08T10:23:44.732015 #4083]  INFO -- : [c61f9ae4-53b7-490d-8672-fba61af6ba88]   Rendered layout layouts/application.html.erb (Duration: 130.5ms | Allocations: 34820)
I, [2024-04-08T10:23:44.732245 #4083]  INFO -- : [c61f9ae4-53b7-490d-8672-fba61af6ba88] Completed 200 OK in 167ms (Views: 98.6ms | ActiveRecord: 38.4ms | Allocations: 40038)
I, [2024-04-08T10:23:44.758511 #4083]  INFO -- : [a3132f31-6edf-4b57-b619-efac5867b0c8] Started GET "/css/bootstrap.min.css" for 127.0.0.1 at 2024-04-08 10:23:44 +0530
F, [2024-04-08T10:23:44.759419 #4083] FATAL -- : [a3132f31-6edf-4b57-b619-efac5867b0c8]   
[a3132f31-6edf-4b57-b619-efac5867b0c8] ActionController::RoutingError (No route matches [GET] "/css/bootstrap.min.css"):
[a3132f31-6edf-4b57-b619-efac5867b0c8]   
I, [2024-04-08T10:23:44.762324 #4069]  INFO -- : [fa282738-70ed-4b75-9b83-95ff5957d3e0] Started GET "/js/jquery-3.5.1.min.js" for 127.0.0.1 at 2024-04-08 10:23:44 +0530
I, [2024-04-08T10:23:44.762817 #4075]  INFO -- : [28417f3a-84ab-45cc-b520-395c6a8e076d] Started GET "/js/bootstrap.min.js" for 127.0.0.1 at 2024-04-08 10:23:44 +0530
F, [2024-04-08T10:23:44.763084 #4069] FATAL -- : [fa282738-70ed-4b75-9b83-95ff5957d3e0]   
[fa282738-70ed-4b75-9b83-95ff5957d3e0] ActionController::RoutingError (No route matches [GET] "/js/jquery-3.5.1.min.js"):
[fa282738-70ed-4b75-9b83-95ff5957d3e0]   
I, [2024-04-08T10:23:44.763186 #4083]  INFO -- : [0f92b501-bb97-4f97-af94-2d53c8bf324d] Started GET "/rails/active_storage/blobs/redirect/eyJfcmFpbHMiOnsibWVzc2FnZSI6IkJBaHBEUT09IiwiZXhwIjpudWxsLCJwdXIiOiJibG9iX2lkIn19--69de0138c21a35f5bf52ca4afdfee927394607fe/download%20(1).png" for 127.0.0.1 at 2024-04-08 10:23:44 +0530
F, [2024-04-08T10:23:44.763476 #4075] FATAL -- : [28417f3a-84ab-45cc-b520-395c6a8e076d]   
[28417f3a-84ab-45cc-b520-395c6a8e076d] ActionController::RoutingError (No route matches [GET] "/js/bootstrap.min.js"):
[28417f3a-84ab-45cc-b520-395c6a8e076d]   
I, [2024-04-08T10:23:44.764796 #4083]  INFO -- : [0f92b501-bb97-4f97-af94-2d53c8bf324d] Processing by ActiveStorage::Blobs::RedirectController#show as PNG
I, [2024-04-08T10:23:44.764960 #4083]  INFO -- : [0f92b501-bb97-4f97-af94-2d53c8bf324d]   Parameters: {"signed_id"=>"eyJfcmFpbHMiOnsibWVzc2FnZSI6IkJBaHBEUT09IiwiZXhwIjpudWxsLCJwdXIiOiJibG9iX2lkIn19--69de0138c21a35f5bf52ca4afdfee927394607fe", "filename"=>"download (1)"}
I, [2024-04-08T10:23:44.769162 #4083]  INFO -- : [0f92b501-bb97-4f97-af94-2d53c8bf324d] Redirected to http://localhost:3000/rails/active_storage/disk/eyJfcmFpbHMiOnsibWVzc2FnZSI6IkJBaDdDVG9JYTJWNVNTSWhabkZxWldjMmRYbG1lbnBzY1hOa01uZDFkMjFuWVhkcWVEaGxaQVk2QmtWVU9oQmthWE53YjNOcGRHbHZia2tpVldsdWJHbHVaVHNnWm1sc1pXNWhiV1U5SW1SdmQyNXNiMkZrSUNVeU9ERWxNamt1Y0c1bklqc2dabWxzWlc1aGJXVXFQVlZVUmkwNEp5ZGtiM2R1Ykc5aFpDVXlNQ1V5T0RFbE1qa3VjRzVuQmpzR1ZEb1JZMjl1ZEdWdWRGOTBlWEJsU1NJT2FXMWhaMlV2Y0c1bkJqc0dWRG9SYzJWeWRtbGpaVjl1WVcxbE9ncHNiMk5oYkE9PSIsImV4cCI6IjIwMjQtMDQtMDhUMDQ6NTg6NDQuNzY4WiIsInB1ciI6ImJsb2Jfa2V5In19--933101179037ed6dcac07c18e9e25529e9dbab2f/download%20(1).png
I, [2024-04-08T10:23:44.769235 #4075]  INFO -- : [869277a1-5499-4d7e-ba1e-40be77f28971] Started GET "/rails/active_storage/blobs/redirect/eyJfcmFpbHMiOnsibWVzc2FnZSI6IkJBaHBEZz09IiwiZXhwIjpudWxsLCJwdXIiOiJibG9iX2lkIn19--c263c4f8b2153e29f94b5e53ee0b5f6979038bae/download%20(2).png" for 127.0.0.1 at 2024-04-08 10:23:44 +0530
I, [2024-04-08T10:23:44.769505 #4083]  INFO -- : [0f92b501-bb97-4f97-af94-2d53c8bf324d] Completed 302 Found in 4ms (ActiveRecord: 0.5ms | Allocations: 805)
I, [2024-04-08T10:23:44.770676 #4075]  INFO -- : [869277a1-5499-4d7e-ba1e-40be77f28971] Processing by ActiveStorage::Blobs::RedirectController#show as PNG
I, [2024-04-08T10:23:44.770846 #4075]  INFO -- : [869277a1-5499-4d7e-ba1e-40be77f28971]   Parameters: {"signed_id"=>"eyJfcmFpbHMiOnsibWVzc2FnZSI6IkJBaHBEZz09IiwiZXhwIjpudWxsLCJwdXIiOiJibG9iX2lkIn19--c263c4f8b2153e29f94b5e53ee0b5f6979038bae", "filename"=>"download (2)"}
I, [2024-04-08T10:23:44.775859 #4075]  INFO -- : [869277a1-5499-4d7e-ba1e-40be77f28971] Redirected to http://localhost:3000/rails/active_storage/disk/eyJfcmFpbHMiOnsibWVzc2FnZSI6IkJBaDdDVG9JYTJWNVNTSWhkWGh1Wm5RMmNXTjRZbVF6Y0doeGN6Y3hhbWM1T0hCcGNuSXhiZ1k2QmtWVU9oQmthWE53YjNOcGRHbHZia2tpVldsdWJHbHVaVHNnWm1sc1pXNWhiV1U5SW1SdmQyNXNiMkZrSUNVeU9ESWxNamt1Y0c1bklqc2dabWxzWlc1aGJXVXFQVlZVUmkwNEp5ZGtiM2R1Ykc5aFpDVXlNQ1V5T0RJbE1qa3VjRzVuQmpzR1ZEb1JZMjl1ZEdWdWRGOTBlWEJsU1NJT2FXMWhaMlV2Y0c1bkJqc0dWRG9SYzJWeWRtbGpaVjl1WVcxbE9ncHNiMk5oYkE9PSIsImV4cCI6IjIwMjQtMDQtMDhUMDQ6NTg6NDQuNzc1WiIsInB1ciI6ImJsb2Jfa2V5In19--571c4e57e29936dc287cee8bd43cef4c118867ce/download%20(2).png
I, [2024-04-08T10:23:44.775878 #4083]  INFO -- : [8f858950-20f0-47a8-82a5-adfbce1c5f28] Started GET "/rails/active_storage/disk/eyJfcmFpbHMiOnsibWVzc2FnZSI6IkJBaDdDVG9JYTJWNVNTSWhabkZxWldjMmRYbG1lbnBzY1hOa01uZDFkMjFuWVhkcWVEaGxaQVk2QmtWVU9oQmthWE53YjNOcGRHbHZia2tpVldsdWJHbHVaVHNnWm1sc1pXNWhiV1U5SW1SdmQyNXNiMkZrSUNVeU9ERWxNamt1Y0c1bklqc2dabWxzWlc1aGJXVXFQVlZVUmkwNEp5ZGtiM2R1Ykc5aFpDVXlNQ1V5T0RFbE1qa3VjRzVuQmpzR1ZEb1JZMjl1ZEdWdWRGOTBlWEJsU1NJT2FXMWhaMlV2Y0c1bkJqc0dWRG9SYzJWeWRtbGpaVjl1WVcxbE9ncHNiMk5oYkE9PSIsImV4cCI6IjIwMjQtMDQtMDhUMDQ6NTg6NDQuNzY4WiIsInB1ciI6ImJsb2Jfa2V5In19--933101179037ed6dcac07c18e9e25529e9dbab2f/download%20(1).png" for 127.0.0.1 at 2024-04-08 10:23:44 +0530
I, [2024-04-08T10:23:44.776108 #4075]  INFO -- : [869277a1-5499-4d7e-ba1e-40be77f28971] Completed 302 Found in 5ms (ActiveRecord: 0.8ms | Allocations: 825)
I, [2024-04-08T10:23:44.776932 #4083]  INFO -- : [8f858950-20f0-47a8-82a5-adfbce1c5f28] Processing by ActiveStorage::DiskController#show as PNG
I, [2024-04-08T10:23:44.777039 #4083]  INFO -- : [8f858950-20f0-47a8-82a5-adfbce1c5f28]   Parameters: {"encoded_key"=>"[FILTERED]", "filename"=>"download (1)"}
I, [2024-04-08T10:23:44.778398 #4083]  INFO -- : [8f858950-20f0-47a8-82a5-adfbce1c5f28] Completed 404 Not Found in 1ms (ActiveRecord: 0.0ms | Allocations: 368)
I, [2024-04-08T10:23:44.780376 #4075]  INFO -- : [aff7d08e-bb7d-46ed-9139-7bd7dc230dd5] Started GET "/rails/active_storage/blobs/redirect/eyJfcmFpbHMiOnsibWVzc2FnZSI6IkJBaHBEdz09IiwiZXhwIjpudWxsLCJwdXIiOiJibG9iX2lkIn19--a2cbb36c9bd36794f91d2c2377874956943f5639/download%20(3).png" for 127.0.0.1 at 2024-04-08 10:23:44 +0530
I, [2024-04-08T10:23:44.781860 #4075]  INFO -- : [aff7d08e-bb7d-46ed-9139-7bd7dc230dd5] Processing by ActiveStorage::Blobs::RedirectController#show as PNG
I, [2024-04-08T10:23:44.782022 #4075]  INFO -- : [aff7d08e-bb7d-46ed-9139-7bd7dc230dd5]   Parameters: {"signed_id"=>"eyJfcmFpbHMiOnsibWVzc2FnZSI6IkJBaHBEdz09IiwiZXhwIjpudWxsLCJwdXIiOiJibG9iX2lkIn19--a2cbb36c9bd36794f91d2c2377874956943f5639", "filename"=>"download (3)"}
I, [2024-04-08T10:23:44.785877 #4075]  INFO -- : [aff7d08e-bb7d-46ed-9139-7bd7dc230dd5] Redirected to http://localhost:3000/rails/active_storage/disk/eyJfcmFpbHMiOnsibWVzc2FnZSI6IkJBaDdDVG9JYTJWNVNTSWhPSFo0Yld0a1ozVnBNMlYwY0RNNE9HczJObkZwYTJkNGNqVXpOZ1k2QmtWVU9oQmthWE53YjNOcGRHbHZia2tpVldsdWJHbHVaVHNnWm1sc1pXNWhiV1U5SW1SdmQyNXNiMkZrSUNVeU9ETWxNamt1Y0c1bklqc2dabWxzWlc1aGJXVXFQVlZVUmkwNEp5ZGtiM2R1Ykc5aFpDVXlNQ1V5T0RNbE1qa3VjRzVuQmpzR1ZEb1JZMjl1ZEdWdWRGOTBlWEJsU1NJT2FXMWhaMlV2Y0c1bkJqc0dWRG9SYzJWeWRtbGpaVjl1WVcxbE9ncHNiMk5oYkE9PSIsImV4cCI6IjIwMjQtMDQtMDhUMDQ6NTg6NDQuNzg0WiIsInB1ciI6ImJsb2Jfa2V5In19--6ea3f4493f3055d6243313dcdd5f4cb241eef354/download%20(3).png
I, [2024-04-08T10:23:44.786928 #4075]  INFO -- : [aff7d08e-bb7d-46ed-9139-7bd7dc230dd5] Completed 302 Found in 5ms (ActiveRecord: 0.5ms | Allocations: 944)
I, [2024-04-08T10:23:44.786625 #4075]  INFO -- : [742348f2-3130-4ccc-a049-b7d5036b2120] Started GET "/rails/active_storage/blobs/redirect/eyJfcmFpbHMiOnsibWVzc2FnZSI6IkJBaHBFQT09IiwiZXhwIjpudWxsLCJwdXIiOiJibG9iX2lkIn19--6ba1caa08538839aaa0799e32ee6ad38e147de74/download.jpeg" for 127.0.0.1 at 2024-04-08 10:23:44 +0530
I, [2024-04-08T10:23:44.789119 #4075]  INFO -- : [742348f2-3130-4ccc-a049-b7d5036b2120] Processing by ActiveStorage::Blobs::RedirectController#show as JPEG
I, [2024-04-08T10:23:44.789303 #4075]  INFO -- : [742348f2-3130-4ccc-a049-b7d5036b2120]   Parameters: {"signed_id"=>"eyJfcmFpbHMiOnsibWVzc2FnZSI6IkJBaHBFQT09IiwiZXhwIjpudWxsLCJwdXIiOiJibG9iX2lkIn19--6ba1caa08538839aaa0799e32ee6ad38e147de74", "filename"=>"download"}
I, [2024-04-08T10:23:44.793937 #4069]  INFO -- : [6150f978-7f35-454e-9172-1462981c05b3] Started GET "/rails/active_storage/blobs/redirect/eyJfcmFpbHMiOnsibWVzc2FnZSI6IkJBaHBDUT09IiwiZXhwIjpudWxsLCJwdXIiOiJibG9iX2lkIn19--ff09417cf676aa9442e8fddacf44bee0b9bb0484/images.png" for 127.0.0.1 at 2024-04-08 10:23:44 +0530
I, [2024-04-08T10:23:44.793892 #4083]  INFO -- : [75bfc4ec-b903-4170-a1f4-63555997bed1] Started GET "/rails/active_storage/blobs/redirect/eyJfcmFpbHMiOnsibWVzc2FnZSI6IkJBaHBDQT09IiwiZXhwIjpudWxsLCJwdXIiOiJibG9iX2lkIn19--47dbcde3b57fb2fa908cb593f8c7e29b2597868e/download%20(6).png" for 127.0.0.1 at 2024-04-08 10:23:44 +0530
I, [2024-04-08T10:23:44.794978 #4075]  INFO -- : [ea87debc-4914-445d-b1c6-5ccffe133675] Started GET "/rails/active_storage/blobs/redirect/eyJfcmFpbHMiOnsibWVzc2FnZSI6IkJBaHBFUT09IiwiZXhwIjpudWxsLCJwdXIiOiJibG9iX2lkIn19--4a06355cb739c8df382a872b849f7c3c467396b1/download%20(6).png" for 127.0.0.1 at 2024-04-08 10:23:44 +0530
I, [2024-04-08T10:23:44.795158 #4083]  INFO -- : [75bfc4ec-b903-4170-a1f4-63555997bed1] Processing by ActiveStorage::Blobs::RedirectController#show as PNG
I, [2024-04-08T10:23:44.795182 #4069]  INFO -- : [6150f978-7f35-454e-9172-1462981c05b3] Processing by ActiveStorage::Blobs::RedirectController#show as PNG
I, [2024-04-08T10:23:44.795265 #4083]  INFO -- : [75bfc4ec-b903-4170-a1f4-63555997bed1]   Parameters: {"signed_id"=>"eyJfcmFpbHMiOnsibWVzc2FnZSI6IkJBaHBDQT09IiwiZXhwIjpudWxsLCJwdXIiOiJibG9iX2lkIn19--47dbcde3b57fb2fa908cb593f8c7e29b2597868e", "filename"=>"download (6)"}
I, [2024-04-08T10:23:44.795297 #4069]  INFO -- : [6150f978-7f35-454e-9172-1462981c05b3]   Parameters: {"signed_id"=>"eyJfcmFpbHMiOnsibWVzc2FnZSI6IkJBaHBDUT09IiwiZXhwIjpudWxsLCJwdXIiOiJibG9iX2lkIn19--ff09417cf676aa9442e8fddacf44bee0b9bb0484", "filename"=>"images"}
I, [2024-04-08T10:23:44.796149 #4075]  INFO -- : [ea87debc-4914-445d-b1c6-5ccffe133675] Processing by ActiveStorage::Blobs::RedirectController#show as PNG
I, [2024-04-08T10:23:44.796267 #4075]  INFO -- : [ea87debc-4914-445d-b1c6-5ccffe133675]   Parameters: {"signed_id"=>"eyJfcmFpbHMiOnsibWVzc2FnZSI6IkJBaHBFUT09IiwiZXhwIjpudWxsLCJwdXIiOiJibG9iX2lkIn19--4a06355cb739c8df382a872b849f7c3c467396b1", "filename"=>"download (6)"}
I, [2024-04-08T10:23:44.798568 #4083]  INFO -- : [75bfc4ec-b903-4170-a1f4-63555997bed1] Redirected to http://localhost:3000/rails/active_storage/disk/eyJfcmFpbHMiOnsibWVzc2FnZSI6IkJBaDdDVG9JYTJWNVNTSWhaR0ZuTVdGaU9YQjBPSFkyZWpnemNtNXNaREp2Y3poeVlURTViZ1k2QmtWVU9oQmthWE53YjNOcGRHbHZia2tpVldsdWJHbHVaVHNnWm1sc1pXNWhiV1U5SW1SdmQyNXNiMkZrSUNVeU9EWWxNamt1Y0c1bklqc2dabWxzWlc1aGJXVXFQVlZVUmkwNEp5ZGtiM2R1Ykc5aFpDVXlNQ1V5T0RZbE1qa3VjRzVuQmpzR1ZEb1JZMjl1ZEdWdWRGOTBlWEJsU1NJT2FXMWhaMlV2Y0c1bkJqc0dWRG9SYzJWeWRtbGpaVjl1WVcxbE9ncHNiMk5oYkE9PSIsImV4cCI6IjIwMjQtMDQtMDhUMDQ6NTg6NDQuNzk3WiIsInB1ciI6ImJsb2Jfa2V5In19--9a7f8fbadd1cdec9b6ad1d3c7cc8854c31dc2955/download%20(6).png
I, [2024-04-08T10:23:44.798945 #4083]  INFO -- : [75bfc4ec-b903-4170-a1f4-63555997bed1] Completed 302 Found in 4ms (ActiveRecord: 0.4ms | Allocations: 796)
I, [2024-04-08T10:23:44.800359 #4075]  INFO -- : [ea87debc-4914-445d-b1c6-5ccffe133675] Redirected to http://localhost:3000/rails/active_storage/disk/eyJfcmFpbHMiOnsibWVzc2FnZSI6IkJBaDdDVG9JYTJWNVNTSWhlSGs0TUhRNE5uUTJlV0ZxZDJRMllYTnpaV3hzTURJM05EZzViZ1k2QmtWVU9oQmthWE53YjNOcGRHbHZia2tpVldsdWJHbHVaVHNnWm1sc1pXNWhiV1U5SW1SdmQyNXNiMkZrSUNVeU9EWWxNamt1Y0c1bklqc2dabWxzWlc1aGJXVXFQVlZVUmkwNEp5ZGtiM2R1Ykc5aFpDVXlNQ1V5T0RZbE1qa3VjRzVuQmpzR1ZEb1JZMjl1ZEdWdWRGOTBlWEJsU1NJT2FXMWhaMlV2Y0c1bkJqc0dWRG9SYzJWeWRtbGpaVjl1WVcxbE9ncHNiMk5oYkE9PSIsImV4cCI6IjIwMjQtMDQtMDhUMDQ6NTg6NDQuNzk5WiIsInB1ciI6ImJsb2Jfa2V5In19--0ee646736b42ff1a82cff03226d4059b0aac1944/download%20(6).png
I, [2024-04-08T10:23:44.800925 #4075]  INFO -- : [ea87debc-4914-445d-b1c6-5ccffe133675] Completed 302 Found in 4ms (ActiveRecord: 0.8ms | Allocations: 817)
I, [2024-04-08T10:23:44.803744 #4069]  INFO -- : [d83b8c7b-1142-464b-9b8e-09c7ac752b4d] Started GET "/rails/active_storage/disk/eyJfcmFpbHMiOnsibWVzc2FnZSI6IkJBaDdDVG9JYTJWNVNTSWhkWGh1Wm5RMmNXTjRZbVF6Y0doeGN6Y3hhbWM1T0hCcGNuSXhiZ1k2QmtWVU9oQmthWE53YjNOcGRHbHZia2tpVldsdWJHbHVaVHNnWm1sc1pXNWhiV1U5SW1SdmQyNXNiMkZrSUNVeU9ESWxNamt1Y0c1bklqc2dabWxzWlc1aGJXVXFQVlZVUmkwNEp5ZGtiM2R1Ykc5aFpDVXlNQ1V5T0RJbE1qa3VjRzVuQmpzR1ZEb1JZMjl1ZEdWdWRGOTBlWEJsU1NJT2FXMWhaMlV2Y0c1bkJqc0dWRG9SYzJWeWRtbGpaVjl1WVcxbE9ncHNiMk5oYkE9PSIsImV4cCI6IjIwMjQtMDQtMDhUMDQ6NTg6NDQuNzc1WiIsInB1ciI6ImJsb2Jfa2V5In19--571c4e57e29936dc287cee8bd43cef4c118867ce/download%20(2).png" for 127.0.0.1 at 2024-04-08 10:23:44 +0530
I, [2024-04-08T10:23:44.804069 #4100]  INFO -- : [f6daacfb-37a7-4b1f-ad3b-718fc77f1d42] Started GET "/rails/active_storage/disk/eyJfcmFpbHMiOnsibWVzc2FnZSI6IkJBaDdDVG9JYTJWNVNTSWhPSFo0Yld0a1ozVnBNMlYwY0RNNE9HczJObkZwYTJkNGNqVXpOZ1k2QmtWVU9oQmthWE53YjNOcGRHbHZia2tpVldsdWJHbHVaVHNnWm1sc1pXNWhiV1U5SW1SdmQyNXNiMkZrSUNVeU9ETWxNamt1Y0c1bklqc2dabWxzWlc1aGJXVXFQVlZVUmkwNEp5ZGtiM2R1Ykc5aFpDVXlNQ1V5T0RNbE1qa3VjRzVuQmpzR1ZEb1JZMjl1ZEdWdWRGOTBlWEJsU1NJT2FXMWhaMlV2Y0c1bkJqc0dWRG9SYzJWeWRtbGpaVjl1WVcxbE9ncHNiMk5oYkE9PSIsImV4cCI6IjIwMjQtMDQtMDhUMDQ6NTg6NDQuNzg0WiIsInB1ciI6ImJsb2Jfa2V5In19--6ea3f4493f3055d6243313dcdd5f4cb241eef354/download%20(3).png" for 127.0.0.1 at 2024-04-08 10:23:44 +0530
I, [2024-04-08T10:23:44.804830 #4069]  INFO -- : [d83b8c7b-1142-464b-9b8e-09c7ac752b4d] Processing by ActiveStorage::DiskController#show as PNG
I, [2024-04-08T10:23:44.804952 #4069]  INFO -- : [d83b8c7b-1142-464b-9b8e-09c7ac752b4d]   Parameters: {"encoded_key"=>"[FILTERED]", "filename"=>"download (2)"}
I, [2024-04-08T10:23:44.805274 #4100]  INFO -- : [f6daacfb-37a7-4b1f-ad3b-718fc77f1d42] Processing by ActiveStorage::DiskController#show as PNG
I, [2024-04-08T10:23:44.805373 #4100]  INFO -- : [f6daacfb-37a7-4b1f-ad3b-718fc77f1d42]   Parameters: {"encoded_key"=>"[FILTERED]", "filename"=>"download (3)"}
I, [2024-04-08T10:23:44.806163 #4069]  INFO -- : [d83b8c7b-1142-464b-9b8e-09c7ac752b4d] Completed 404 Not Found in 1ms (Allocations: 374)
I, [2024-04-08T10:23:44.806822 #4100]  INFO -- : [f6daacfb-37a7-4b1f-ad3b-718fc77f1d42] Completed 404 Not Found in 1ms (ActiveRecord: 0.0ms | Allocations: 372)
