I, [2024-04-08T10:23:44.813185 #4069]  INFO -- : [a8023374-6740-4f4d-9eca-de211b35020d] Started GET "/rails/active_storage/disk/eyJfcmFpbHMiOnsibWVzc2FnZSI6IkJBaDdDVG9JYTJWNVNTSWhaR0ZuTVdGaU9YQjBPSFkyZWpnemNtNXNaREp2Y3poeVlURTViZ1k2QmtWVU9oQmthWE53YjNOcGRHbHZia2tpVldsdWJHbHVaVHNnWm1sc1pXNWhiV1U5SW1SdmQyNXNiMkZrSUNVeU9EWWxNamt1Y0c1bklqc2dabWxzWlc1aGJXVXFQVlZVUmkwNEp5ZGtiM2R1Ykc5aFpDVXlNQ1V5T0RZbE1qa3VjRzVuQmpzR1ZEb1JZMjl1ZEdWdWRGOTBlWEJsU1NJT2FXMWhaMlV2Y0c1bkJqc0dWRG9SYzJWeWRtbGpaVjl1WVcxbE9ncHNiMk5oYkE9PSIsImV4cCI6IjIwMjQtMDQtMDhUMDQ6NTg6NDQuNzk3WiIsInB1ciI6ImJsb2Jfa2V5In19--9a7f8fbadd1cdec9b6ad1d3c7cc8854c31dc2955/download%20(6).png" for 127.0.0.1 at 2024-04-08 10:23:44 +0530
I, [2024-04-08T10:23:44.813220 #4100]  INFO -- : [16c3a633-017e-4c3b-80eb-65a3ae0076dd] Started GET "/rails/active_storage/disk/eyJfcmFpbHMiOnsibWVzc2FnZSI6IkJBaDdDVG9JYTJWNVNTSWhlSGs0TUhRNE5uUTJlV0ZxZDJRMllYTnpaV3hzTURJM05EZzViZ1k2QmtWVU9oQmthWE53YjNOcGRHbHZia2tpVldsdWJHbHVaVHNnWm1sc1pXNWhiV1U5SW1SdmQyNXNiMkZrSUNVeU9EWWxNamt1Y0c1bklqc2dabWxzWlc1aGJXVXFQVlZVUmkwNEp5ZGtiM2R1Ykc5aFpDVXlNQ1V5T0RZbE1qa3VjRzVuQmpzR1ZEb1JZMjl1ZEdWdWRGOTBlWEJsU1NJT2FXMWhaMlV2Y0c1bkJqc0dWRG9SYzJWeWRtbGpaVjl1WVcxbE9ncHNiMk5oYkE9PSIsImV4cCI6IjIwMjQtMDQtMDhUMDQ6NTg6NDQuNzk5WiIsInB1ciI6ImJsb2Jfa2V5In19--0ee646736b42ff1a82cff03226d4059b0aac1944/download%20(6).png" for 127.0.0.1 at 2024-04-08 10:23:44 +0530
I, [2024-04-08T10:23:44.814265 #4069]  INFO -- : [a8023374-6740-4f4d-9eca-de211b35020d] Processing by ActiveStorage::DiskController#show as PNG
I, [2024-04-08T10:23:44.814390 #4069]  INFO -- : [a8023374-6740-4f4d-9eca-de211b35020d]   Parameters: {"encoded_key"=>"[FILTERED]", "filename"=>"download (6)"}
I, [2024-04-08T10:23:44.814532 #4100]  INFO -- : [16c3a633-017e-4c3b-80eb-65a3ae0076dd] Processing by ActiveStorage::DiskController#show as PNG
I, [2024-04-08T10:23:44.814627 #4100]  INFO -- : [16c3a633-017e-4c3b-80eb-65a3ae0076dd]   Parameters: {"encoded_key"=>"[FILTERED]", "filename"=>"download (6)"}
I, [2024-04-08T10:23:44.815888 #4069]  INFO -- : [a8023374-6740-4f4d-9eca-de211b35020d] Completed 404 Not Found in 1ms (Allocations: 364)
I, [2024-04-08T10:23:44.815948 #4100]  INFO -- : [16c3a633-017e-4c3b-80eb-65a3ae0076dd] Completed 404 Not Found in 1ms (ActiveRecord: 0.0ms | Allocations: 364)
I, [2024-04-08T10:23:44.838444 #4075]  INFO -- : [742348f2-3130-4ccc-a049-b7d5036b2120] Redirected to http://localhost:3000/rails/active_storage/disk/eyJfcmFpbHMiOnsibWVzc2FnZSI6IkJBaDdDVG9JYTJWNVNTSWhkVFY2ZFRCa01XWXhaVFE0TUdFNGMzWnllV1JtWVd4dWFtbDZlUVk2QmtWVU9oQmthWE53YjNOcGRHbHZia2tpUldsdWJHbHVaVHNnWm1sc1pXNWhiV1U5SW1SdmQyNXNiMkZrTG1wd1pXY2lPeUJtYVd4bGJtRnRaU285VlZSR0xUZ25KMlJ2ZDI1c2IyRmtMbXB3WldjR093WlVPaEZqYjI1MFpXNTBYM1I1Y0dWSklnOXBiV0ZuWlM5cWNHVm5CanNHVkRvUmMyVnlkbWxqWlY5dVlXMWxPZ3BzYjJOaGJBPT0iLCJleHAiOiIyMDI0LTA0LTA4VDA0OjU4OjQ0LjgzN1oiLCJwdXIiOiJibG9iX2tleSJ9fQ==--cd1f9c230bcb297c9f021e829ee2589285821ba3/download.jpeg
I, [2024-04-08T10:23:44.838708 #4075]  INFO -- : [742348f2-3130-4ccc-a049-b7d5036b2120] Completed 302 Found in 49ms (ActiveRecord: 8.3ms | Allocations: 6775)
I, [2024-04-08T10:23:44.839235 #4069]  INFO -- : [6150f978-7f35-454e-9172-1462981c05b3] Redirected to http://localhost:3000/rails/active_storage/disk/eyJfcmFpbHMiOnsibWVzc2FnZSI6IkJBaDdDVG9JYTJWNVNTSWhPVzUxWkRWNE4zZDJjVEExYW1zeGRYRmxZbXR0ZHpkMGRXZDJhd1k2QmtWVU9oQmthWE53YjNOcGRHbHZia2tpUDJsdWJHbHVaVHNnWm1sc1pXNWhiV1U5SW1sdFlXZGxjeTV3Ym1jaU95Qm1hV3hsYm1GdFpTbzlWVlJHTFRnbkoybHRZV2RsY3k1d2JtY0dPd1pVT2hGamIyNTBaVzUwWDNSNWNHVkpJZzVwYldGblpTOXdibWNHT3daVU9oRnpaWEoyYVdObFgyNWhiV1U2Q214dlkyRnMiLCJleHAiOiIyMDI0LTA0LTA4VDA0OjU4OjQ0LjgzOFoiLCJwdXIiOiJibG9iX2tleSJ9fQ==--07cb62a6cd51cea67ffbec7b38ea67dd8bcda58f/images.png
I, [2024-04-08T10:23:44.839433 #4069]  INFO -- : [6150f978-7f35-454e-9172-1462981c05b3] Completed 302 Found in 44ms (ActiveRecord: 8.0ms | Allocations: 7560)
I, [2024-04-08T10:23:44.876388 #4069]  INFO -- : [8c80e32e-62fb-4480-9627-46a2009af9bb] Started GET "/rails/active_storage/disk/eyJfcmFpbHMiOnsibWVzc2FnZSI6IkJBaDdDVG9JYTJWNVNTSWhkVFY2ZFRCa01XWXhaVFE0TUdFNGMzWnllV1JtWVd4dWFtbDZlUVk2QmtWVU9oQmthWE53YjNOcGRHbHZia2tpUldsdWJHbHVaVHNnWm1sc1pXNWhiV1U5SW1SdmQyNXNiMkZrTG1wd1pXY2lPeUJtYVd4bGJtRnRaU285VlZSR0xUZ25KMlJ2ZDI1c2IyRmtMbXB3WldjR093WlVPaEZqYjI1MFpXNTBYM1I1Y0dWSklnOXBiV0ZuWlM5cWNHVm5CanNHVkRvUmMyVnlkbWxqWlY5dVlXMWxPZ3BzYjJOaGJBPT0iLCJleHAiOiIyMDI0LTA0LTA4VDA0OjU4OjQ0LjgzN1oiLCJwdXIiOiJibG9iX2tleSJ9fQ==--cd1f9c230bcb297c9f021e829ee2589285821ba3/download.jpeg" for 127.0.0.1 at 2024-04-08 10:23:44 +0530
I, [2024-04-08T10:23:44.876388 #4075]  INFO -- : [d192178c-844e-4b96-99cb-26b6712f3e91] Started GET "/rails/active_storage/disk/eyJfcmFpbHMiOnsibWVzc2FnZSI6IkJBaDdDVG9JYTJWNVNTSWhPVzUxWkRWNE4zZDJjVEExYW1zeGRYRmxZbXR0ZHpkMGRXZDJhd1k2QmtWVU9oQmthWE53YjNOcGRHbHZia2tpUDJsdWJHbHVaVHNnWm1sc1pXNWhiV1U5SW1sdFlXZGxjeTV3Ym1jaU95Qm1hV3hsYm1GdFpTbzlWVlJHTFRnbkoybHRZV2RsY3k1d2JtY0dPd1pVT2hGamIyNTBaVzUwWDNSNWNHVkpJZzVwYldGblpTOXdibWNHT3daVU9oRnpaWEoyYVdObFgyNWhiV1U2Q214dlkyRnMiLCJleHAiOiIyMDI0LTA0LTA4VDA0OjU4OjQ0LjgzOFoiLCJwdXIiOiJibG9iX2tleSJ9fQ==--07cb62a6cd51cea67ffbec7b38ea67dd8bcda58f/images.png" for 127.0.0.1 at 2024-04-08 10:23:44 +0530
I, [2024-04-08T10:23:44.877333 #4069]  INFO -- : [8c80e32e-62fb-4480-9627-46a2009af9bb] Processing by ActiveStorage::DiskController#show as JPEG
I, [2024-04-08T10:23:44.877333 #4075]  INFO -- : [d192178c-844e-4b96-99cb-26b6712f3e91] Processing by ActiveStorage::DiskController#show as PNG
I, [2024-04-08T10:23:44.877424 #4075]  INFO -- : [d192178c-844e-4b96-99cb-26b6712f3e91]   Parameters: {"encoded_key"=>"[FILTERED]", "filename"=>"images"}
I, [2024-04-08T10:23:44.877424 #4069]  INFO -- : [8c80e32e-62fb-4480-9627-46a2009af9bb]   Parameters: {"encoded_key"=>"[FILTERED]", "filename"=>"download"}
I, [2024-04-08T10:23:44.878419 #4075]  INFO -- : [d192178c-844e-4b96-99cb-26b6712f3e91] Completed 404 Not Found in 1ms (ActiveRecord: 0.0ms | Allocations: 364)
I, [2024-04-08T10:23:44.878419 #4069]  INFO -- : [8c80e32e-62fb-4480-9627-46a2009af9bb] Completed 404 Not Found in 1ms (ActiveRecord: 0.0ms | Allocations: 364)
I, [2024-04-08T10:23:46.495686 #4075]  INFO -- : [4f63c036-b2ef-41fa-894e-66387f1853ae] Started GET "/pdf" for 127.0.0.1 at 2024-04-08 10:23:46 +0530
I, [2024-04-08T10:23:46.496887 #4075]  INFO -- : [4f63c036-b2ef-41fa-894e-66387f1853ae] Processing by LearningsController#pdf as HTML
I, [2024-04-08T10:23:46.504124 #4075]  INFO -- : [4f63c036-b2ef-41fa-894e-66387f1853ae]   Rendered learnings/pdf.html.erb within layouts/application (Duration: 2.0ms | Allocations: 1034)
I, [2024-04-08T10:23:46.504335 #4075]  INFO -- : [4f63c036-b2ef-41fa-894e-66387f1853ae]   Rendered layout layouts/application.html.erb (Duration: 2.3ms | Allocations: 1088)
I, [2024-04-08T10:23:46.504634 #4075]  INFO -- : [4f63c036-b2ef-41fa-894e-66387f1853ae] Completed 200 OK in 8ms (Views: 3.1ms | ActiveRecord: 0.9ms | Allocations: 1723)
I, [2024-04-08T10:23:46.518912 #4075]  INFO -- : [7ff44968-f3e6-44f6-9b3f-2e04b3777041] Started GET "/css/bootstrap.min.css" for 127.0.0.1 at 2024-04-08 10:23:46 +0530
F, [2024-04-08T10:23:46.519404 #4075] FATAL -- : [7ff44968-f3e6-44f6-9b3f-2e04b3777041]   
[7ff44968-f3e6-44f6-9b3f-2e04b3777041] ActionController::RoutingError (No route matches [GET] "/css/bootstrap.min.css"):
[7ff44968-f3e6-44f6-9b3f-2e04b3777041]   
I, [2024-04-08T10:23:46.520496 #4069]  INFO -- : [1759ff00-6814-494b-9a93-72e37134bb55] Started GET "/js/jquery-3.5.1.min.js" for 127.0.0.1 at 2024-04-08 10:23:46 +0530
I, [2024-04-08T10:23:46.520588 #4100]  INFO -- : [57b73087-65b0-4080-b8bb-76284ba77809] Started GET "/js/bootstrap.min.js" for 127.0.0.1 at 2024-04-08 10:23:46 +0530
F, [2024-04-08T10:23:46.521070 #4069] FATAL -- : [1759ff00-6814-494b-9a93-72e37134bb55]   
[1759ff00-6814-494b-9a93-72e37134bb55] ActionController::RoutingError (No route matches [GET] "/js/jquery-3.5.1.min.js"):
[1759ff00-6814-494b-9a93-72e37134bb55]   
F, [2024-04-08T10:23:46.521266 #4100] FATAL -- : [57b73087-65b0-4080-b8bb-76284ba77809]   
[57b73087-65b0-4080-b8bb-76284ba77809] ActionController::RoutingError (No route matches [GET] "/js/bootstrap.min.js"):
[57b73087-65b0-4080-b8bb-76284ba77809]   
I, [2024-04-08T10:26:14.121184 #4083]  INFO -- : [5e39b23e-5ea4-4d7b-99a3-b427d4b15dcd] Started GET "/learnings" for 127.0.0.1 at 2024-04-08 10:26:14 +0530
I, [2024-04-08T10:26:14.123186 #4083]  INFO -- : [5e39b23e-5ea4-4d7b-99a3-b427d4b15dcd] Processing by LearningsController#index as HTML
I, [2024-04-08T10:26:14.156848 #4083]  INFO -- : [5e39b23e-5ea4-4d7b-99a3-b427d4b15dcd]   Rendered learnings/index.html.erb within layouts/application (Duration: 30.1ms | Allocations: 6639)
I, [2024-04-08T10:26:14.157105 #4083]  INFO -- : [5e39b23e-5ea4-4d7b-99a3-b427d4b15dcd]   Rendered layout layouts/application.html.erb (Duration: 30.4ms | Allocations: 6693)
I, [2024-04-08T10:26:14.157350 #4083]  INFO -- : [5e39b23e-5ea4-4d7b-99a3-b427d4b15dcd] Completed 200 OK in 34ms (Views: 24.2ms | ActiveRecord: 7.3ms | Allocations: 7403)
I, [2024-04-08T10:26:14.169795 #4083]  INFO -- : [b0388e01-a1ec-42f9-ac65-a070584055fc] Started GET "/css/bootstrap.min.css" for 127.0.0.1 at 2024-04-08 10:26:14 +0530
F, [2024-04-08T10:26:14.170472 #4083] FATAL -- : [b0388e01-a1ec-42f9-ac65-a070584055fc]   
[b0388e01-a1ec-42f9-ac65-a070584055fc] ActionController::RoutingError (No route matches [GET] "/css/bootstrap.min.css"):
[b0388e01-a1ec-42f9-ac65-a070584055fc]   
I, [2024-04-08T10:26:14.171620 #4100]  INFO -- : [f8071485-49e3-4e1b-9525-5f05dd65c933] Started GET "/js/jquery-3.5.1.min.js" for 127.0.0.1 at 2024-04-08 10:26:14 +0530
F, [2024-04-08T10:26:14.172524 #4100] FATAL -- : [f8071485-49e3-4e1b-9525-5f05dd65c933]   
[f8071485-49e3-4e1b-9525-5f05dd65c933] ActionController::RoutingError (No route matches [GET] "/js/jquery-3.5.1.min.js"):
[f8071485-49e3-4e1b-9525-5f05dd65c933]   
I, [2024-04-08T10:26:14.173125 #4100]  INFO -- : [7766b98c-f9bd-4b7e-84a1-18f90f4c784d] Started GET "/js/bootstrap.min.js" for 127.0.0.1 at 2024-04-08 10:26:14 +0530
F, [2024-04-08T10:26:14.174422 #4100] FATAL -- : [7766b98c-f9bd-4b7e-84a1-18f90f4c784d]   
[7766b98c-f9bd-4b7e-84a1-18f90f4c784d] ActionController::RoutingError (No route matches [GET] "/js/bootstrap.min.js"):
[7766b98c-f9bd-4b7e-84a1-18f90f4c784d]   
I, [2024-04-08T10:26:14.174675 #4083]  INFO -- : [7c04ee11-03a8-4d12-a9c7-476982dd0d6e] Started GET "/rails/active_storage/disk/eyJfcmFpbHMiOnsibWVzc2FnZSI6IkJBaDdDVG9JYTJWNVNTSWhabkZxWldjMmRYbG1lbnBzY1hOa01uZDFkMjFuWVhkcWVEaGxaQVk2QmtWVU9oQmthWE53YjNOcGRHbHZia2tpVldsdWJHbHVaVHNnWm1sc1pXNWhiV1U5SW1SdmQyNXNiMkZrSUNVeU9ERWxNamt1Y0c1bklqc2dabWxzWlc1aGJXVXFQVlZVUmkwNEp5ZGtiM2R1Ykc5aFpDVXlNQ1V5T0RFbE1qa3VjRzVuQmpzR1ZEb1JZMjl1ZEdWdWRGOTBlWEJsU1NJT2FXMWhaMlV2Y0c1bkJqc0dWRG9SYzJWeWRtbGpaVjl1WVcxbE9ncHNiMk5oYkE9PSIsImV4cCI6IjIwMjQtMDQtMDhUMDQ6NTg6NDQuNzY4WiIsInB1ciI6ImJsb2Jfa2V5In19--933101179037ed6dcac07c18e9e25529e9dbab2f/download%20(1).png" for 127.0.0.1 at 2024-04-08 10:26:14 +0530
I, [2024-04-08T10:26:14.175220 #4075]  INFO -- : [6a3e59ea-3fa0-4b5d-bd65-a2616a16f6ad] Started GET "/rails/active_storage/disk/eyJfcmFpbHMiOnsibWVzc2FnZSI6IkJBaDdDVG9JYTJWNVNTSWhkWGh1Wm5RMmNXTjRZbVF6Y0doeGN6Y3hhbWM1T0hCcGNuSXhiZ1k2QmtWVU9oQmthWE53YjNOcGRHbHZia2tpVldsdWJHbHVaVHNnWm1sc1pXNWhiV1U5SW1SdmQyNXNiMkZrSUNVeU9ESWxNamt1Y0c1bklqc2dabWxzWlc1aGJXVXFQVlZVUmkwNEp5ZGtiM2R1Ykc5aFpDVXlNQ1V5T0RJbE1qa3VjRzVuQmpzR1ZEb1JZMjl1ZEdWdWRGOTBlWEJsU1NJT2FXMWhaMlV2Y0c1bkJqc0dWRG9SYzJWeWRtbGpaVjl1WVcxbE9ncHNiMk5oYkE9PSIsImV4cCI6IjIwMjQtMDQtMDhUMDQ6NTg6NDQuNzc1WiIsInB1ciI6ImJsb2Jfa2V5In19--571c4e57e29936dc287cee8bd43cef4c118867ce/download%20(2).png" for 127.0.0.1 at 2024-04-08 10:26:14 +0530
I, [2024-04-08T10:26:14.175958 #4075]  INFO -- : [6a3e59ea-3fa0-4b5d-bd65-a2616a16f6ad] Processing by ActiveStorage::DiskController#show as PNG
I, [2024-04-08T10:26:14.176039 #4075]  INFO -- : [6a3e59ea-3fa0-4b5d-bd65-a2616a16f6ad]   Parameters: {"encoded_key"=>"[FILTERED]", "filename"=>"download (2)"}
I, [2024-04-08T10:26:14.176219 #4083]  INFO -- : [7c04ee11-03a8-4d12-a9c7-476982dd0d6e] Processing by ActiveStorage::DiskController#show as PNG
I, [2024-04-08T10:26:14.176328 #4083]  INFO -- : [7c04ee11-03a8-4d12-a9c7-476982dd0d6e]   Parameters: {"encoded_key"=>"[FILTERED]", "filename"=>"download (1)"}
I, [2024-04-08T10:26:14.177246 #4075]  INFO -- : [6a3e59ea-3fa0-4b5d-bd65-a2616a16f6ad] Completed 404 Not Found in 1ms (ActiveRecord: 0.0ms | Allocations: 362)
I, [2024-04-08T10:26:14.177811 #4083]  INFO -- : [7c04ee11-03a8-4d12-a9c7-476982dd0d6e] Completed 404 Not Found in 1ms (ActiveRecord: 0.0ms | Allocations: 362)
I, [2024-04-08T10:26:14.205809 #4100]  INFO -- : [af67fda5-4a72-497e-8818-aec35375f8a2] Started GET "/rails/active_storage/disk/eyJfcmFpbHMiOnsibWVzc2FnZSI6IkJBaDdDVG9JYTJWNVNTSWhkVFY2ZFRCa01XWXhaVFE0TUdFNGMzWnllV1JtWVd4dWFtbDZlUVk2QmtWVU9oQmthWE53YjNOcGRHbHZia2tpUldsdWJHbHVaVHNnWm1sc1pXNWhiV1U5SW1SdmQyNXNiMkZrTG1wd1pXY2lPeUJtYVd4bGJtRnRaU285VlZSR0xUZ25KMlJ2ZDI1c2IyRmtMbXB3WldjR093WlVPaEZqYjI1MFpXNTBYM1I1Y0dWSklnOXBiV0ZuWlM5cWNHVm5CanNHVkRvUmMyVnlkbWxqWlY5dVlXMWxPZ3BzYjJOaGJBPT0iLCJleHAiOiIyMDI0LTA0LTA4VDA0OjU4OjQ0LjgzN1oiLCJwdXIiOiJibG9iX2tleSJ9fQ==--cd1f9c230bcb297c9f021e829ee2589285821ba3/download.jpeg" for 127.0.0.1 at 2024-04-08 10:26:14 +0530
I, [2024-04-08T10:26:14.205879 #4083]  INFO -- : [d91b0e8b-60ad-4237-88bd-422626a0c07c] Started GET "/rails/active_storage/disk/eyJfcmFpbHMiOnsibWVzc2FnZSI6IkJBaDdDVG9JYTJWNVNTSWhPSFo0Yld0a1ozVnBNMlYwY0RNNE9HczJObkZwYTJkNGNqVXpOZ1k2QmtWVU9oQmthWE53YjNOcGRHbHZia2tpVldsdWJHbHVaVHNnWm1sc1pXNWhiV1U5SW1SdmQyNXNiMkZrSUNVeU9ETWxNamt1Y0c1bklqc2dabWxzWlc1aGJXVXFQVlZVUmkwNEp5ZGtiM2R1Ykc5aFpDVXlNQ1V5T0RNbE1qa3VjRzVuQmpzR1ZEb1JZMjl1ZEdWdWRGOTBlWEJsU1NJT2FXMWhaMlV2Y0c1bkJqc0dWRG9SYzJWeWRtbGpaVjl1WVcxbE9ncHNiMk5oYkE9PSIsImV4cCI6IjIwMjQtMDQtMDhUMDQ6NTg6NDQuNzg0WiIsInB1ciI6ImJsb2Jfa2V5In19--6ea3f4493f3055d6243313dcdd5f4cb241eef354/download%20(3).png" for 127.0.0.1 at 2024-04-08 10:26:14 +0530
I, [2024-04-08T10:26:14.205913 #4075]  INFO -- : [b1986f10-b0cd-477f-a702-b390cc4a807c] Started GET "/rails/active_storage/disk/eyJfcmFpbHMiOnsibWVzc2FnZSI6IkJBaDdDVG9JYTJWNVNTSWhaR0ZuTVdGaU9YQjBPSFkyZWpnemNtNXNaREp2Y3poeVlURTViZ1k2QmtWVU9oQmthWE53YjNOcGRHbHZia2tpVldsdWJHbHVaVHNnWm1sc1pXNWhiV1U5SW1SdmQyNXNiMkZrSUNVeU9EWWxNamt1Y0c1bklqc2dabWxzWlc1aGJXVXFQVlZVUmkwNEp5ZGtiM2R1Ykc5aFpDVXlNQ1V5T0RZbE1qa3VjRzVuQmpzR1ZEb1JZMjl1ZEdWdWRGOTBlWEJsU1NJT2FXMWhaMlV2Y0c1bkJqc0dWRG9SYzJWeWRtbGpaVjl1WVcxbE9ncHNiMk5oYkE9PSIsImV4cCI6IjIwMjQtMDQtMDhUMDQ6NTg6NDQuNzk3WiIsInB1ciI6ImJsb2Jfa2V5In19--9a7f8fbadd1cdec9b6ad1d3c7cc8854c31dc2955/download%20(6).png" for 127.0.0.1 at 2024-04-08 10:26:14 +0530
I, [2024-04-08T10:26:14.206902 #4075]  INFO -- : [b1986f10-b0cd-477f-a702-b390cc4a807c] Processing by ActiveStorage::DiskController#show as PNG
I, [2024-04-08T10:26:14.207062 #4100]  INFO -- : [af67fda5-4a72-497e-8818-aec35375f8a2] Processing by ActiveStorage::DiskController#show as JPEG
I, [2024-04-08T10:26:14.207113 #4075]  INFO -- : [b1986f10-b0cd-477f-a702-b390cc4a807c]   Parameters: {"encoded_key"=>"[FILTERED]", "filename"=>"download (6)"}
I, [2024-04-08T10:26:14.207126 #4083]  INFO -- : [d91b0e8b-60ad-4237-88bd-422626a0c07c] Processing by ActiveStorage::DiskController#show as PNG
I, [2024-04-08T10:26:14.207316 #4083]  INFO -- : [d91b0e8b-60ad-4237-88bd-422626a0c07c]   Parameters: {"encoded_key"=>"[FILTERED]", "filename"=>"download (3)"}
I, [2024-04-08T10:26:14.207646 #4069]  INFO -- : [c8b3ebd1-10d4-45d1-9122-51131a99b4e4] Started GET "/rails/active_storage/disk/eyJfcmFpbHMiOnsibWVzc2FnZSI6IkJBaDdDVG9JYTJWNVNTSWhlSGs0TUhRNE5uUTJlV0ZxZDJRMllYTnpaV3hzTURJM05EZzViZ1k2QmtWVU9oQmthWE53YjNOcGRHbHZia2tpVldsdWJHbHVaVHNnWm1sc1pXNWhiV1U5SW1SdmQyNXNiMkZrSUNVeU9EWWxNamt1Y0c1bklqc2dabWxzWlc1aGJXVXFQVlZVUmkwNEp5ZGtiM2R1Ykc5aFpDVXlNQ1V5T0RZbE1qa3VjRzVuQmpzR1ZEb1JZMjl1ZEdWdWRGOTBlWEJsU1NJT2FXMWhaMlV2Y0c1bkJqc0dWRG9SYzJWeWRtbGpaVjl1WVcxbE9ncHNiMk5oYkE9PSIsImV4cCI6IjIwMjQtMDQtMDhUMDQ6NTg6NDQuNzk5WiIsInB1ciI6ImJsb2Jfa2V5In19--0ee646736b42ff1a82cff03226d4059b0aac1944/download%20(6).png" for 127.0.0.1 at 2024-04-08 10:26:14 +0530
I, [2024-04-08T10:26:14.207764 #4100]  INFO -- : [af67fda5-4a72-497e-8818-aec35375f8a2]   Parameters: {"encoded_key"=>"[FILTERED]", "filename"=>"download"}
I, [2024-04-08T10:26:14.208065 #4075]  INFO -- : [b1986f10-b0cd-477f-a702-b390cc4a807c] Completed 404 Not Found in 1ms (ActiveRecord: 0.0ms | Allocations: 352)
I, [2024-04-08T10:26:14.208344 #4083]  INFO -- : [d91b0e8b-60ad-4237-88bd-422626a0c07c] Completed 404 Not Found in 1ms (ActiveRecord: 0.0ms | Allocations: 352)
I, [2024-04-08T10:26:14.207654 #4100]  INFO -- : [cc19ad9a-7c0f-412e-9eec-74fe3eeda69e] Started GET "/rails/active_storage/disk/eyJfcmFpbHMiOnsibWVzc2FnZSI6IkJBaDdDVG9JYTJWNVNTSWhPVzUxWkRWNE4zZDJjVEExYW1zeGRYRmxZbXR0ZHpkMGRXZDJhd1k2QmtWVU9oQmthWE53YjNOcGRHbHZia2tpUDJsdWJHbHVaVHNnWm1sc1pXNWhiV1U5SW1sdFlXZGxjeTV3Ym1jaU95Qm1hV3hsYm1GdFpTbzlWVlJHTFRnbkoybHRZV2RsY3k1d2JtY0dPd1pVT2hGamIyNTBaVzUwWDNSNWNHVkpJZzVwYldGblpTOXdibWNHT3daVU9oRnpaWEoyYVdObFgyNWhiV1U2Q214dlkyRnMiLCJleHAiOiIyMDI0LTA0LTA4VDA0OjU4OjQ0LjgzOFoiLCJwdXIiOiJibG9iX2tleSJ9fQ==--07cb62a6cd51cea67ffbec7b38ea67dd8bcda58f/images.png" for 127.0.0.1 at 2024-04-08 10:26:14 +0530
I, [2024-04-08T10:26:14.208687 #4069]  INFO -- : [c8b3ebd1-10d4-45d1-9122-51131a99b4e4] Processing by ActiveStorage::DiskController#show as PNG
I, [2024-04-08T10:26:14.208754 #4069]  INFO -- : [c8b3ebd1-10d4-45d1-9122-51131a99b4e4]   Parameters: {"encoded_key"=>"[FILTERED]", "filename"=>"download (6)"}
I, [2024-04-08T10:26:14.209679 #4100]  INFO -- : [cc19ad9a-7c0f-412e-9eec-74fe3eeda69e] Processing by ActiveStorage::DiskController#show as PNG
I, [2024-04-08T10:26:14.208711 #4100]  INFO -- : [af67fda5-4a72-497e-8818-aec35375f8a2] Completed 404 Not Found in 1ms (ActiveRecord: 0.0ms | Allocations: 353)
I, [2024-04-08T10:26:14.209818 #4069]  INFO -- : [c8b3ebd1-10d4-45d1-9122-51131a99b4e4] Completed 404 Not Found in 1ms (ActiveRecord: 0.0ms | Allocations: 356)
I, [2024-04-08T10:26:14.209790 #4100]  INFO -- : [cc19ad9a-7c0f-412e-9eec-74fe3eeda69e]   Parameters: {"encoded_key"=>"[FILTERED]", "filename"=>"images"}
I, [2024-04-08T10:26:14.211857 #4100]  INFO -- : [cc19ad9a-7c0f-412e-9eec-74fe3eeda69e] Completed 404 Not Found in 1ms (ActiveRecord: 0.0ms | Allocations: 378)
I, [2024-04-08T10:26:16.647913 #4100]  INFO -- : [abdf55d5-c095-4072-8232-1b1bdbcde372] Started GET "/pdf" for 127.0.0.1 at 2024-04-08 10:26:16 +0530
I, [2024-04-08T10:26:16.649913 #4100]  INFO -- : [abdf55d5-c095-4072-8232-1b1bdbcde372] Processing by LearningsController#pdf as HTML
I, [2024-04-08T10:26:16.658408 #4100]  INFO -- : [abdf55d5-c095-4072-8232-1b1bdbcde372]   Rendered learnings/pdf.html.erb within layouts/application (Duration: 2.6ms | Allocations: 1024)
I, [2024-04-08T10:26:16.658686 #4100]  INFO -- : [abdf55d5-c095-4072-8232-1b1bdbcde372]   Rendered layout layouts/application.html.erb (Duration: 3.0ms | Allocations: 1077)
I, [2024-04-08T10:26:16.659194 #4100]  INFO -- : [abdf55d5-c095-4072-8232-1b1bdbcde372] Completed 200 OK in 9ms (Views: 3.9ms | ActiveRecord: 0.7ms | Allocations: 1694)
I, [2024-04-08T10:26:16.672886 #4100]  INFO -- : [d2ba071e-ceee-47d5-ba38-79d56d43bddd] Started GET "/css/bootstrap.min.css" for 127.0.0.1 at 2024-04-08 10:26:16 +0530
F, [2024-04-08T10:26:16.673591 #4100] FATAL -- : [d2ba071e-ceee-47d5-ba38-79d56d43bddd]   
[d2ba071e-ceee-47d5-ba38-79d56d43bddd] ActionController::RoutingError (No route matches [GET] "/css/bootstrap.min.css"):
[d2ba071e-ceee-47d5-ba38-79d56d43bddd]   
I, [2024-04-08T10:26:16.677544 #4100]  INFO -- : [987012e0-7618-484b-8c96-7965c2ac10e7] Started GET "/js/jquery-3.5.1.min.js" for 127.0.0.1 at 2024-04-08 10:26:16 +0530
F, [2024-04-08T10:26:16.678396 #4100] FATAL -- : [987012e0-7618-484b-8c96-7965c2ac10e7]   
[987012e0-7618-484b-8c96-7965c2ac10e7] ActionController::RoutingError (No route matches [GET] "/js/jquery-3.5.1.min.js"):
[987012e0-7618-484b-8c96-7965c2ac10e7]   
I, [2024-04-08T10:26:16.679074 #4100]  INFO -- : [7f100ecf-f9cf-4576-b2a5-53267b22545d] Started GET "/js/bootstrap.min.js" for 127.0.0.1 at 2024-04-08 10:26:16 +0530
F, [2024-04-08T10:26:16.680330 #4100] FATAL -- : [7f100ecf-f9cf-4576-b2a5-53267b22545d]   
[7f100ecf-f9cf-4576-b2a5-53267b22545d] ActionController::RoutingError (No route matches [GET] "/js/bootstrap.min.js"):
[7f100ecf-f9cf-4576-b2a5-53267b22545d]   
I, [2024-04-08T10:26:20.939368 #4100]  INFO -- : [1e74deff-df14-419d-b03c-fd9ae8d143ac] Started GET "/pdf" for 127.0.0.1 at 2024-04-08 10:26:20 +0530
I, [2024-04-08T10:26:20.940631 #4100]  INFO -- : [1e74deff-df14-419d-b03c-fd9ae8d143ac] Processing by LearningsController#pdf as HTML
I, [2024-04-08T10:26:20.947408 #4100]  INFO -- : [1e74deff-df14-419d-b03c-fd9ae8d143ac]   Rendered learnings/pdf.html.erb within layouts/application (Duration: 2.5ms | Allocations: 1016)
I, [2024-04-08T10:26:20.947717 #4100]  INFO -- : [1e74deff-df14-419d-b03c-fd9ae8d143ac]   Rendered layout layouts/application.html.erb (Duration: 2.9ms | Allocations: 1069)
I, [2024-04-08T10:26:20.948094 #4100]  INFO -- : [1e74deff-df14-419d-b03c-fd9ae8d143ac] Completed 200 OK in 7ms (Views: 3.5ms | ActiveRecord: 0.6ms | Allocations: 1683)
I, [2024-04-08T10:26:20.960506 #4100]  INFO -- : [5ae45ba7-76d4-467c-941a-c1085f039541] Started GET "/css/bootstrap.min.css" for 127.0.0.1 at 2024-04-08 10:26:20 +0530
F, [2024-04-08T10:26:20.961235 #4100] FATAL -- : [5ae45ba7-76d4-467c-941a-c1085f039541]   
[5ae45ba7-76d4-467c-941a-c1085f039541] ActionController::RoutingError (No route matches [GET] "/css/bootstrap.min.css"):
[5ae45ba7-76d4-467c-941a-c1085f039541]   
I, [2024-04-08T10:26:20.962120 #4069]  INFO -- : [e14d0eb0-2644-4a0e-9329-de0b9b22729b] Started GET "/js/bootstrap.min.js" for 127.0.0.1 at 2024-04-08 10:26:20 +0530
I, [2024-04-08T10:26:20.962166 #4100]  INFO -- : [ae50215e-370a-47cf-815b-4f8c83cfa1bc] Started GET "/js/jquery-3.5.1.min.js" for 127.0.0.1 at 2024-04-08 10:26:20 +0530
F, [2024-04-08T10:26:20.962709 #4069] FATAL -- : [e14d0eb0-2644-4a0e-9329-de0b9b22729b]   
[e14d0eb0-2644-4a0e-9329-de0b9b22729b] ActionController::RoutingError (No route matches [GET] "/js/bootstrap.min.js"):
[e14d0eb0-2644-4a0e-9329-de0b9b22729b]   
F, [2024-04-08T10:26:20.962759 #4100] FATAL -- : [ae50215e-370a-47cf-815b-4f8c83cfa1bc]   
[ae50215e-370a-47cf-815b-4f8c83cfa1bc] ActionController::RoutingError (No route matches [GET] "/js/jquery-3.5.1.min.js"):
[ae50215e-370a-47cf-815b-4f8c83cfa1bc]   
I, [2024-04-08T11:12:07.653468 #9072]  INFO -- : [a57dd832-5f4b-4220-859f-6bbeb727c854] Started GET "/courses/5/syllabus/5" for 127.0.0.1 at 2024-04-08 11:12:07 +0530
I, [2024-04-08T11:12:07.658456 #9072]  INFO -- : [a57dd832-5f4b-4220-859f-6bbeb727c854] Processing by SyllabusController#show as HTML
I, [2024-04-08T11:12:07.658557 #9072]  INFO -- : [a57dd832-5f4b-4220-859f-6bbeb727c854]   Parameters: {"course_id"=>"5", "id"=>"5"}
I, [2024-04-08T11:12:07.776795 #9072]  INFO -- : [a57dd832-5f4b-4220-859f-6bbeb727c854]   Rendered syllabus/show.html.erb within layouts/application (Duration: 14.9ms | Allocations: 5564)
I, [2024-04-08T11:12:07.777319 #9072]  INFO -- : [a57dd832-5f4b-4220-859f-6bbeb727c854]   Rendered layout layouts/application.html.erb (Duration: 15.6ms | Allocations: 5968)
I, [2024-04-08T11:12:07.777665 #9072]  INFO -- : [a57dd832-5f4b-4220-859f-6bbeb727c854] Completed 200 OK in 119ms (Views: 10.5ms | ActiveRecord: 20.2ms | Allocations: 23936)
I, [2024-04-08T11:12:07.787270 #9072]  INFO -- : [80856c2d-5255-44a0-b816-a97f1e561695] Started GET "/courses/5/syllabus/css/bootstrap.min.css" for 127.0.0.1 at 2024-04-08 11:12:07 +0530
F, [2024-04-08T11:12:07.788066 #9072] FATAL -- : [80856c2d-5255-44a0-b816-a97f1e561695]   
[80856c2d-5255-44a0-b816-a97f1e561695] ActionController::RoutingError (No route matches [GET] "/courses/5/syllabus/css/bootstrap.min.css"):
[80856c2d-5255-44a0-b816-a97f1e561695]   
I, [2024-04-08T11:12:07.789087 #9072]  INFO -- : [f6e08d7f-d7c2-480b-a092-31c4fbfba8af] Started GET "/courses/5/syllabus/js/jquery-3.5.1.min.js" for 127.0.0.1 at 2024-04-08 11:12:07 +0530
F, [2024-04-08T11:12:07.789557 #9072] FATAL -- : [f6e08d7f-d7c2-480b-a092-31c4fbfba8af]   
[f6e08d7f-d7c2-480b-a092-31c4fbfba8af] ActionController::RoutingError (No route matches [GET] "/courses/5/syllabus/js/jquery-3.5.1.min.js"):
[f6e08d7f-d7c2-480b-a092-31c4fbfba8af]   
I, [2024-04-08T11:12:07.790097 #9091]  INFO -- : [2740e75b-db12-4ff7-80e3-ee8d7f311f81] Started GET "/courses/5/syllabus/js/bootstrap.min.js" for 127.0.0.1 at 2024-04-08 11:12:07 +0530
F, [2024-04-08T11:12:07.791682 #9091] FATAL -- : [2740e75b-db12-4ff7-80e3-ee8d7f311f81]   
[2740e75b-db12-4ff7-80e3-ee8d7f311f81] ActionController::RoutingError (No route matches [GET] "/courses/5/syllabus/js/bootstrap.min.js"):
[2740e75b-db12-4ff7-80e3-ee8d7f311f81]   
I, [2024-04-08T11:12:33.274743 #9072]  INFO -- : [47f42e30-9895-4152-8d29-0776e772b8c7] Started GET "/courses/5/syllabus/5" for 127.0.0.1 at 2024-04-08 11:12:33 +0530
I, [2024-04-08T11:12:33.276630 #9072]  INFO -- : [47f42e30-9895-4152-8d29-0776e772b8c7] Processing by SyllabusController#show as HTML
I, [2024-04-08T11:12:33.276844 #9072]  INFO -- : [47f42e30-9895-4152-8d29-0776e772b8c7]   Parameters: {"course_id"=>"5", "id"=>"5"}
I, [2024-04-08T11:12:33.290822 #9072]  INFO -- : [47f42e30-9895-4152-8d29-0776e772b8c7]   Rendered syllabus/show.html.erb within layouts/application (Duration: 3.8ms | Allocations: 292)
I, [2024-04-08T11:12:33.291370 #9072]  INFO -- : [47f42e30-9895-4152-8d29-0776e772b8c7]   Rendered layout layouts/application.html.erb (Duration: 4.4ms | Allocations: 346)
I, [2024-04-08T11:12:33.294612 #9072]  INFO -- : [47f42e30-9895-4152-8d29-0776e772b8c7] Completed 200 OK in 18ms (Views: 7.1ms | ActiveRecord: 2.8ms | Allocations: 1624)
I, [2024-04-08T11:12:33.322361 #9072]  INFO -- : [c03ef842-dfa6-408b-b066-41a9b872db26] Started GET "/courses/5/syllabus/css/bootstrap.min.css" for 127.0.0.1 at 2024-04-08 11:12:33 +0530
F, [2024-04-08T11:12:33.323262 #9072] FATAL -- : [c03ef842-dfa6-408b-b066-41a9b872db26]   
[c03ef842-dfa6-408b-b066-41a9b872db26] ActionController::RoutingError (No route matches [GET] "/courses/5/syllabus/css/bootstrap.min.css"):
[c03ef842-dfa6-408b-b066-41a9b872db26]   
I, [2024-04-08T11:12:33.327052 #9103]  INFO -- : [785b7eac-6f9e-4127-be62-d872522aa5e0] Started GET "/courses/5/syllabus/js/jquery-3.5.1.min.js" for 127.0.0.1 at 2024-04-08 11:12:33 +0530
F, [2024-04-08T11:12:33.328534 #9103] FATAL -- : [785b7eac-6f9e-4127-be62-d872522aa5e0]   
[785b7eac-6f9e-4127-be62-d872522aa5e0] ActionController::RoutingError (No route matches [GET] "/courses/5/syllabus/js/jquery-3.5.1.min.js"):
[785b7eac-6f9e-4127-be62-d872522aa5e0]   
I, [2024-04-08T11:12:33.329192 #9079]  INFO -- : [1cdfe733-2bf0-43ee-ae12-daf37c20b586] Started GET "/courses/5/syllabus/js/bootstrap.min.js" for 127.0.0.1 at 2024-04-08 11:12:33 +0530
F, [2024-04-08T11:12:33.330568 #9079] FATAL -- : [1cdfe733-2bf0-43ee-ae12-daf37c20b586]   
[1cdfe733-2bf0-43ee-ae12-daf37c20b586] ActionController::RoutingError (No route matches [GET] "/courses/5/syllabus/js/bootstrap.min.js"):
[1cdfe733-2bf0-43ee-ae12-daf37c20b586]   
I, [2024-04-08T11:12:36.934169 #9079]  INFO -- : [90d69dd8-7f6a-49fb-8c02-87c82ee41d8a] Started GET "/courses/5/syllabus/5" for 127.0.0.1 at 2024-04-08 11:12:36 +0530
I, [2024-04-08T11:12:36.937820 #9079]  INFO -- : [90d69dd8-7f6a-49fb-8c02-87c82ee41d8a] Processing by SyllabusController#show as HTML
I, [2024-04-08T11:12:36.937955 #9079]  INFO -- : [90d69dd8-7f6a-49fb-8c02-87c82ee41d8a]   Parameters: {"course_id"=>"5", "id"=>"5"}
I, [2024-04-08T11:12:37.050466 #9079]  INFO -- : [90d69dd8-7f6a-49fb-8c02-87c82ee41d8a]   Rendered syllabus/show.html.erb within layouts/application (Duration: 11.1ms | Allocations: 5568)
I, [2024-04-08T11:12:37.051069 #9079]  INFO -- : [90d69dd8-7f6a-49fb-8c02-87c82ee41d8a]   Rendered layout layouts/application.html.erb (Duration: 11.8ms | Allocations: 5972)
I, [2024-04-08T11:12:37.051434 #9079]  INFO -- : [90d69dd8-7f6a-49fb-8c02-87c82ee41d8a] Completed 200 OK in 113ms (Views: 10.5ms | ActiveRecord: 15.5ms | Allocations: 23939)
I, [2024-04-08T11:12:37.061892 #9079]  INFO -- : [759d808c-1a8b-4774-9411-a7fc7642687e] Started GET "/courses/5/syllabus/css/bootstrap.min.css" for 127.0.0.1 at 2024-04-08 11:12:37 +0530
F, [2024-04-08T11:12:37.062460 #9079] FATAL -- : [759d808c-1a8b-4774-9411-a7fc7642687e]   
[759d808c-1a8b-4774-9411-a7fc7642687e] ActionController::RoutingError (No route matches [GET] "/courses/5/syllabus/css/bootstrap.min.css"):
[759d808c-1a8b-4774-9411-a7fc7642687e]   
I, [2024-04-08T11:12:37.063111 #9072]  INFO -- : [ae1c197e-86f5-454a-92d5-0b8d48e0251f] Started GET "/courses/5/syllabus/js/bootstrap.min.js" for 127.0.0.1 at 2024-04-08 11:12:37 +0530
I, [2024-04-08T11:12:37.063111 #9103]  INFO -- : [18c8ae2a-10ac-4213-b10e-6ca6a1720701] Started GET "/courses/5/syllabus/js/jquery-3.5.1.min.js" for 127.0.0.1 at 2024-04-08 11:12:37 +0530
F, [2024-04-08T11:12:37.063662 #9103] FATAL -- : [18c8ae2a-10ac-4213-b10e-6ca6a1720701]   
[18c8ae2a-10ac-4213-b10e-6ca6a1720701] ActionController::RoutingError (No route matches [GET] "/courses/5/syllabus/js/jquery-3.5.1.min.js"):
[18c8ae2a-10ac-4213-b10e-6ca6a1720701]   
F, [2024-04-08T11:12:37.063661 #9072] FATAL -- : [ae1c197e-86f5-454a-92d5-0b8d48e0251f]   
[ae1c197e-86f5-454a-92d5-0b8d48e0251f] ActionController::RoutingError (No route matches [GET] "/courses/5/syllabus/js/bootstrap.min.js"):
[ae1c197e-86f5-454a-92d5-0b8d48e0251f]   
I, [2024-04-08T11:12:48.380106 #9225]  INFO -- : [148f94a0-a70f-44a0-a886-d195ba6bd7ab] Started GET "/courses/5/syllabus/5" for 127.0.0.1 at 2024-04-08 11:12:48 +0530
I, [2024-04-08T11:12:48.389072 #9225]  INFO -- : [148f94a0-a70f-44a0-a886-d195ba6bd7ab] Processing by SyllabusController#show as HTML
I, [2024-04-08T11:12:48.389206 #9225]  INFO -- : [148f94a0-a70f-44a0-a886-d195ba6bd7ab]   Parameters: {"course_id"=>"5", "id"=>"5"}
I, [2024-04-08T11:12:48.498031 #9225]  INFO -- : [148f94a0-a70f-44a0-a886-d195ba6bd7ab]   Rendered syllabus/show.html.erb within layouts/application (Duration: 10.8ms | Allocations: 5568)
I, [2024-04-08T11:12:48.498560 #9225]  INFO -- : [148f94a0-a70f-44a0-a886-d195ba6bd7ab]   Rendered layout layouts/application.html.erb (Duration: 11.4ms | Allocations: 5972)
I, [2024-04-08T11:12:48.498896 #9225]  INFO -- : [148f94a0-a70f-44a0-a886-d195ba6bd7ab] Completed 200 OK in 110ms (Views: 10.0ms | ActiveRecord: 15.8ms | Allocations: 23940)
I, [2024-04-08T11:12:48.509232 #9225]  INFO -- : [9c544cf5-cb19-4bd8-bc14-9bb9e1783046] Started GET "/courses/5/syllabus/css/bootstrap.min.css" for 127.0.0.1 at 2024-04-08 11:12:48 +0530
F, [2024-04-08T11:12:48.509987 #9225] FATAL -- : [9c544cf5-cb19-4bd8-bc14-9bb9e1783046]   
[9c544cf5-cb19-4bd8-bc14-9bb9e1783046] ActionController::RoutingError (No route matches [GET] "/courses/5/syllabus/css/bootstrap.min.css"):
[9c544cf5-cb19-4bd8-bc14-9bb9e1783046]   
I, [2024-04-08T11:12:48.511868 #9213]  INFO -- : [b3d9fcfe-6f26-4a5d-9d60-d2bc6fbff2a3] Started GET "/courses/5/syllabus/js/jquery-3.5.1.min.js" for 127.0.0.1 at 2024-04-08 11:12:48 +0530
I, [2024-04-08T11:12:48.512541 #9206]  INFO -- : [7829636b-6ad9-485e-bf14-684c9bb6be79] Started GET "/courses/5/syllabus/js/bootstrap.min.js" for 127.0.0.1 at 2024-04-08 11:12:48 +0530
F, [2024-04-08T11:12:48.513145 #9213] FATAL -- : [b3d9fcfe-6f26-4a5d-9d60-d2bc6fbff2a3]   
[b3d9fcfe-6f26-4a5d-9d60-d2bc6fbff2a3] ActionController::RoutingError (No route matches [GET] "/courses/5/syllabus/js/jquery-3.5.1.min.js"):
[b3d9fcfe-6f26-4a5d-9d60-d2bc6fbff2a3]   
F, [2024-04-08T11:12:48.513544 #9206] FATAL -- : [7829636b-6ad9-485e-bf14-684c9bb6be79]   
[7829636b-6ad9-485e-bf14-684c9bb6be79] ActionController::RoutingError (No route matches [GET] "/courses/5/syllabus/js/bootstrap.min.js"):
[7829636b-6ad9-485e-bf14-684c9bb6be79]   
I, [2024-04-08T11:12:49.834833 #9206]  INFO -- : [88d22e25-0002-436e-a54f-f623e43b9916] Started GET "/courses/5/syllabus/5" for 127.0.0.1 at 2024-04-08 11:12:49 +0530
I, [2024-04-08T11:12:49.843222 #9206]  INFO -- : [88d22e25-0002-436e-a54f-f623e43b9916] Processing by SyllabusController#show as HTML
I, [2024-04-08T11:12:49.843460 #9206]  INFO -- : [88d22e25-0002-436e-a54f-f623e43b9916]   Parameters: {"course_id"=>"5", "id"=>"5"}
I, [2024-04-08T11:12:49.971598 #9206]  INFO -- : [88d22e25-0002-436e-a54f-f623e43b9916]   Rendered syllabus/show.html.erb within layouts/application (Duration: 11.2ms | Allocations: 5568)
I, [2024-04-08T11:12:49.972121 #9206]  INFO -- : [88d22e25-0002-436e-a54f-f623e43b9916]   Rendered layout layouts/application.html.erb (Duration: 11.8ms | Allocations: 5972)
I, [2024-04-08T11:12:49.972437 #9206]  INFO -- : [88d22e25-0002-436e-a54f-f623e43b9916] Completed 200 OK in 129ms (Views: 10.2ms | ActiveRecord: 15.4ms | Allocations: 23939)
I, [2024-04-08T11:12:49.981168 #9206]  INFO -- : [62aa66ac-932f-4ebc-9fb1-72d95138de58] Started GET "/courses/5/syllabus/css/bootstrap.min.css" for 127.0.0.1 at 2024-04-08 11:12:49 +0530
F, [2024-04-08T11:12:49.981664 #9206] FATAL -- : [62aa66ac-932f-4ebc-9fb1-72d95138de58]   
[62aa66ac-932f-4ebc-9fb1-72d95138de58] ActionController::RoutingError (No route matches [GET] "/courses/5/syllabus/css/bootstrap.min.css"):
[62aa66ac-932f-4ebc-9fb1-72d95138de58]   
I, [2024-04-08T11:12:49.982020 #9213]  INFO -- : [1130a4dd-2389-4c55-a0ae-8078b4dbe640] Started GET "/courses/5/syllabus/js/jquery-3.5.1.min.js" for 127.0.0.1 at 2024-04-08 11:12:49 +0530
I, [2024-04-08T11:12:49.982136 #9225]  INFO -- : [939fa27c-82ab-4757-8e2a-b63632ab39a2] Started GET "/courses/5/syllabus/js/bootstrap.min.js" for 127.0.0.1 at 2024-04-08 11:12:49 +0530
F, [2024-04-08T11:12:49.982495 #9225] FATAL -- : [939fa27c-82ab-4757-8e2a-b63632ab39a2]   
[939fa27c-82ab-4757-8e2a-b63632ab39a2] ActionController::RoutingError (No route matches [GET] "/courses/5/syllabus/js/bootstrap.min.js"):
[939fa27c-82ab-4757-8e2a-b63632ab39a2]   
F, [2024-04-08T11:12:49.982771 #9213] FATAL -- : [1130a4dd-2389-4c55-a0ae-8078b4dbe640]   
[1130a4dd-2389-4c55-a0ae-8078b4dbe640] ActionController::RoutingError (No route matches [GET] "/courses/5/syllabus/js/jquery-3.5.1.min.js"):
[1130a4dd-2389-4c55-a0ae-8078b4dbe640]   
I, [2024-04-08T11:12:58.325968 #9213]  INFO -- : [5455d995-7e94-4657-979e-8a6c61e38b5c] Started GET "/courses/5/syllabus/5" for 127.0.0.1 at 2024-04-08 11:12:58 +0530
I, [2024-04-08T11:12:58.334017 #9213]  INFO -- : [5455d995-7e94-4657-979e-8a6c61e38b5c] Processing by SyllabusController#show as HTML
I, [2024-04-08T11:12:58.334413 #9213]  INFO -- : [5455d995-7e94-4657-979e-8a6c61e38b5c]   Parameters: {"course_id"=>"5", "id"=>"5"}
I, [2024-04-08T11:12:58.456914 #9213]  INFO -- : [5455d995-7e94-4657-979e-8a6c61e38b5c]   Rendered syllabus/show.html.erb within layouts/application (Duration: 11.4ms | Allocations: 5568)
I, [2024-04-08T11:12:58.457439 #9213]  INFO -- : [5455d995-7e94-4657-979e-8a6c61e38b5c]   Rendered layout layouts/application.html.erb (Duration: 12.0ms | Allocations: 5972)
I, [2024-04-08T11:12:58.457768 #9213]  INFO -- : [5455d995-7e94-4657-979e-8a6c61e38b5c] Completed 200 OK in 123ms (Views: 9.9ms | ActiveRecord: 15.8ms | Allocations: 23939)
I, [2024-04-08T11:12:58.465622 #9213]  INFO -- : [eb26c267-ee0d-43f4-a3f6-c084deb0ff74] Started GET "/courses/5/syllabus/css/bootstrap.min.css" for 127.0.0.1 at 2024-04-08 11:12:58 +0530
F, [2024-04-08T11:12:58.466207 #9213] FATAL -- : [eb26c267-ee0d-43f4-a3f6-c084deb0ff74]   
[eb26c267-ee0d-43f4-a3f6-c084deb0ff74] ActionController::RoutingError (No route matches [GET] "/courses/5/syllabus/css/bootstrap.min.css"):
[eb26c267-ee0d-43f4-a3f6-c084deb0ff74]   
I, [2024-04-08T11:12:58.466314 #9225]  INFO -- : [33de693b-0ce4-4baa-a6cc-d51ca1b42c3b] Started GET "/courses/5/syllabus/js/jquery-3.5.1.min.js" for 127.0.0.1 at 2024-04-08 11:12:58 +0530
I, [2024-04-08T11:12:58.466316 #9206]  INFO -- : [a4eb1764-e86f-4d65-a8bf-f1e2aae38adf] Started GET "/courses/5/syllabus/js/bootstrap.min.js" for 127.0.0.1 at 2024-04-08 11:12:58 +0530
F, [2024-04-08T11:12:58.466679 #9206] FATAL -- : [a4eb1764-e86f-4d65-a8bf-f1e2aae38adf]   
[a4eb1764-e86f-4d65-a8bf-f1e2aae38adf] ActionController::RoutingError (No route matches [GET] "/courses/5/syllabus/js/bootstrap.min.js"):
[a4eb1764-e86f-4d65-a8bf-f1e2aae38adf]   
F, [2024-04-08T11:12:58.466799 #9225] FATAL -- : [33de693b-0ce4-4baa-a6cc-d51ca1b42c3b]   
[33de693b-0ce4-4baa-a6cc-d51ca1b42c3b] ActionController::RoutingError (No route matches [GET] "/courses/5/syllabus/js/jquery-3.5.1.min.js"):
[33de693b-0ce4-4baa-a6cc-d51ca1b42c3b]   
I, [2024-04-08T13:39:33.740941 #17053]  INFO -- : [79742a7e-5515-4b85-b151-fbeb8b2ece9b] Started GET "/courses/5/syllabus/5" for 127.0.0.1 at 2024-04-08 13:39:33 +0530
I, [2024-04-08T13:39:33.744524 #17053]  INFO -- : [79742a7e-5515-4b85-b151-fbeb8b2ece9b] Processing by SyllabusController#show as HTML
I, [2024-04-08T13:39:33.744618 #17053]  INFO -- : [79742a7e-5515-4b85-b151-fbeb8b2ece9b]   Parameters: {"course_id"=>"5", "id"=>"5"}
I, [2024-04-08T13:39:33.854741 #17053]  INFO -- : [79742a7e-5515-4b85-b151-fbeb8b2ece9b]   Rendered syllabus/show.html.erb within layouts/application (Duration: 11.4ms | Allocations: 5577)
I, [2024-04-08T13:39:33.855274 #17053]  INFO -- : [79742a7e-5515-4b85-b151-fbeb8b2ece9b]   Rendered layout layouts/application.html.erb (Duration: 12.0ms | Allocations: 5981)
I, [2024-04-08T13:39:33.855597 #17053]  INFO -- : [79742a7e-5515-4b85-b151-fbeb8b2ece9b] Completed 200 OK in 111ms (Views: 10.4ms | ActiveRecord: 16.7ms | Allocations: 23947)
I, [2024-04-08T13:39:33.865026 #17053]  INFO -- : [3f06fe11-dd41-4993-8e75-814a50fee7dc] Started GET "/courses/5/syllabus/css/bootstrap.min.css" for 127.0.0.1 at 2024-04-08 13:39:33 +0530
F, [2024-04-08T13:39:33.865473 #17053] FATAL -- : [3f06fe11-dd41-4993-8e75-814a50fee7dc]   
[3f06fe11-dd41-4993-8e75-814a50fee7dc] ActionController::RoutingError (No route matches [GET] "/courses/5/syllabus/css/bootstrap.min.css"):
[3f06fe11-dd41-4993-8e75-814a50fee7dc]   
I, [2024-04-08T13:39:33.870340 #17065]  INFO -- : [d8dada95-d7b2-4c03-8fb1-e2eb0fe9c9d3] Started GET "/courses/5/syllabus/js/jquery-3.5.1.min.js" for 127.0.0.1 at 2024-04-08 13:39:33 +0530
I, [2024-04-08T13:39:33.871376 #17041]  INFO -- : [f1b36c4f-01a2-4ef9-9e74-07e983c12357] Started GET "/courses/5/syllabus/js/bootstrap.min.js" for 127.0.0.1 at 2024-04-08 13:39:33 +0530
F, [2024-04-08T13:39:33.871569 #17065] FATAL -- : [d8dada95-d7b2-4c03-8fb1-e2eb0fe9c9d3]   
[d8dada95-d7b2-4c03-8fb1-e2eb0fe9c9d3] ActionController::RoutingError (No route matches [GET] "/courses/5/syllabus/js/jquery-3.5.1.min.js"):
[d8dada95-d7b2-4c03-8fb1-e2eb0fe9c9d3]   
F, [2024-04-08T13:39:33.872443 #17041] FATAL -- : [f1b36c4f-01a2-4ef9-9e74-07e983c12357]   
[f1b36c4f-01a2-4ef9-9e74-07e983c12357] ActionController::RoutingError (No route matches [GET] "/courses/5/syllabus/js/bootstrap.min.js"):
[f1b36c4f-01a2-4ef9-9e74-07e983c12357]   
I, [2024-04-08T13:39:38.295177 #17041]  INFO -- : [737cb2ac-0eb6-403a-b88b-77d74c5d1dcd] Started GET "/courses/5/syllabus/css/bootstrap.min.css" for 127.0.0.1 at 2024-04-08 13:39:38 +0530
F, [2024-04-08T13:39:38.295764 #17041] FATAL -- : [737cb2ac-0eb6-403a-b88b-77d74c5d1dcd]   
[737cb2ac-0eb6-403a-b88b-77d74c5d1dcd] ActionController::RoutingError (No route matches [GET] "/courses/5/syllabus/css/bootstrap.min.css"):
[737cb2ac-0eb6-403a-b88b-77d74c5d1dcd]   
I, [2024-04-08T13:42:07.026281 #17041]  INFO -- : [bc393cf8-43f8-43ce-ba60-e2e8faa19b8e] Started GET "/courses/5/syllabus/5" for 127.0.0.1 at 2024-04-08 13:42:07 +0530
I, [2024-04-08T13:42:07.029901 #17041]  INFO -- : [bc393cf8-43f8-43ce-ba60-e2e8faa19b8e] Processing by SyllabusController#show as HTML
I, [2024-04-08T13:42:07.030002 #17041]  INFO -- : [bc393cf8-43f8-43ce-ba60-e2e8faa19b8e]   Parameters: {"course_id"=>"5", "id"=>"5"}
I, [2024-04-08T13:42:07.148233 #17041]  INFO -- : [bc393cf8-43f8-43ce-ba60-e2e8faa19b8e]   Rendered syllabus/show.html.erb within layouts/application (Duration: 12.4ms | Allocations: 5578)
I, [2024-04-08T13:42:07.148793 #17041]  INFO -- : [bc393cf8-43f8-43ce-ba60-e2e8faa19b8e]   Rendered layout layouts/application.html.erb (Duration: 13.0ms | Allocations: 5982)
I, [2024-04-08T13:42:07.149129 #17041]  INFO -- : [bc393cf8-43f8-43ce-ba60-e2e8faa19b8e] Completed 200 OK in 119ms (Views: 10.5ms | ActiveRecord: 19.0ms | Allocations: 23947)
I, [2024-04-08T13:42:07.160304 #17041]  INFO -- : [bf698f49-2fdb-4df3-94de-de08e07f275e] Started GET "/courses/5/syllabus/css/bootstrap.min.css" for 127.0.0.1 at 2024-04-08 13:42:07 +0530
F, [2024-04-08T13:42:07.161012 #17041] FATAL -- : [bf698f49-2fdb-4df3-94de-de08e07f275e]   
[bf698f49-2fdb-4df3-94de-de08e07f275e] ActionController::RoutingError (No route matches [GET] "/courses/5/syllabus/css/bootstrap.min.css"):
[bf698f49-2fdb-4df3-94de-de08e07f275e]   
I, [2024-04-08T13:42:07.161832 #17053]  INFO -- : [dfd29a4d-fc84-4e60-9d91-9ef2f884f9b4] Started GET "/courses/5/syllabus/js/jquery-3.5.1.min.js" for 127.0.0.1 at 2024-04-08 13:42:07 +0530
F, [2024-04-08T13:42:07.162572 #17053] FATAL -- : [dfd29a4d-fc84-4e60-9d91-9ef2f884f9b4]   
[dfd29a4d-fc84-4e60-9d91-9ef2f884f9b4] ActionController::RoutingError (No route matches [GET] "/courses/5/syllabus/js/jquery-3.5.1.min.js"):
[dfd29a4d-fc84-4e60-9d91-9ef2f884f9b4]   
I, [2024-04-08T13:42:07.163379 #17053]  INFO -- : [1abd0cc4-a38e-4c6c-9e57-d2d58c2568e7] Started GET "/courses/5/syllabus/js/bootstrap.min.js" for 127.0.0.1 at 2024-04-08 13:42:07 +0530
F, [2024-04-08T13:42:07.164052 #17053] FATAL -- : [1abd0cc4-a38e-4c6c-9e57-d2d58c2568e7]   
[1abd0cc4-a38e-4c6c-9e57-d2d58c2568e7] ActionController::RoutingError (No route matches [GET] "/courses/5/syllabus/js/bootstrap.min.js"):
[1abd0cc4-a38e-4c6c-9e57-d2d58c2568e7]   
I, [2024-04-08T13:42:29.314554 #17041]  INFO -- : [263d7ae8-d370-400b-94c9-630cd52924c7] Started GET "/courses/5/syllabus/5" for 127.0.0.1 at 2024-04-08 13:42:29 +0530
I, [2024-04-08T13:42:29.316905 #17041]  INFO -- : [263d7ae8-d370-400b-94c9-630cd52924c7] Processing by SyllabusController#show as HTML
I, [2024-04-08T13:42:29.317495 #17041]  INFO -- : [263d7ae8-d370-400b-94c9-630cd52924c7]   Parameters: {"course_id"=>"5", "id"=>"5"}
I, [2024-04-08T13:42:29.334782 #17041]  INFO -- : [263d7ae8-d370-400b-94c9-630cd52924c7]   Rendered syllabus/show.html.erb within layouts/application (Duration: 3.8ms | Allocations: 292)
I, [2024-04-08T13:42:29.335347 #17041]  INFO -- : [263d7ae8-d370-400b-94c9-630cd52924c7]   Rendered layout layouts/application.html.erb (Duration: 4.5ms | Allocations: 346)
I, [2024-04-08T13:42:29.335957 #17041]  INFO -- : [263d7ae8-d370-400b-94c9-630cd52924c7] Completed 200 OK in 18ms (Views: 4.9ms | ActiveRecord: 3.6ms | Allocations: 1622)
I, [2024-04-08T13:42:29.363690 #17041]  INFO -- : [c2bb6425-ae64-4891-b42a-590f2b7b722d] Started GET "/courses/5/syllabus/css/bootstrap.min.css" for 127.0.0.1 at 2024-04-08 13:42:29 +0530
F, [2024-04-08T13:42:29.364778 #17041] FATAL -- : [c2bb6425-ae64-4891-b42a-590f2b7b722d]   
[c2bb6425-ae64-4891-b42a-590f2b7b722d] ActionController::RoutingError (No route matches [GET] "/courses/5/syllabus/css/bootstrap.min.css"):
[c2bb6425-ae64-4891-b42a-590f2b7b722d]   
I, [2024-04-08T13:42:29.366340 #17053]  INFO -- : [73bbea7e-fcca-4862-927e-a9bd54fa0bc8] Started GET "/courses/5/syllabus/js/jquery-3.5.1.min.js" for 127.0.0.1 at 2024-04-08 13:42:29 +0530
F, [2024-04-08T13:42:29.367308 #17053] FATAL -- : [73bbea7e-fcca-4862-927e-a9bd54fa0bc8]   
[73bbea7e-fcca-4862-927e-a9bd54fa0bc8] ActionController::RoutingError (No route matches [GET] "/courses/5/syllabus/js/jquery-3.5.1.min.js"):
[73bbea7e-fcca-4862-927e-a9bd54fa0bc8]   
I, [2024-04-08T13:42:29.368542 #17053]  INFO -- : [d6b53f71-99b2-4740-8782-50ce753181e0] Started GET "/courses/5/syllabus/js/bootstrap.min.js" for 127.0.0.1 at 2024-04-08 13:42:29 +0530
F, [2024-04-08T13:42:29.369167 #17053] FATAL -- : [d6b53f71-99b2-4740-8782-50ce753181e0]   
[d6b53f71-99b2-4740-8782-50ce753181e0] ActionController::RoutingError (No route matches [GET] "/courses/5/syllabus/js/bootstrap.min.js"):
[d6b53f71-99b2-4740-8782-50ce753181e0]   
I, [2024-04-08T13:42:30.483856 #17053]  INFO -- : [91e0fb69-7ead-42d4-be77-dbd9aec21900] Started GET "/courses/5/syllabus/5" for 127.0.0.1 at 2024-04-08 13:42:30 +0530
I, [2024-04-08T13:42:30.484452 #17053]  INFO -- : [91e0fb69-7ead-42d4-be77-dbd9aec21900] Processing by SyllabusController#show as HTML
I, [2024-04-08T13:42:30.484496 #17053]  INFO -- : [91e0fb69-7ead-42d4-be77-dbd9aec21900]   Parameters: {"course_id"=>"5", "id"=>"5"}
I, [2024-04-08T13:42:30.489070 #17053]  INFO -- : [91e0fb69-7ead-42d4-be77-dbd9aec21900]   Rendered syllabus/show.html.erb within layouts/application (Duration: 1.2ms | Allocations: 292)
I, [2024-04-08T13:42:30.489260 #17053]  INFO -- : [91e0fb69-7ead-42d4-be77-dbd9aec21900]   Rendered layout layouts/application.html.erb (Duration: 1.5ms | Allocations: 346)
I, [2024-04-08T13:42:30.489483 #17053]  INFO -- : [91e0fb69-7ead-42d4-be77-dbd9aec21900] Completed 200 OK in 5ms (Views: 1.4ms | ActiveRecord: 1.0ms | Allocations: 1620)
I, [2024-04-08T13:42:30.499328 #17053]  INFO -- : [5676459d-6566-4025-a343-9b78cdaa374a] Started GET "/courses/5/syllabus/css/bootstrap.min.css" for 127.0.0.1 at 2024-04-08 13:42:30 +0530
F, [2024-04-08T13:42:30.499944 #17053] FATAL -- : [5676459d-6566-4025-a343-9b78cdaa374a]   
[5676459d-6566-4025-a343-9b78cdaa374a] ActionController::RoutingError (No route matches [GET] "/courses/5/syllabus/css/bootstrap.min.css"):
[5676459d-6566-4025-a343-9b78cdaa374a]   
I, [2024-04-08T13:42:30.500338 #17041]  INFO -- : [11f04bf4-a6e5-4ece-bb02-c9ffe16e4633] Started GET "/courses/5/syllabus/js/bootstrap.min.js" for 127.0.0.1 at 2024-04-08 13:42:30 +0530
I, [2024-04-08T13:42:30.500617 #17053]  INFO -- : [20fda5b3-1921-42b9-b69b-8d3b5f624e23] Started GET "/courses/5/syllabus/js/jquery-3.5.1.min.js" for 127.0.0.1 at 2024-04-08 13:42:30 +0530
F, [2024-04-08T13:42:30.500812 #17041] FATAL -- : [11f04bf4-a6e5-4ece-bb02-c9ffe16e4633]   
[11f04bf4-a6e5-4ece-bb02-c9ffe16e4633] ActionController::RoutingError (No route matches [GET] "/courses/5/syllabus/js/bootstrap.min.js"):
[11f04bf4-a6e5-4ece-bb02-c9ffe16e4633]   
F, [2024-04-08T13:42:30.501076 #17053] FATAL -- : [20fda5b3-1921-42b9-b69b-8d3b5f624e23]   
[20fda5b3-1921-42b9-b69b-8d3b5f624e23] ActionController::RoutingError (No route matches [GET] "/courses/5/syllabus/js/jquery-3.5.1.min.js"):
[20fda5b3-1921-42b9-b69b-8d3b5f624e23]   
I, [2024-04-08T13:42:40.027539 #17298]  INFO -- : [4317c2d4-2cfd-4688-b2b5-4d2533e33551] Started GET "/courses/5/syllabus/5" for 127.0.0.1 at 2024-04-08 13:42:40 +0530
I, [2024-04-08T13:42:40.035486 #17298]  INFO -- : [4317c2d4-2cfd-4688-b2b5-4d2533e33551] Processing by SyllabusController#show as HTML
I, [2024-04-08T13:42:40.035620 #17298]  INFO -- : [4317c2d4-2cfd-4688-b2b5-4d2533e33551]   Parameters: {"course_id"=>"5", "id"=>"5"}
I, [2024-04-08T13:42:40.144638 #17298]  INFO -- : [4317c2d4-2cfd-4688-b2b5-4d2533e33551]   Rendered syllabus/show.html.erb within layouts/application (Duration: 11.1ms | Allocations: 5578)
I, [2024-04-08T13:42:40.145163 #17298]  INFO -- : [4317c2d4-2cfd-4688-b2b5-4d2533e33551]   Rendered layout layouts/application.html.erb (Duration: 11.7ms | Allocations: 5982)
I, [2024-04-08T13:42:40.145498 #17298]  INFO -- : [4317c2d4-2cfd-4688-b2b5-4d2533e33551] Completed 200 OK in 110ms (Views: 10.1ms | ActiveRecord: 15.7ms | Allocations: 23948)
I, [2024-04-08T13:42:40.153968 #17298]  INFO -- : [cd9a6681-b3e6-4915-8021-c420b0ed3206] Started GET "/courses/5/syllabus/css/bootstrap.min.css" for 127.0.0.1 at 2024-04-08 13:42:40 +0530
F, [2024-04-08T13:42:40.154783 #17298] FATAL -- : [cd9a6681-b3e6-4915-8021-c420b0ed3206]   
[cd9a6681-b3e6-4915-8021-c420b0ed3206] ActionController::RoutingError (No route matches [GET] "/courses/5/syllabus/css/bootstrap.min.css"):
[cd9a6681-b3e6-4915-8021-c420b0ed3206]   
I, [2024-04-08T13:42:40.156837 #17267]  INFO -- : [dde2c68c-1329-4c1a-b2e0-2432dacba0b3] Started GET "/courses/5/syllabus/js/jquery-3.5.1.min.js" for 127.0.0.1 at 2024-04-08 13:42:40 +0530
I, [2024-04-08T13:42:40.156908 #17274]  INFO -- : [5696b11b-1ce1-433b-a0bb-55e2ab552091] Started GET "/courses/5/syllabus/js/bootstrap.min.js" for 127.0.0.1 at 2024-04-08 13:42:40 +0530
F, [2024-04-08T13:42:40.158052 #17267] FATAL -- : [dde2c68c-1329-4c1a-b2e0-2432dacba0b3]   
[dde2c68c-1329-4c1a-b2e0-2432dacba0b3] ActionController::RoutingError (No route matches [GET] "/courses/5/syllabus/js/jquery-3.5.1.min.js"):
[dde2c68c-1329-4c1a-b2e0-2432dacba0b3]   
F, [2024-04-08T13:42:40.158249 #17274] FATAL -- : [5696b11b-1ce1-433b-a0bb-55e2ab552091]   
[5696b11b-1ce1-433b-a0bb-55e2ab552091] ActionController::RoutingError (No route matches [GET] "/courses/5/syllabus/js/bootstrap.min.js"):
[5696b11b-1ce1-433b-a0bb-55e2ab552091]   
I, [2024-04-08T13:42:47.074411 #17274]  INFO -- : [081a3fae-712c-4a48-8abd-4eb3aee19c3d] Started GET "/courses/5/syllabus/css/bootstrap.min.css" for 127.0.0.1 at 2024-04-08 13:42:47 +0530
F, [2024-04-08T13:42:47.075009 #17274] FATAL -- : [081a3fae-712c-4a48-8abd-4eb3aee19c3d]   
[081a3fae-712c-4a48-8abd-4eb3aee19c3d] ActionController::RoutingError (No route matches [GET] "/courses/5/syllabus/css/bootstrap.min.css"):
[081a3fae-712c-4a48-8abd-4eb3aee19c3d]   
I, [2024-04-08T13:44:27.401621 #17274]  INFO -- : [569f457f-2c0c-492c-9bf5-0f6950ba902f] Started GET "/courses/5/syllabus/5" for 127.0.0.1 at 2024-04-08 13:44:27 +0530
I, [2024-04-08T13:44:27.407668 #17274]  INFO -- : [569f457f-2c0c-492c-9bf5-0f6950ba902f] Processing by SyllabusController#show as HTML
I, [2024-04-08T13:44:27.407880 #17274]  INFO -- : [569f457f-2c0c-492c-9bf5-0f6950ba902f]   Parameters: {"course_id"=>"5", "id"=>"5"}
I, [2024-04-08T13:44:27.530144 #17274]  INFO -- : [569f457f-2c0c-492c-9bf5-0f6950ba902f]   Rendered syllabus/show.html.erb within layouts/application (Duration: 10.8ms | Allocations: 5617)
I, [2024-04-08T13:44:27.530819 #17274]  INFO -- : [569f457f-2c0c-492c-9bf5-0f6950ba902f]   Rendered layout layouts/application.html.erb (Duration: 11.5ms | Allocations: 6021)
