I, [2024-04-08T17:34:46.386610 #26829]  INFO -- : [36d4d85c-8302-43f8-9d41-6b90d8b51488] Started GET "/rails/active_storage/blobs/redirect/eyJfcmFpbHMiOnsibWVzc2FnZSI6IkJBaHBDQT09IiwiZXhwIjpudWxsLCJwdXIiOiJibG9iX2lkIn19--47dbcde3b57fb2fa908cb593f8c7e29b2597868e/download%20(6).png" for 127.0.0.1 at 2024-04-08 17:34:46 +0530
I, [2024-04-08T17:34:46.388077 #26829]  INFO -- : [36d4d85c-8302-43f8-9d41-6b90d8b51488] Processing by ActiveStorage::Blobs::RedirectController#show as PNG
I, [2024-04-08T17:34:46.388689 #26829]  INFO -- : [36d4d85c-8302-43f8-9d41-6b90d8b51488]   Parameters: {"signed_id"=>"eyJfcmFpbHMiOnsibWVzc2FnZSI6IkJBaHBDQT09IiwiZXhwIjpudWxsLCJwdXIiOiJibG9iX2lkIn19--47dbcde3b57fb2fa908cb593f8c7e29b2597868e", "filename"=>"download (6)"}
I, [2024-04-08T17:34:46.401679 #26860]  INFO -- : [6379501f-66dd-46ba-90ac-10ca9eb0186d] Started GET "/rails/active_storage/disk/eyJfcmFpbHMiOnsibWVzc2FnZSI6IkJBaDdDVG9JYTJWNVNTSWhabkZxWldjMmRYbG1lbnBzY1hOa01uZDFkMjFuWVhkcWVEaGxaQVk2QmtWVU9oQmthWE53YjNOcGRHbHZia2tpVldsdWJHbHVaVHNnWm1sc1pXNWhiV1U5SW1SdmQyNXNiMkZrSUNVeU9ERWxNamt1Y0c1bklqc2dabWxzWlc1aGJXVXFQVlZVUmkwNEp5ZGtiM2R1Ykc5aFpDVXlNQ1V5T0RFbE1qa3VjRzVuQmpzR1ZEb1JZMjl1ZEdWdWRGOTBlWEJsU1NJT2FXMWhaMlV2Y0c1bkJqc0dWRG9SYzJWeWRtbGpaVjl1WVcxbE9ncHNiMk5oYkE9PSIsImV4cCI6IjIwMjQtMDQtMDhUMTI6MDk6NDYuMzg0WiIsInB1ciI6ImJsb2Jfa2V5In19--f1419a6ddc2a0d2245bebc9a144f092636f178cb/download%20(1).png" for 127.0.0.1 at 2024-04-08 17:34:46 +0530
I, [2024-04-08T17:34:46.403411 #26860]  INFO -- : [6379501f-66dd-46ba-90ac-10ca9eb0186d] Processing by ActiveStorage::DiskController#show as PNG
I, [2024-04-08T17:34:46.403565 #26860]  INFO -- : [6379501f-66dd-46ba-90ac-10ca9eb0186d]   Parameters: {"encoded_key"=>"[FILTERED]", "filename"=>"download (1)"}
I, [2024-04-08T17:34:46.408620 #26860]  INFO -- : [6379501f-66dd-46ba-90ac-10ca9eb0186d] Completed 404 Not Found in 5ms (ActiveRecord: 0.0ms | Allocations: 1235)
I, [2024-04-08T17:34:46.419834 #26860]  INFO -- : [7d0a7f11-6fa3-4eb0-bb29-499430f6f0b5] Started GET "/rails/active_storage/blobs/redirect/eyJfcmFpbHMiOnsibWVzc2FnZSI6IkJBaHBFUT09IiwiZXhwIjpudWxsLCJwdXIiOiJibG9iX2lkIn19--4a06355cb739c8df382a872b849f7c3c467396b1/download%20(6).png" for 127.0.0.1 at 2024-04-08 17:34:46 +0530
I, [2024-04-08T17:34:46.422622 #26860]  INFO -- : [7d0a7f11-6fa3-4eb0-bb29-499430f6f0b5] Processing by ActiveStorage::Blobs::RedirectController#show as PNG
I, [2024-04-08T17:34:46.422722 #26836]  INFO -- : [1d8e1ef4-bc99-4f93-89c0-afaf23daad95] Started GET "/rails/active_storage/blobs/redirect/eyJfcmFpbHMiOnsibWVzc2FnZSI6IkJBaHBDUT09IiwiZXhwIjpudWxsLCJwdXIiOiJibG9iX2lkIn19--ff09417cf676aa9442e8fddacf44bee0b9bb0484/images.png" for 127.0.0.1 at 2024-04-08 17:34:46 +0530
I, [2024-04-08T17:34:46.422849 #26860]  INFO -- : [7d0a7f11-6fa3-4eb0-bb29-499430f6f0b5]   Parameters: {"signed_id"=>"eyJfcmFpbHMiOnsibWVzc2FnZSI6IkJBaHBFUT09IiwiZXhwIjpudWxsLCJwdXIiOiJibG9iX2lkIn19--4a06355cb739c8df382a872b849f7c3c467396b1", "filename"=>"download (6)"}
I, [2024-04-08T17:34:46.423826 #26836]  INFO -- : [1d8e1ef4-bc99-4f93-89c0-afaf23daad95] Processing by ActiveStorage::Blobs::RedirectController#show as PNG
I, [2024-04-08T17:34:46.423991 #26836]  INFO -- : [1d8e1ef4-bc99-4f93-89c0-afaf23daad95]   Parameters: {"signed_id"=>"eyJfcmFpbHMiOnsibWVzc2FnZSI6IkJBaHBDUT09IiwiZXhwIjpudWxsLCJwdXIiOiJibG9iX2lkIn19--ff09417cf676aa9442e8fddacf44bee0b9bb0484", "filename"=>"images"}
I, [2024-04-08T17:34:46.431292 #26860]  INFO -- : [7d0a7f11-6fa3-4eb0-bb29-499430f6f0b5] Redirected to http://localhost:3000/rails/active_storage/disk/eyJfcmFpbHMiOnsibWVzc2FnZSI6IkJBaDdDVG9JYTJWNVNTSWhlSGs0TUhRNE5uUTJlV0ZxZDJRMllYTnpaV3hzTURJM05EZzViZ1k2QmtWVU9oQmthWE53YjNOcGRHbHZia2tpVldsdWJHbHVaVHNnWm1sc1pXNWhiV1U5SW1SdmQyNXNiMkZrSUNVeU9EWWxNamt1Y0c1bklqc2dabWxzWlc1aGJXVXFQVlZVUmkwNEp5ZGtiM2R1Ykc5aFpDVXlNQ1V5T0RZbE1qa3VjRzVuQmpzR1ZEb1JZMjl1ZEdWdWRGOTBlWEJsU1NJT2FXMWhaMlV2Y0c1bkJqc0dWRG9SYzJWeWRtbGpaVjl1WVcxbE9ncHNiMk5oYkE9PSIsImV4cCI6IjIwMjQtMDQtMDhUMTI6MDk6NDYuNDMwWiIsInB1ciI6ImJsb2Jfa2V5In19--83d1b21a93ffe8cf542670a54fc18fefb7a8c8e0/download%20(6).png
I, [2024-04-08T17:34:46.431621 #26860]  INFO -- : [7d0a7f11-6fa3-4eb0-bb29-499430f6f0b5] Completed 302 Found in 9ms (ActiveRecord: 0.3ms | Allocations: 1314)
I, [2024-04-08T17:34:46.439092 #26860]  INFO -- : [cc05deff-cd19-4824-9fed-7c52743774f0] Started GET "/rails/active_storage/disk/eyJfcmFpbHMiOnsibWVzc2FnZSI6IkJBaDdDVG9JYTJWNVNTSWhlSGs0TUhRNE5uUTJlV0ZxZDJRMllYTnpaV3hzTURJM05EZzViZ1k2QmtWVU9oQmthWE53YjNOcGRHbHZia2tpVldsdWJHbHVaVHNnWm1sc1pXNWhiV1U5SW1SdmQyNXNiMkZrSUNVeU9EWWxNamt1Y0c1bklqc2dabWxzWlc1aGJXVXFQVlZVUmkwNEp5ZGtiM2R1Ykc5aFpDVXlNQ1V5T0RZbE1qa3VjRzVuQmpzR1ZEb1JZMjl1ZEdWdWRGOTBlWEJsU1NJT2FXMWhaMlV2Y0c1bkJqc0dWRG9SYzJWeWRtbGpaVjl1WVcxbE9ncHNiMk5oYkE9PSIsImV4cCI6IjIwMjQtMDQtMDhUMTI6MDk6NDYuNDMwWiIsInB1ciI6ImJsb2Jfa2V5In19--83d1b21a93ffe8cf542670a54fc18fefb7a8c8e0/download%20(6).png" for 127.0.0.1 at 2024-04-08 17:34:46 +0530
I, [2024-04-08T17:34:46.442800 #26860]  INFO -- : [cc05deff-cd19-4824-9fed-7c52743774f0] Processing by ActiveStorage::DiskController#show as PNG
I, [2024-04-08T17:34:46.443066 #26860]  INFO -- : [cc05deff-cd19-4824-9fed-7c52743774f0]   Parameters: {"encoded_key"=>"[FILTERED]", "filename"=>"download (6)"}
I, [2024-04-08T17:34:46.446699 #26860]  INFO -- : [cc05deff-cd19-4824-9fed-7c52743774f0] Completed 404 Not Found in 3ms (ActiveRecord: 0.0ms | Allocations: 884)
I, [2024-04-08T17:34:46.454031 #26848]  INFO -- : [fd53799d-c62d-4d64-a5ef-040e6c2c6e9a] Redirected to http://localhost:3000/rails/active_storage/disk/eyJfcmFpbHMiOnsibWVzc2FnZSI6IkJBaDdDVG9JYTJWNVNTSWhPSFo0Yld0a1ozVnBNMlYwY0RNNE9HczJObkZwYTJkNGNqVXpOZ1k2QmtWVU9oQmthWE53YjNOcGRHbHZia2tpVldsdWJHbHVaVHNnWm1sc1pXNWhiV1U5SW1SdmQyNXNiMkZrSUNVeU9ETWxNamt1Y0c1bklqc2dabWxzWlc1aGJXVXFQVlZVUmkwNEp5ZGtiM2R1Ykc5aFpDVXlNQ1V5T0RNbE1qa3VjRzVuQmpzR1ZEb1JZMjl1ZEdWdWRGOTBlWEJsU1NJT2FXMWhaMlV2Y0c1bkJqc0dWRG9SYzJWeWRtbGpaVjl1WVcxbE9ncHNiMk5oYkE9PSIsImV4cCI6IjIwMjQtMDQtMDhUMTI6MDk6NDYuNDUyWiIsInB1ciI6ImJsb2Jfa2V5In19--6f60ebb7293c0edf6c6296992f2056909e3f46f7/download%20(3).png
I, [2024-04-08T17:34:46.454262 #26848]  INFO -- : [fd53799d-c62d-4d64-a5ef-040e6c2c6e9a] Completed 302 Found in 72ms (ActiveRecord: 18.8ms | Allocations: 10902)
I, [2024-04-08T17:34:46.459767 #26848]  INFO -- : [42d2e366-b78e-4b3a-90fb-a038a82c47c7] Started GET "/rails/active_storage/disk/eyJfcmFpbHMiOnsibWVzc2FnZSI6IkJBaDdDVG9JYTJWNVNTSWhPSFo0Yld0a1ozVnBNMlYwY0RNNE9HczJObkZwYTJkNGNqVXpOZ1k2QmtWVU9oQmthWE53YjNOcGRHbHZia2tpVldsdWJHbHVaVHNnWm1sc1pXNWhiV1U5SW1SdmQyNXNiMkZrSUNVeU9ETWxNamt1Y0c1bklqc2dabWxzWlc1aGJXVXFQVlZVUmkwNEp5ZGtiM2R1Ykc5aFpDVXlNQ1V5T0RNbE1qa3VjRzVuQmpzR1ZEb1JZMjl1ZEdWdWRGOTBlWEJsU1NJT2FXMWhaMlV2Y0c1bkJqc0dWRG9SYzJWeWRtbGpaVjl1WVcxbE9ncHNiMk5oYkE9PSIsImV4cCI6IjIwMjQtMDQtMDhUMTI6MDk6NDYuNDUyWiIsInB1ciI6ImJsb2Jfa2V5In19--6f60ebb7293c0edf6c6296992f2056909e3f46f7/download%20(3).png" for 127.0.0.1 at 2024-04-08 17:34:46 +0530
I, [2024-04-08T17:34:46.460454 #26848]  INFO -- : [42d2e366-b78e-4b3a-90fb-a038a82c47c7] Processing by ActiveStorage::DiskController#show as PNG
I, [2024-04-08T17:34:46.460507 #26848]  INFO -- : [42d2e366-b78e-4b3a-90fb-a038a82c47c7]   Parameters: {"encoded_key"=>"[FILTERED]", "filename"=>"download (3)"}
I, [2024-04-08T17:34:46.462357 #26848]  INFO -- : [42d2e366-b78e-4b3a-90fb-a038a82c47c7] Completed 404 Not Found in 2ms (ActiveRecord: 0.0ms | Allocations: 1235)
I, [2024-04-08T17:34:46.468432 #26829]  INFO -- : [9ba09705-4f16-44ec-abdf-261613572177] Redirected to http://localhost:3000/rails/active_storage/disk/eyJfcmFpbHMiOnsibWVzc2FnZSI6IkJBaDdDVG9JYTJWNVNTSWhkVFY2ZFRCa01XWXhaVFE0TUdFNGMzWnllV1JtWVd4dWFtbDZlUVk2QmtWVU9oQmthWE53YjNOcGRHbHZia2tpUldsdWJHbHVaVHNnWm1sc1pXNWhiV1U5SW1SdmQyNXNiMkZrTG1wd1pXY2lPeUJtYVd4bGJtRnRaU285VlZSR0xUZ25KMlJ2ZDI1c2IyRmtMbXB3WldjR093WlVPaEZqYjI1MFpXNTBYM1I1Y0dWSklnOXBiV0ZuWlM5cWNHVm5CanNHVkRvUmMyVnlkbWxqWlY5dVlXMWxPZ3BzYjJOaGJBPT0iLCJleHAiOiIyMDI0LTA0LTA4VDEyOjA5OjQ2LjQ2NVoiLCJwdXIiOiJibG9iX2tleSJ9fQ==--39b5869ad2f34344a2296e994f223df94c410fc2/download.jpeg
I, [2024-04-08T17:34:46.468972 #26829]  INFO -- : [9ba09705-4f16-44ec-abdf-261613572177] Completed 302 Found in 85ms (ActiveRecord: 17.8ms | Allocations: 16387)
I, [2024-04-08T17:34:46.473519 #26829]  INFO -- : [36d4d85c-8302-43f8-9d41-6b90d8b51488] Redirected to http://localhost:3000/rails/active_storage/disk/eyJfcmFpbHMiOnsibWVzc2FnZSI6IkJBaDdDVG9JYTJWNVNTSWhaR0ZuTVdGaU9YQjBPSFkyZWpnemNtNXNaREp2Y3poeVlURTViZ1k2QmtWVU9oQmthWE53YjNOcGRHbHZia2tpVldsdWJHbHVaVHNnWm1sc1pXNWhiV1U5SW1SdmQyNXNiMkZrSUNVeU9EWWxNamt1Y0c1bklqc2dabWxzWlc1aGJXVXFQVlZVUmkwNEp5ZGtiM2R1Ykc5aFpDVXlNQ1V5T0RZbE1qa3VjRzVuQmpzR1ZEb1JZMjl1ZEdWdWRGOTBlWEJsU1NJT2FXMWhaMlV2Y0c1bkJqc0dWRG9SYzJWeWRtbGpaVjl1WVcxbE9ncHNiMk5oYkE9PSIsImV4cCI6IjIwMjQtMDQtMDhUMTI6MDk6NDYuNDcyWiIsInB1ciI6ImJsb2Jfa2V5In19--b06b2b66009884abcfeba26898af462c36288b42/download%20(6).png
I, [2024-04-08T17:34:46.473733 #26829]  INFO -- : [36d4d85c-8302-43f8-9d41-6b90d8b51488] Completed 302 Found in 85ms (ActiveRecord: 33.6ms | Allocations: 14608)
I, [2024-04-08T17:34:46.480736 #26829]  INFO -- : [5f888cfa-a3ea-4b93-adaf-6e1d892d8d68] Started GET "/rails/active_storage/disk/eyJfcmFpbHMiOnsibWVzc2FnZSI6IkJBaDdDVG9JYTJWNVNTSWhkVFY2ZFRCa01XWXhaVFE0TUdFNGMzWnllV1JtWVd4dWFtbDZlUVk2QmtWVU9oQmthWE53YjNOcGRHbHZia2tpUldsdWJHbHVaVHNnWm1sc1pXNWhiV1U5SW1SdmQyNXNiMkZrTG1wd1pXY2lPeUJtYVd4bGJtRnRaU285VlZSR0xUZ25KMlJ2ZDI1c2IyRmtMbXB3WldjR093WlVPaEZqYjI1MFpXNTBYM1I1Y0dWSklnOXBiV0ZuWlM5cWNHVm5CanNHVkRvUmMyVnlkbWxqWlY5dVlXMWxPZ3BzYjJOaGJBPT0iLCJleHAiOiIyMDI0LTA0LTA4VDEyOjA5OjQ2LjQ2NVoiLCJwdXIiOiJibG9iX2tleSJ9fQ==--39b5869ad2f34344a2296e994f223df94c410fc2/download.jpeg" for 127.0.0.1 at 2024-04-08 17:34:46 +0530
I, [2024-04-08T17:34:46.481406 #26829]  INFO -- : [7e79203e-2ac1-4575-a287-a92c43969a02] Started GET "/rails/active_storage/disk/eyJfcmFpbHMiOnsibWVzc2FnZSI6IkJBaDdDVG9JYTJWNVNTSWhaR0ZuTVdGaU9YQjBPSFkyZWpnemNtNXNaREp2Y3poeVlURTViZ1k2QmtWVU9oQmthWE53YjNOcGRHbHZia2tpVldsdWJHbHVaVHNnWm1sc1pXNWhiV1U5SW1SdmQyNXNiMkZrSUNVeU9EWWxNamt1Y0c1bklqc2dabWxzWlc1aGJXVXFQVlZVUmkwNEp5ZGtiM2R1Ykc5aFpDVXlNQ1V5T0RZbE1qa3VjRzVuQmpzR1ZEb1JZMjl1ZEdWdWRGOTBlWEJsU1NJT2FXMWhaMlV2Y0c1bkJqc0dWRG9SYzJWeWRtbGpaVjl1WVcxbE9ncHNiMk5oYkE9PSIsImV4cCI6IjIwMjQtMDQtMDhUMTI6MDk6NDYuNDcyWiIsInB1ciI6ImJsb2Jfa2V5In19--b06b2b66009884abcfeba26898af462c36288b42/download%20(6).png" for 127.0.0.1 at 2024-04-08 17:34:46 +0530
I, [2024-04-08T17:34:46.486692 #26829]  INFO -- : [7e79203e-2ac1-4575-a287-a92c43969a02] Processing by ActiveStorage::DiskController#show as PNG
I, [2024-04-08T17:34:46.486879 #26829]  INFO -- : [7e79203e-2ac1-4575-a287-a92c43969a02]   Parameters: {"encoded_key"=>"[FILTERED]", "filename"=>"download (6)"}
I, [2024-04-08T17:34:46.484269 #26829]  INFO -- : [5f888cfa-a3ea-4b93-adaf-6e1d892d8d68] Processing by ActiveStorage::DiskController#show as JPEG
I, [2024-04-08T17:34:46.493340 #26829]  INFO -- : [5f888cfa-a3ea-4b93-adaf-6e1d892d8d68]   Parameters: {"encoded_key"=>"[FILTERED]", "filename"=>"download"}
I, [2024-04-08T17:34:46.493235 #26829]  INFO -- : [7e79203e-2ac1-4575-a287-a92c43969a02] Completed 404 Not Found in 6ms (ActiveRecord: 0.0ms | Allocations: 1236)
I, [2024-04-08T17:34:46.497535 #26829]  INFO -- : [5f888cfa-a3ea-4b93-adaf-6e1d892d8d68] Completed 404 Not Found in 4ms (ActiveRecord: 0.0ms | Allocations: 885)
I, [2024-04-08T17:34:46.515833 #26836]  INFO -- : [03b358d5-83b2-4578-be5e-59aaf4c603d9] Redirected to http://localhost:3000/rails/active_storage/disk/eyJfcmFpbHMiOnsibWVzc2FnZSI6IkJBaDdDVG9JYTJWNVNTSWhkWGh1Wm5RMmNXTjRZbVF6Y0doeGN6Y3hhbWM1T0hCcGNuSXhiZ1k2QmtWVU9oQmthWE53YjNOcGRHbHZia2tpVldsdWJHbHVaVHNnWm1sc1pXNWhiV1U5SW1SdmQyNXNiMkZrSUNVeU9ESWxNamt1Y0c1bklqc2dabWxzWlc1aGJXVXFQVlZVUmkwNEp5ZGtiM2R1Ykc5aFpDVXlNQ1V5T0RJbE1qa3VjRzVuQmpzR1ZEb1JZMjl1ZEdWdWRGOTBlWEJsU1NJT2FXMWhaMlV2Y0c1bkJqc0dWRG9SYzJWeWRtbGpaVjl1WVcxbE9ncHNiMk5oYkE9PSIsImV4cCI6IjIwMjQtMDQtMDhUMTI6MDk6NDYuNTEzWiIsInB1ciI6ImJsb2Jfa2V5In19--29c87d4395abc31a044451b6cbee97d6b4ecb7c2/download%20(2).png
I, [2024-04-08T17:34:46.516282 #26836]  INFO -- : [03b358d5-83b2-4578-be5e-59aaf4c603d9] Completed 302 Found in 135ms (ActiveRecord: 20.6ms | Allocations: 18224)
I, [2024-04-08T17:34:46.517401 #26836]  INFO -- : [1d8e1ef4-bc99-4f93-89c0-afaf23daad95] Redirected to http://localhost:3000/rails/active_storage/disk/eyJfcmFpbHMiOnsibWVzc2FnZSI6IkJBaDdDVG9JYTJWNVNTSWhPVzUxWkRWNE4zZDJjVEExYW1zeGRYRmxZbXR0ZHpkMGRXZDJhd1k2QmtWVU9oQmthWE53YjNOcGRHbHZia2tpUDJsdWJHbHVaVHNnWm1sc1pXNWhiV1U5SW1sdFlXZGxjeTV3Ym1jaU95Qm1hV3hsYm1GdFpTbzlWVlJHTFRnbkoybHRZV2RsY3k1d2JtY0dPd1pVT2hGamIyNTBaVzUwWDNSNWNHVkpJZzVwYldGblpTOXdibWNHT3daVU9oRnpaWEoyYVdObFgyNWhiV1U2Q214dlkyRnMiLCJleHAiOiIyMDI0LTA0LTA4VDEyOjA5OjQ2LjUxNloiLCJwdXIiOiJibG9iX2tleSJ9fQ==--0a0300696892bf8c2a2493b5aeecf3608975e9cc/images.png
I, [2024-04-08T17:34:46.518590 #26836]  INFO -- : [1d8e1ef4-bc99-4f93-89c0-afaf23daad95] Completed 302 Found in 94ms (ActiveRecord: 24.4ms | Allocations: 16536)
I, [2024-04-08T17:34:46.520446 #26836]  INFO -- : [7bb31bc7-d74b-4788-94f4-3b33ddda1dd7] Started GET "/rails/active_storage/disk/eyJfcmFpbHMiOnsibWVzc2FnZSI6IkJBaDdDVG9JYTJWNVNTSWhkWGh1Wm5RMmNXTjRZbVF6Y0doeGN6Y3hhbWM1T0hCcGNuSXhiZ1k2QmtWVU9oQmthWE53YjNOcGRHbHZia2tpVldsdWJHbHVaVHNnWm1sc1pXNWhiV1U5SW1SdmQyNXNiMkZrSUNVeU9ESWxNamt1Y0c1bklqc2dabWxzWlc1aGJXVXFQVlZVUmkwNEp5ZGtiM2R1Ykc5aFpDVXlNQ1V5T0RJbE1qa3VjRzVuQmpzR1ZEb1JZMjl1ZEdWdWRGOTBlWEJsU1NJT2FXMWhaMlV2Y0c1bkJqc0dWRG9SYzJWeWRtbGpaVjl1WVcxbE9ncHNiMk5oYkE9PSIsImV4cCI6IjIwMjQtMDQtMDhUMTI6MDk6NDYuNTEzWiIsInB1ciI6ImJsb2Jfa2V5In19--29c87d4395abc31a044451b6cbee97d6b4ecb7c2/download%20(2).png" for 127.0.0.1 at 2024-04-08 17:34:46 +0530
I, [2024-04-08T17:34:46.521346 #26836]  INFO -- : [7bb31bc7-d74b-4788-94f4-3b33ddda1dd7] Processing by ActiveStorage::DiskController#show as PNG
I, [2024-04-08T17:34:46.521798 #26836]  INFO -- : [fb634737-e373-4e9a-a146-db1f5f102d78] Started GET "/rails/active_storage/disk/eyJfcmFpbHMiOnsibWVzc2FnZSI6IkJBaDdDVG9JYTJWNVNTSWhPVzUxWkRWNE4zZDJjVEExYW1zeGRYRmxZbXR0ZHpkMGRXZDJhd1k2QmtWVU9oQmthWE53YjNOcGRHbHZia2tpUDJsdWJHbHVaVHNnWm1sc1pXNWhiV1U5SW1sdFlXZGxjeTV3Ym1jaU95Qm1hV3hsYm1GdFpTbzlWVlJHTFRnbkoybHRZV2RsY3k1d2JtY0dPd1pVT2hGamIyNTBaVzUwWDNSNWNHVkpJZzVwYldGblpTOXdibWNHT3daVU9oRnpaWEoyYVdObFgyNWhiV1U2Q214dlkyRnMiLCJleHAiOiIyMDI0LTA0LTA4VDEyOjA5OjQ2LjUxNloiLCJwdXIiOiJibG9iX2tleSJ9fQ==--0a0300696892bf8c2a2493b5aeecf3608975e9cc/images.png" for 127.0.0.1 at 2024-04-08 17:34:46 +0530
I, [2024-04-08T17:34:46.522509 #26836]  INFO -- : [fb634737-e373-4e9a-a146-db1f5f102d78] Processing by ActiveStorage::DiskController#show as PNG
I, [2024-04-08T17:34:46.522566 #26836]  INFO -- : [fb634737-e373-4e9a-a146-db1f5f102d78]   Parameters: {"encoded_key"=>"[FILTERED]", "filename"=>"images"}
I, [2024-04-08T17:34:46.521416 #26836]  INFO -- : [7bb31bc7-d74b-4788-94f4-3b33ddda1dd7]   Parameters: {"encoded_key"=>"[FILTERED]", "filename"=>"download (2)"}
I, [2024-04-08T17:34:46.524662 #26836]  INFO -- : [fb634737-e373-4e9a-a146-db1f5f102d78] Completed 404 Not Found in 2ms (ActiveRecord: 0.0ms | Allocations: 1237)
I, [2024-04-08T17:34:46.525997 #26836]  INFO -- : [7bb31bc7-d74b-4788-94f4-3b33ddda1dd7] Completed 404 Not Found in 1ms (ActiveRecord: 0.0ms | Allocations: 885)
I, [2024-04-08T17:36:43.575180 #26836]  INFO -- : [b1423f72-c38a-46c8-b996-293397f2c1ca] Started GET "/learnings" for 127.0.0.1 at 2024-04-08 17:36:43 +0530
I, [2024-04-08T17:36:43.577279 #26836]  INFO -- : [b1423f72-c38a-46c8-b996-293397f2c1ca] Processing by LearningsController#index as HTML
I, [2024-04-08T17:36:43.740187 #26836]  INFO -- : [b1423f72-c38a-46c8-b996-293397f2c1ca]   Rendered learnings/index.html.erb within layouts/application (Duration: 135.1ms | Allocations: 34980)
I, [2024-04-08T17:36:43.741027 #26836]  INFO -- : [b1423f72-c38a-46c8-b996-293397f2c1ca]   Rendered layout layouts/application.html.erb (Duration: 135.9ms | Allocations: 35381)
I, [2024-04-08T17:36:43.741402 #26836]  INFO -- : [b1423f72-c38a-46c8-b996-293397f2c1ca] Completed 200 OK in 164ms (Views: 108.2ms | ActiveRecord: 38.8ms | Allocations: 43507)
I, [2024-04-08T17:36:43.753400 #26836]  INFO -- : [17b64829-51d5-4909-afc1-17f65d3f743e] Started GET "/css/bootstrap.min.css" for 127.0.0.1 at 2024-04-08 17:36:43 +0530
F, [2024-04-08T17:36:43.754999 #26836] FATAL -- : [17b64829-51d5-4909-afc1-17f65d3f743e]   
[17b64829-51d5-4909-afc1-17f65d3f743e] ActionController::RoutingError (No route matches [GET] "/css/bootstrap.min.css"):
[17b64829-51d5-4909-afc1-17f65d3f743e]   
I, [2024-04-08T17:36:43.755946 #26848]  INFO -- : [36d2ef95-5b32-4b9e-832b-f68e77cfa7e3] Started GET "/js/bootstrap.min.js" for 127.0.0.1 at 2024-04-08 17:36:43 +0530
F, [2024-04-08T17:36:43.756590 #26848] FATAL -- : [36d2ef95-5b32-4b9e-832b-f68e77cfa7e3]   
[36d2ef95-5b32-4b9e-832b-f68e77cfa7e3] ActionController::RoutingError (No route matches [GET] "/js/bootstrap.min.js"):
[36d2ef95-5b32-4b9e-832b-f68e77cfa7e3]   
I, [2024-04-08T17:36:43.756608 #26860]  INFO -- : [cb318477-c3d5-464a-bb2f-f1ad9e666aa1] Started GET "/js/jquery-3.5.1.min.js" for 127.0.0.1 at 2024-04-08 17:36:43 +0530
F, [2024-04-08T17:36:43.757166 #26860] FATAL -- : [cb318477-c3d5-464a-bb2f-f1ad9e666aa1]   
[cb318477-c3d5-464a-bb2f-f1ad9e666aa1] ActionController::RoutingError (No route matches [GET] "/js/jquery-3.5.1.min.js"):
[cb318477-c3d5-464a-bb2f-f1ad9e666aa1]   
I, [2024-04-08T17:36:43.761899 #26848]  INFO -- : [0f2cbf0e-2eb6-437e-9568-e7a528974c56] Started GET "/rails/active_storage/disk/eyJfcmFpbHMiOnsibWVzc2FnZSI6IkJBaDdDVG9JYTJWNVNTSWhkWGh1Wm5RMmNXTjRZbVF6Y0doeGN6Y3hhbWM1T0hCcGNuSXhiZ1k2QmtWVU9oQmthWE53YjNOcGRHbHZia2tpVldsdWJHbHVaVHNnWm1sc1pXNWhiV1U5SW1SdmQyNXNiMkZrSUNVeU9ESWxNamt1Y0c1bklqc2dabWxzWlc1aGJXVXFQVlZVUmkwNEp5ZGtiM2R1Ykc5aFpDVXlNQ1V5T0RJbE1qa3VjRzVuQmpzR1ZEb1JZMjl1ZEdWdWRGOTBlWEJsU1NJT2FXMWhaMlV2Y0c1bkJqc0dWRG9SYzJWeWRtbGpaVjl1WVcxbE9ncHNiMk5oYkE9PSIsImV4cCI6IjIwMjQtMDQtMDhUMTI6MDk6NDYuNTEzWiIsInB1ciI6ImJsb2Jfa2V5In19--29c87d4395abc31a044451b6cbee97d6b4ecb7c2/download%20(2).png" for 127.0.0.1 at 2024-04-08 17:36:43 +0530
I, [2024-04-08T17:36:43.763131 #26848]  INFO -- : [0f2cbf0e-2eb6-437e-9568-e7a528974c56] Processing by ActiveStorage::DiskController#show as PNG
I, [2024-04-08T17:36:43.763261 #26848]  INFO -- : [0f2cbf0e-2eb6-437e-9568-e7a528974c56]   Parameters: {"encoded_key"=>"[FILTERED]", "filename"=>"download (2)"}
I, [2024-04-08T17:36:43.763897 #26860]  INFO -- : [719bab54-cf39-484f-a847-fe83e78e47d0] Started GET "/rails/active_storage/disk/eyJfcmFpbHMiOnsibWVzc2FnZSI6IkJBaDdDVG9JYTJWNVNTSWhabkZxWldjMmRYbG1lbnBzY1hOa01uZDFkMjFuWVhkcWVEaGxaQVk2QmtWVU9oQmthWE53YjNOcGRHbHZia2tpVldsdWJHbHVaVHNnWm1sc1pXNWhiV1U5SW1SdmQyNXNiMkZrSUNVeU9ERWxNamt1Y0c1bklqc2dabWxzWlc1aGJXVXFQVlZVUmkwNEp5ZGtiM2R1Ykc5aFpDVXlNQ1V5T0RFbE1qa3VjRzVuQmpzR1ZEb1JZMjl1ZEdWdWRGOTBlWEJsU1NJT2FXMWhaMlV2Y0c1bkJqc0dWRG9SYzJWeWRtbGpaVjl1WVcxbE9ncHNiMk5oYkE9PSIsImV4cCI6IjIwMjQtMDQtMDhUMTI6MDk6NDYuMzg0WiIsInB1ciI6ImJsb2Jfa2V5In19--f1419a6ddc2a0d2245bebc9a144f092636f178cb/download%20(1).png" for 127.0.0.1 at 2024-04-08 17:36:43 +0530
I, [2024-04-08T17:36:43.765168 #26860]  INFO -- : [719bab54-cf39-484f-a847-fe83e78e47d0] Processing by ActiveStorage::DiskController#show as PNG
I, [2024-04-08T17:36:43.766636 #26860]  INFO -- : [719bab54-cf39-484f-a847-fe83e78e47d0]   Parameters: {"encoded_key"=>"[FILTERED]", "filename"=>"download (1)"}
I, [2024-04-08T17:36:43.768757 #26848]  INFO -- : [0f2cbf0e-2eb6-437e-9568-e7a528974c56] Completed 404 Not Found in 5ms (ActiveRecord: 0.0ms | Allocations: 886)
I, [2024-04-08T17:36:43.768824 #26860]  INFO -- : [719bab54-cf39-484f-a847-fe83e78e47d0] Completed 404 Not Found in 2ms (ActiveRecord: 0.0ms | Allocations: 888)
I, [2024-04-08T17:36:43.775737 #26860]  INFO -- : [6ab91bc9-f614-42c1-8fb5-0b7f652a34ca] Started GET "/rails/active_storage/disk/eyJfcmFpbHMiOnsibWVzc2FnZSI6IkJBaDdDVG9JYTJWNVNTSWhPSFo0Yld0a1ozVnBNMlYwY0RNNE9HczJObkZwYTJkNGNqVXpOZ1k2QmtWVU9oQmthWE53YjNOcGRHbHZia2tpVldsdWJHbHVaVHNnWm1sc1pXNWhiV1U5SW1SdmQyNXNiMkZrSUNVeU9ETWxNamt1Y0c1bklqc2dabWxzWlc1aGJXVXFQVlZVUmkwNEp5ZGtiM2R1Ykc5aFpDVXlNQ1V5T0RNbE1qa3VjRzVuQmpzR1ZEb1JZMjl1ZEdWdWRGOTBlWEJsU1NJT2FXMWhaMlV2Y0c1bkJqc0dWRG9SYzJWeWRtbGpaVjl1WVcxbE9ncHNiMk5oYkE9PSIsImV4cCI6IjIwMjQtMDQtMDhUMTI6MDk6NDYuNDUyWiIsInB1ciI6ImJsb2Jfa2V5In19--6f60ebb7293c0edf6c6296992f2056909e3f46f7/download%20(3).png" for 127.0.0.1 at 2024-04-08 17:36:43 +0530
I, [2024-04-08T17:36:43.776127 #26836]  INFO -- : [bd1e656f-5dc8-42fc-92b4-537e49dee947] Started GET "/rails/active_storage/disk/eyJfcmFpbHMiOnsibWVzc2FnZSI6IkJBaDdDVG9JYTJWNVNTSWhaR0ZuTVdGaU9YQjBPSFkyZWpnemNtNXNaREp2Y3poeVlURTViZ1k2QmtWVU9oQmthWE53YjNOcGRHbHZia2tpVldsdWJHbHVaVHNnWm1sc1pXNWhiV1U5SW1SdmQyNXNiMkZrSUNVeU9EWWxNamt1Y0c1bklqc2dabWxzWlc1aGJXVXFQVlZVUmkwNEp5ZGtiM2R1Ykc5aFpDVXlNQ1V5T0RZbE1qa3VjRzVuQmpzR1ZEb1JZMjl1ZEdWdWRGOTBlWEJsU1NJT2FXMWhaMlV2Y0c1bkJqc0dWRG9SYzJWeWRtbGpaVjl1WVcxbE9ncHNiMk5oYkE9PSIsImV4cCI6IjIwMjQtMDQtMDhUMTI6MDk6NDYuNDcyWiIsInB1ciI6ImJsb2Jfa2V5In19--b06b2b66009884abcfeba26898af462c36288b42/download%20(6).png" for 127.0.0.1 at 2024-04-08 17:36:43 +0530
I, [2024-04-08T17:36:43.776986 #26848]  INFO -- : [4716cc52-c464-4308-ba34-ed0ef2d9d210] Started GET "/rails/active_storage/disk/eyJfcmFpbHMiOnsibWVzc2FnZSI6IkJBaDdDVG9JYTJWNVNTSWhkVFY2ZFRCa01XWXhaVFE0TUdFNGMzWnllV1JtWVd4dWFtbDZlUVk2QmtWVU9oQmthWE53YjNOcGRHbHZia2tpUldsdWJHbHVaVHNnWm1sc1pXNWhiV1U5SW1SdmQyNXNiMkZrTG1wd1pXY2lPeUJtYVd4bGJtRnRaU285VlZSR0xUZ25KMlJ2ZDI1c2IyRmtMbXB3WldjR093WlVPaEZqYjI1MFpXNTBYM1I1Y0dWSklnOXBiV0ZuWlM5cWNHVm5CanNHVkRvUmMyVnlkbWxqWlY5dVlXMWxPZ3BzYjJOaGJBPT0iLCJleHAiOiIyMDI0LTA0LTA4VDEyOjA5OjQ2LjQ2NVoiLCJwdXIiOiJibG9iX2tleSJ9fQ==--39b5869ad2f34344a2296e994f223df94c410fc2/download.jpeg" for 127.0.0.1 at 2024-04-08 17:36:43 +0530
I, [2024-04-08T17:36:43.777298 #26860]  INFO -- : [6ab91bc9-f614-42c1-8fb5-0b7f652a34ca] Processing by ActiveStorage::DiskController#show as PNG
I, [2024-04-08T17:36:43.777373 #26860]  INFO -- : [6ab91bc9-f614-42c1-8fb5-0b7f652a34ca]   Parameters: {"encoded_key"=>"[FILTERED]", "filename"=>"download (3)"}
I, [2024-04-08T17:36:43.777890 #26836]  INFO -- : [bd1e656f-5dc8-42fc-92b4-537e49dee947] Processing by ActiveStorage::DiskController#show as PNG
I, [2024-04-08T17:36:43.778122 #26836]  INFO -- : [bd1e656f-5dc8-42fc-92b4-537e49dee947]   Parameters: {"encoded_key"=>"[FILTERED]", "filename"=>"download (6)"}
I, [2024-04-08T17:36:43.779192 #26848]  INFO -- : [4716cc52-c464-4308-ba34-ed0ef2d9d210] Processing by ActiveStorage::DiskController#show as JPEG
I, [2024-04-08T17:36:43.779288 #26848]  INFO -- : [4716cc52-c464-4308-ba34-ed0ef2d9d210]   Parameters: {"encoded_key"=>"[FILTERED]", "filename"=>"download"}
I, [2024-04-08T17:36:43.779749 #26860]  INFO -- : [6ab91bc9-f614-42c1-8fb5-0b7f652a34ca] Completed 404 Not Found in 2ms (ActiveRecord: 0.0ms | Allocations: 884)
I, [2024-04-08T17:36:43.781183 #26836]  INFO -- : [b086a43a-357a-4f91-af2c-5e72e00e779f] Started GET "/rails/active_storage/disk/eyJfcmFpbHMiOnsibWVzc2FnZSI6IkJBaDdDVG9JYTJWNVNTSWhPVzUxWkRWNE4zZDJjVEExYW1zeGRYRmxZbXR0ZHpkMGRXZDJhd1k2QmtWVU9oQmthWE53YjNOcGRHbHZia2tpUDJsdWJHbHVaVHNnWm1sc1pXNWhiV1U5SW1sdFlXZGxjeTV3Ym1jaU95Qm1hV3hsYm1GdFpTbzlWVlJHTFRnbkoybHRZV2RsY3k1d2JtY0dPd1pVT2hGamIyNTBaVzUwWDNSNWNHVkpJZzVwYldGblpTOXdibWNHT3daVU9oRnpaWEoyYVdObFgyNWhiV1U2Q214dlkyRnMiLCJleHAiOiIyMDI0LTA0LTA4VDEyOjA5OjQ2LjUxNloiLCJwdXIiOiJibG9iX2tleSJ9fQ==--0a0300696892bf8c2a2493b5aeecf3608975e9cc/images.png" for 127.0.0.1 at 2024-04-08 17:36:43 +0530
I, [2024-04-08T17:36:43.783168 #26836]  INFO -- : [b086a43a-357a-4f91-af2c-5e72e00e779f] Processing by ActiveStorage::DiskController#show as PNG
I, [2024-04-08T17:36:43.783251 #26836]  INFO -- : [b086a43a-357a-4f91-af2c-5e72e00e779f]   Parameters: {"encoded_key"=>"[FILTERED]", "filename"=>"images"}
I, [2024-04-08T17:36:43.783505 #26848]  INFO -- : [4716cc52-c464-4308-ba34-ed0ef2d9d210] Completed 404 Not Found in 4ms (ActiveRecord: 0.0ms | Allocations: 884)
I, [2024-04-08T17:36:43.782040 #26836]  INFO -- : [bd1e656f-5dc8-42fc-92b4-537e49dee947] Completed 404 Not Found in 4ms (ActiveRecord: 0.0ms | Allocations: 1010)
I, [2024-04-08T17:36:43.786854 #26836]  INFO -- : [b086a43a-357a-4f91-af2c-5e72e00e779f] Completed 404 Not Found in 3ms (ActiveRecord: 0.0ms | Allocations: 885)
I, [2024-04-08T17:36:43.791388 #26836]  INFO -- : [eca155c9-c496-4aa0-aebb-5239cbe4d7aa] Started GET "/rails/active_storage/disk/eyJfcmFpbHMiOnsibWVzc2FnZSI6IkJBaDdDVG9JYTJWNVNTSWhlSGs0TUhRNE5uUTJlV0ZxZDJRMllYTnpaV3hzTURJM05EZzViZ1k2QmtWVU9oQmthWE53YjNOcGRHbHZia2tpVldsdWJHbHVaVHNnWm1sc1pXNWhiV1U5SW1SdmQyNXNiMkZrSUNVeU9EWWxNamt1Y0c1bklqc2dabWxzWlc1aGJXVXFQVlZVUmkwNEp5ZGtiM2R1Ykc5aFpDVXlNQ1V5T0RZbE1qa3VjRzVuQmpzR1ZEb1JZMjl1ZEdWdWRGOTBlWEJsU1NJT2FXMWhaMlV2Y0c1bkJqc0dWRG9SYzJWeWRtbGpaVjl1WVcxbE9ncHNiMk5oYkE9PSIsImV4cCI6IjIwMjQtMDQtMDhUMTI6MDk6NDYuNDMwWiIsInB1ciI6ImJsb2Jfa2V5In19--83d1b21a93ffe8cf542670a54fc18fefb7a8c8e0/download%20(6).png" for 127.0.0.1 at 2024-04-08 17:36:43 +0530
I, [2024-04-08T17:36:43.793294 #26836]  INFO -- : [eca155c9-c496-4aa0-aebb-5239cbe4d7aa] Processing by ActiveStorage::DiskController#show as PNG
I, [2024-04-08T17:36:43.793383 #26836]  INFO -- : [eca155c9-c496-4aa0-aebb-5239cbe4d7aa]   Parameters: {"encoded_key"=>"[FILTERED]", "filename"=>"download (6)"}
I, [2024-04-08T17:36:43.795502 #26836]  INFO -- : [eca155c9-c496-4aa0-aebb-5239cbe4d7aa] Completed 404 Not Found in 2ms (ActiveRecord: 0.0ms | Allocations: 884)
I, [2024-04-08T17:38:15.777046 #26860]  INFO -- : [963ef570-ff5a-41bb-864e-97f0ac6fb9f6] Started GET "/pdf" for 127.0.0.1 at 2024-04-08 17:38:15 +0530
I, [2024-04-08T17:38:15.778571 #26860]  INFO -- : [963ef570-ff5a-41bb-864e-97f0ac6fb9f6] Processing by LearningsController#pdf as HTML
I, [2024-04-08T17:38:15.808250 #26860]  INFO -- : [963ef570-ff5a-41bb-864e-97f0ac6fb9f6]   Rendered learnings/pdf.html.erb within layouts/application (Duration: 24.2ms | Allocations: 3981)
I, [2024-04-08T17:38:15.808364 #26860]  INFO -- : [963ef570-ff5a-41bb-864e-97f0ac6fb9f6]   Rendered layout layouts/application.html.erb (Duration: 24.4ms | Allocations: 4016)
I, [2024-04-08T17:38:15.808570 #26860]  INFO -- : [963ef570-ff5a-41bb-864e-97f0ac6fb9f6] Completed 500 Internal Server Error in 30ms (ActiveRecord: 0.5ms | Allocations: 5287)
F, [2024-04-08T17:38:15.810218 #26860] FATAL -- : [963ef570-ff5a-41bb-864e-97f0ac6fb9f6]   
[963ef570-ff5a-41bb-864e-97f0ac6fb9f6] ActionView::Template::Error (undefined method `company_name' for #<Registration:0x0000649cca917e60>):
[963ef570-ff5a-41bb-864e-97f0ac6fb9f6]     179:         </div>
[963ef570-ff5a-41bb-864e-97f0ac6fb9f6]     180:         <div class="regis_form">
[963ef570-ff5a-41bb-864e-97f0ac6fb9f6]     181:             <%= f.label :company_name %>
[963ef570-ff5a-41bb-864e-97f0ac6fb9f6]     182:               <%= f.text_field :company_name, class: "form-control", placeholder: "Type your company_name here" %>
[963ef570-ff5a-41bb-864e-97f0ac6fb9f6]     183:         </div>
[963ef570-ff5a-41bb-864e-97f0ac6fb9f6]     184:         <div class="regis_form">
[963ef570-ff5a-41bb-864e-97f0ac6fb9f6]     185:             <%= f.label :college_name %>
[963ef570-ff5a-41bb-864e-97f0ac6fb9f6]   
[963ef570-ff5a-41bb-864e-97f0ac6fb9f6] app/views/learnings/pdf.html.erb:182
[963ef570-ff5a-41bb-864e-97f0ac6fb9f6] app/views/learnings/pdf.html.erb:163
I, [2024-04-08T17:39:01.146363 #26860]  INFO -- : [befb5c43-b8c0-49b9-ae3f-7bd468e0f20a] Started GET "/pdf" for 127.0.0.1 at 2024-04-08 17:39:01 +0530
I, [2024-04-08T17:39:01.147102 #26860]  INFO -- : [befb5c43-b8c0-49b9-ae3f-7bd468e0f20a] Processing by LearningsController#pdf as HTML
I, [2024-04-08T17:39:01.169251 #26860]  INFO -- : [befb5c43-b8c0-49b9-ae3f-7bd468e0f20a]   Rendered learnings/pdf.html.erb within layouts/application (Duration: 17.3ms | Allocations: 3088)
I, [2024-04-08T17:39:01.169376 #26860]  INFO -- : [befb5c43-b8c0-49b9-ae3f-7bd468e0f20a]   Rendered layout layouts/application.html.erb (Duration: 17.4ms | Allocations: 3123)
I, [2024-04-08T17:39:01.169533 #26860]  INFO -- : [befb5c43-b8c0-49b9-ae3f-7bd468e0f20a] Completed 500 Internal Server Error in 22ms (ActiveRecord: 0.4ms | Allocations: 4249)
F, [2024-04-08T17:39:01.171386 #26860] FATAL -- : [befb5c43-b8c0-49b9-ae3f-7bd468e0f20a]   
[befb5c43-b8c0-49b9-ae3f-7bd468e0f20a] ActionView::Template::Error (undefined method `company_name' for #<Registration:0x0000649ccaa491a8>):
[befb5c43-b8c0-49b9-ae3f-7bd468e0f20a]     179:         </div>
[befb5c43-b8c0-49b9-ae3f-7bd468e0f20a]     180:         <div class="regis_form">
[befb5c43-b8c0-49b9-ae3f-7bd468e0f20a]     181:             <%= f.label :company_name %>
[befb5c43-b8c0-49b9-ae3f-7bd468e0f20a]     182:               <%= f.text_field :company_name, class: "form-control", placeholder: "Type your company_name here" %>
[befb5c43-b8c0-49b9-ae3f-7bd468e0f20a]     183:         </div>
[befb5c43-b8c0-49b9-ae3f-7bd468e0f20a]     184:         <div class="regis_form">
[befb5c43-b8c0-49b9-ae3f-7bd468e0f20a]     185:             <%= f.label :college_name %>
[befb5c43-b8c0-49b9-ae3f-7bd468e0f20a]   
[befb5c43-b8c0-49b9-ae3f-7bd468e0f20a] app/views/learnings/pdf.html.erb:182
[befb5c43-b8c0-49b9-ae3f-7bd468e0f20a] app/views/learnings/pdf.html.erb:163
I, [2024-04-08T17:39:25.222322 #27197]  INFO -- : Migrating to AddFieldsToRegistrations (20240408051057)
I, [2024-04-08T17:39:40.585711 #27255]  INFO -- : [733293d8-aef8-41d9-a987-fb72b26cd5d4] Started GET "/pdf" for 127.0.0.1 at 2024-04-08 17:39:40 +0530
I, [2024-04-08T17:39:40.593732 #27255]  INFO -- : [733293d8-aef8-41d9-a987-fb72b26cd5d4] Processing by LearningsController#pdf as HTML
I, [2024-04-08T17:39:40.694863 #27255]  INFO -- : [733293d8-aef8-41d9-a987-fb72b26cd5d4]   Rendered learnings/pdf.html.erb within layouts/application (Duration: 3.7ms | Allocations: 2552)
I, [2024-04-08T17:39:40.695434 #27255]  INFO -- : [733293d8-aef8-41d9-a987-fb72b26cd5d4]   Rendered layout layouts/application.html.erb (Duration: 4.4ms | Allocations: 2956)
I, [2024-04-08T17:39:40.695776 #27255]  INFO -- : [733293d8-aef8-41d9-a987-fb72b26cd5d4] Completed 200 OK in 102ms (Views: 6.1ms | ActiveRecord: 45.6ms | Allocations: 17693)
I, [2024-04-08T17:39:40.706742 #27255]  INFO -- : [68602128-f626-40b4-ac37-e5d07db41d3a] Started GET "/css/bootstrap.min.css" for 127.0.0.1 at 2024-04-08 17:39:40 +0530
F, [2024-04-08T17:39:40.707355 #27255] FATAL -- : [68602128-f626-40b4-ac37-e5d07db41d3a]   
[68602128-f626-40b4-ac37-e5d07db41d3a] ActionController::RoutingError (No route matches [GET] "/css/bootstrap.min.css"):
[68602128-f626-40b4-ac37-e5d07db41d3a]   
I, [2024-04-08T17:39:40.709929 #27243]  INFO -- : [c9923f13-5dc6-4210-a562-1428025219d3] Started GET "/js/jquery-3.5.1.min.js" for 127.0.0.1 at 2024-04-08 17:39:40 +0530
I, [2024-04-08T17:39:40.710397 #27243]  INFO -- : [5824a227-b2b6-4c42-8912-be344a65eb8d] Started GET "/js/bootstrap.min.js" for 127.0.0.1 at 2024-04-08 17:39:40 +0530
F, [2024-04-08T17:39:40.711309 #27243] FATAL -- : [5824a227-b2b6-4c42-8912-be344a65eb8d]   
[5824a227-b2b6-4c42-8912-be344a65eb8d] ActionController::RoutingError (No route matches [GET] "/js/bootstrap.min.js"):
[5824a227-b2b6-4c42-8912-be344a65eb8d]   
F, [2024-04-08T17:39:40.712604 #27243] FATAL -- : [c9923f13-5dc6-4210-a562-1428025219d3]   
[c9923f13-5dc6-4210-a562-1428025219d3] ActionController::RoutingError (No route matches [GET] "/js/jquery-3.5.1.min.js"):
[c9923f13-5dc6-4210-a562-1428025219d3]   
I, [2024-04-08T17:40:46.313362 #27236]  INFO -- : [d4eccb89-1203-49d6-8233-39322f37125a] Started GET "/pdf" for 127.0.0.1 at 2024-04-08 17:40:46 +0530
I, [2024-04-08T17:40:46.317133 #27236]  INFO -- : [d4eccb89-1203-49d6-8233-39322f37125a] Processing by LearningsController#pdf as HTML
I, [2024-04-08T17:40:46.412917 #27236]  INFO -- : [d4eccb89-1203-49d6-8233-39322f37125a]   Rendered learnings/pdf.html.erb within layouts/application (Duration: 3.7ms | Allocations: 2537)
I, [2024-04-08T17:40:46.413428 #27236]  INFO -- : [d4eccb89-1203-49d6-8233-39322f37125a]   Rendered layout layouts/application.html.erb (Duration: 4.3ms | Allocations: 2941)
I, [2024-04-08T17:40:46.413766 #27236]  INFO -- : [d4eccb89-1203-49d6-8233-39322f37125a] Completed 200 OK in 96ms (Views: 6.0ms | ActiveRecord: 12.3ms | Allocations: 17168)
I, [2024-04-08T17:40:46.427621 #27236]  INFO -- : [7ce618f7-f6a1-4090-a1b2-34708659adfe] Started GET "/css/bootstrap.min.css" for 127.0.0.1 at 2024-04-08 17:40:46 +0530
F, [2024-04-08T17:40:46.428175 #27236] FATAL -- : [7ce618f7-f6a1-4090-a1b2-34708659adfe]   
[7ce618f7-f6a1-4090-a1b2-34708659adfe] ActionController::RoutingError (No route matches [GET] "/css/bootstrap.min.css"):
[7ce618f7-f6a1-4090-a1b2-34708659adfe]   
I, [2024-04-08T17:40:46.429492 #27255]  INFO -- : [b2edfea2-6d88-470c-b311-a3ce4046fddd] Started GET "/js/jquery-3.5.1.min.js" for 127.0.0.1 at 2024-04-08 17:40:46 +0530
F, [2024-04-08T17:40:46.430138 #27255] FATAL -- : [b2edfea2-6d88-470c-b311-a3ce4046fddd]   
[b2edfea2-6d88-470c-b311-a3ce4046fddd] ActionController::RoutingError (No route matches [GET] "/js/jquery-3.5.1.min.js"):
[b2edfea2-6d88-470c-b311-a3ce4046fddd]   
I, [2024-04-08T17:40:46.432684 #27236]  INFO -- : [b20c8ab5-0c2d-4e86-8f56-cac7b81653f2] Started GET "/js/bootstrap.min.js" for 127.0.0.1 at 2024-04-08 17:40:46 +0530
F, [2024-04-08T17:40:46.433022 #27236] FATAL -- : [b20c8ab5-0c2d-4e86-8f56-cac7b81653f2]   
[b20c8ab5-0c2d-4e86-8f56-cac7b81653f2] ActionController::RoutingError (No route matches [GET] "/js/bootstrap.min.js"):
[b20c8ab5-0c2d-4e86-8f56-cac7b81653f2]   
I, [2024-04-08T17:56:54.637134 #27255]  INFO -- : [847fec2f-641c-4c95-8e55-799bad2fa974] Started GET "/learnings" for 127.0.0.1 at 2024-04-08 17:56:54 +0530
I, [2024-04-08T17:56:54.638472 #27255]  INFO -- : [847fec2f-641c-4c95-8e55-799bad2fa974] Processing by LearningsController#index as HTML
I, [2024-04-08T17:56:54.830006 #27255]  INFO -- : [847fec2f-641c-4c95-8e55-799bad2fa974]   Rendered learnings/index.html.erb within layouts/application (Duration: 147.1ms | Allocations: 39884)
I, [2024-04-08T17:56:54.830210 #27255]  INFO -- : [847fec2f-641c-4c95-8e55-799bad2fa974]   Rendered layout layouts/application.html.erb (Duration: 147.4ms | Allocations: 39938)
I, [2024-04-08T17:56:54.830480 #27255]  INFO -- : [847fec2f-641c-4c95-8e55-799bad2fa974] Completed 200 OK in 192ms (Views: 113.2ms | ActiveRecord: 40.1ms | Allocations: 45166)
I, [2024-04-08T17:56:54.842009 #27255]  INFO -- : [69508f92-add1-4305-98f6-e8366f7e6085] Started GET "/css/bootstrap.min.css" for 127.0.0.1 at 2024-04-08 17:56:54 +0530
F, [2024-04-08T17:56:54.842554 #27255] FATAL -- : [69508f92-add1-4305-98f6-e8366f7e6085]   
[69508f92-add1-4305-98f6-e8366f7e6085] ActionController::RoutingError (No route matches [GET] "/css/bootstrap.min.css"):
[69508f92-add1-4305-98f6-e8366f7e6085]   
I, [2024-04-08T17:56:54.845507 #27236]  INFO -- : [5c8534ad-49d5-4ffb-aa0e-f2040326ba5d] Started GET "/js/jquery-3.5.1.min.js" for 127.0.0.1 at 2024-04-08 17:56:54 +0530
F, [2024-04-08T17:56:54.846157 #27236] FATAL -- : [5c8534ad-49d5-4ffb-aa0e-f2040326ba5d]   
[5c8534ad-49d5-4ffb-aa0e-f2040326ba5d] ActionController::RoutingError (No route matches [GET] "/js/jquery-3.5.1.min.js"):
[5c8534ad-49d5-4ffb-aa0e-f2040326ba5d]   
I, [2024-04-08T17:56:54.849261 #27236]  INFO -- : [2bb8fa68-9c54-47e1-a7a4-9b600437e985] Started GET "/rails/active_storage/blobs/redirect/eyJfcmFpbHMiOnsibWVzc2FnZSI6IkJBaHBEUT09IiwiZXhwIjpudWxsLCJwdXIiOiJibG9iX2lkIn19--69de0138c21a35f5bf52ca4afdfee927394607fe/download%20(1).png" for 127.0.0.1 at 2024-04-08 17:56:54 +0530
I, [2024-04-08T17:56:54.849402 #27255]  INFO -- : [a7128eb3-c0b1-4fbf-be20-f5702178e064] Started GET "/rails/active_storage/blobs/redirect/eyJfcmFpbHMiOnsibWVzc2FnZSI6IkJBaHBEZz09IiwiZXhwIjpudWxsLCJwdXIiOiJibG9iX2lkIn19--c263c4f8b2153e29f94b5e53ee0b5f6979038bae/download%20(2).png" for 127.0.0.1 at 2024-04-08 17:56:54 +0530
I, [2024-04-08T17:56:54.850363 #27236]  INFO -- : [2bb8fa68-9c54-47e1-a7a4-9b600437e985] Processing by ActiveStorage::Blobs::RedirectController#show as PNG
I, [2024-04-08T17:56:54.850457 #27236]  INFO -- : [2bb8fa68-9c54-47e1-a7a4-9b600437e985]   Parameters: {"signed_id"=>"eyJfcmFpbHMiOnsibWVzc2FnZSI6IkJBaHBEUT09IiwiZXhwIjpudWxsLCJwdXIiOiJibG9iX2lkIn19--69de0138c21a35f5bf52ca4afdfee927394607fe", "filename"=>"download (1)"}
I, [2024-04-08T17:56:54.851034 #27267]  INFO -- : [f9ade226-a10e-493a-9dd3-a712f0345b74] Started GET "/js/bootstrap.min.js" for 127.0.0.1 at 2024-04-08 17:56:54 +0530
I, [2024-04-08T17:56:54.851189 #27255]  INFO -- : [a7128eb3-c0b1-4fbf-be20-f5702178e064] Processing by ActiveStorage::Blobs::RedirectController#show as PNG
I, [2024-04-08T17:56:54.851281 #27255]  INFO -- : [a7128eb3-c0b1-4fbf-be20-f5702178e064]   Parameters: {"signed_id"=>"eyJfcmFpbHMiOnsibWVzc2FnZSI6IkJBaHBEZz09IiwiZXhwIjpudWxsLCJwdXIiOiJibG9iX2lkIn19--c263c4f8b2153e29f94b5e53ee0b5f6979038bae", "filename"=>"download (2)"}
F, [2024-04-08T17:56:54.852345 #27267] FATAL -- : [f9ade226-a10e-493a-9dd3-a712f0345b74]   
[f9ade226-a10e-493a-9dd3-a712f0345b74] ActionController::RoutingError (No route matches [GET] "/js/bootstrap.min.js"):
[f9ade226-a10e-493a-9dd3-a712f0345b74]   
I, [2024-04-08T17:56:54.856339 #27255]  INFO -- : [a7128eb3-c0b1-4fbf-be20-f5702178e064] Redirected to http://localhost:3000/rails/active_storage/disk/eyJfcmFpbHMiOnsibWVzc2FnZSI6IkJBaDdDVG9JYTJWNVNTSWhkWGh1Wm5RMmNXTjRZbVF6Y0doeGN6Y3hhbWM1T0hCcGNuSXhiZ1k2QmtWVU9oQmthWE53YjNOcGRHbHZia2tpVldsdWJHbHVaVHNnWm1sc1pXNWhiV1U5SW1SdmQyNXNiMkZrSUNVeU9ESWxNamt1Y0c1bklqc2dabWxzWlc1aGJXVXFQVlZVUmkwNEp5ZGtiM2R1Ykc5aFpDVXlNQ1V5T0RJbE1qa3VjRzVuQmpzR1ZEb1JZMjl1ZEdWdWRGOTBlWEJsU1NJT2FXMWhaMlV2Y0c1bkJqc0dWRG9SYzJWeWRtbGpaVjl1WVcxbE9ncHNiMk5oYkE9PSIsImV4cCI6IjIwMjQtMDQtMDhUMTI6MzE6NTQuODU1WiIsInB1ciI6ImJsb2Jfa2V5In19--7363cbff8c6761fb958690155660fc478130a0ac/download%20(2).png
I, [2024-04-08T17:56:54.856638 #27255]  INFO -- : [a7128eb3-c0b1-4fbf-be20-f5702178e064] Completed 302 Found in 5ms (ActiveRecord: 0.3ms | Allocations: 1013)
I, [2024-04-08T17:56:54.859677 #27255]  INFO -- : [02146563-1021-4482-9b90-f0cde146a8f5] Started GET "/rails/active_storage/blobs/redirect/eyJfcmFpbHMiOnsibWVzc2FnZSI6IkJBaHBEdz09IiwiZXhwIjpudWxsLCJwdXIiOiJibG9iX2lkIn19--a2cbb36c9bd36794f91d2c2377874956943f5639/download%20(3).png" for 127.0.0.1 at 2024-04-08 17:56:54 +0530
I, [2024-04-08T17:56:54.860647 #27236]  INFO -- : [30524d07-6913-4092-b10e-3ee9ddca6d9c] Started GET "/rails/active_storage/blobs/redirect/eyJfcmFpbHMiOnsibWVzc2FnZSI6IkJBaHBDQT09IiwiZXhwIjpudWxsLCJwdXIiOiJibG9iX2lkIn19--47dbcde3b57fb2fa908cb593f8c7e29b2597868e/download%20(6).png" for 127.0.0.1 at 2024-04-08 17:56:54 +0530
I, [2024-04-08T17:56:54.860682 #27243]  INFO -- : [451b78a7-ed07-444a-9d90-de6b40d6a25b] Started GET "/rails/active_storage/blobs/redirect/eyJfcmFpbHMiOnsibWVzc2FnZSI6IkJBaHBDUT09IiwiZXhwIjpudWxsLCJwdXIiOiJibG9iX2lkIn19--ff09417cf676aa9442e8fddacf44bee0b9bb0484/images.png" for 127.0.0.1 at 2024-04-08 17:56:54 +0530
I, [2024-04-08T17:56:54.861425 #27255]  INFO -- : [02146563-1021-4482-9b90-f0cde146a8f5] Processing by ActiveStorage::Blobs::RedirectController#show as PNG
I, [2024-04-08T17:56:54.861619 #27255]  INFO -- : [02146563-1021-4482-9b90-f0cde146a8f5]   Parameters: {"signed_id"=>"eyJfcmFpbHMiOnsibWVzc2FnZSI6IkJBaHBEdz09IiwiZXhwIjpudWxsLCJwdXIiOiJibG9iX2lkIn19--a2cbb36c9bd36794f91d2c2377874956943f5639", "filename"=>"download (3)"}
I, [2024-04-08T17:56:54.861814 #27236]  INFO -- : [30524d07-6913-4092-b10e-3ee9ddca6d9c] Processing by ActiveStorage::Blobs::RedirectController#show as PNG
I, [2024-04-08T17:56:54.861947 #27236]  INFO -- : [30524d07-6913-4092-b10e-3ee9ddca6d9c]   Parameters: {"signed_id"=>"eyJfcmFpbHMiOnsibWVzc2FnZSI6IkJBaHBDQT09IiwiZXhwIjpudWxsLCJwdXIiOiJibG9iX2lkIn19--47dbcde3b57fb2fa908cb593f8c7e29b2597868e", "filename"=>"download (6)"}
I, [2024-04-08T17:56:54.864031 #27243]  INFO -- : [451b78a7-ed07-444a-9d90-de6b40d6a25b] Processing by ActiveStorage::Blobs::RedirectController#show as PNG
I, [2024-04-08T17:56:54.864146 #27243]  INFO -- : [451b78a7-ed07-444a-9d90-de6b40d6a25b]   Parameters: {"signed_id"=>"eyJfcmFpbHMiOnsibWVzc2FnZSI6IkJBaHBDUT09IiwiZXhwIjpudWxsLCJwdXIiOiJibG9iX2lkIn19--ff09417cf676aa9442e8fddacf44bee0b9bb0484", "filename"=>"images"}
I, [2024-04-08T17:56:54.865403 #27255]  INFO -- : [02146563-1021-4482-9b90-f0cde146a8f5] Redirected to http://localhost:3000/rails/active_storage/disk/eyJfcmFpbHMiOnsibWVzc2FnZSI6IkJBaDdDVG9JYTJWNVNTSWhPSFo0Yld0a1ozVnBNMlYwY0RNNE9HczJObkZwYTJkNGNqVXpOZ1k2QmtWVU9oQmthWE53YjNOcGRHbHZia2tpVldsdWJHbHVaVHNnWm1sc1pXNWhiV1U5SW1SdmQyNXNiMkZrSUNVeU9ETWxNamt1Y0c1bklqc2dabWxzWlc1aGJXVXFQVlZVUmkwNEp5ZGtiM2R1Ykc5aFpDVXlNQ1V5T0RNbE1qa3VjRzVuQmpzR1ZEb1JZMjl1ZEdWdWRGOTBlWEJsU1NJT2FXMWhaMlV2Y0c1bkJqc0dWRG9SYzJWeWRtbGpaVjl1WVcxbE9ncHNiMk5oYkE9PSIsImV4cCI6IjIwMjQtMDQtMDhUMTI6MzE6NTQuODY0WiIsInB1ciI6ImJsb2Jfa2V5In19--e23beacf9cd045e41f18a164da221854144e9b17/download%20(3).png
I, [2024-04-08T17:56:54.865637 #27255]  INFO -- : [02146563-1021-4482-9b90-f0cde146a8f5] Completed 302 Found in 4ms (ActiveRecord: 0.3ms | Allocations: 798)
I, [2024-04-08T17:56:54.868677 #27236]  INFO -- : [0b551cb0-7be4-4348-811c-baece5ad4dbf] Started GET "/rails/active_storage/disk/eyJfcmFpbHMiOnsibWVzc2FnZSI6IkJBaDdDVG9JYTJWNVNTSWhkWGh1Wm5RMmNXTjRZbVF6Y0doeGN6Y3hhbWM1T0hCcGNuSXhiZ1k2QmtWVU9oQmthWE53YjNOcGRHbHZia2tpVldsdWJHbHVaVHNnWm1sc1pXNWhiV1U5SW1SdmQyNXNiMkZrSUNVeU9ESWxNamt1Y0c1bklqc2dabWxzWlc1aGJXVXFQVlZVUmkwNEp5ZGtiM2R1Ykc5aFpDVXlNQ1V5T0RJbE1qa3VjRzVuQmpzR1ZEb1JZMjl1ZEdWdWRGOTBlWEJsU1NJT2FXMWhaMlV2Y0c1bkJqc0dWRG9SYzJWeWRtbGpaVjl1WVcxbE9ncHNiMk5oYkE9PSIsImV4cCI6IjIwMjQtMDQtMDhUMTI6MzE6NTQuODU1WiIsInB1ciI6ImJsb2Jfa2V5In19--7363cbff8c6761fb958690155660fc478130a0ac/download%20(2).png" for 127.0.0.1 at 2024-04-08 17:56:54 +0530
I, [2024-04-08T17:56:54.869703 #27236]  INFO -- : [0b551cb0-7be4-4348-811c-baece5ad4dbf] Processing by ActiveStorage::DiskController#show as PNG
I, [2024-04-08T17:56:54.869834 #27236]  INFO -- : [0b551cb0-7be4-4348-811c-baece5ad4dbf]   Parameters: {"encoded_key"=>"[FILTERED]", "filename"=>"download (2)"}
I, [2024-04-08T17:56:54.872403 #27236]  INFO -- : [0b551cb0-7be4-4348-811c-baece5ad4dbf] Completed 404 Not Found in 2ms (Allocations: 734)
I, [2024-04-08T17:56:54.877076 #27236]  INFO -- : [cdf14c00-8c17-400b-8ff3-06a5b1a2b42f] Started GET "/rails/active_storage/blobs/redirect/eyJfcmFpbHMiOnsibWVzc2FnZSI6IkJBaHBFUT09IiwiZXhwIjpudWxsLCJwdXIiOiJibG9iX2lkIn19--4a06355cb739c8df382a872b849f7c3c467396b1/download%20(6).png" for 127.0.0.1 at 2024-04-08 17:56:54 +0530
I, [2024-04-08T17:56:54.878102 #27236]  INFO -- : [cdf14c00-8c17-400b-8ff3-06a5b1a2b42f] Processing by ActiveStorage::Blobs::RedirectController#show as PNG
I, [2024-04-08T17:56:54.878250 #27236]  INFO -- : [cdf14c00-8c17-400b-8ff3-06a5b1a2b42f]   Parameters: {"signed_id"=>"eyJfcmFpbHMiOnsibWVzc2FnZSI6IkJBaHBFUT09IiwiZXhwIjpudWxsLCJwdXIiOiJibG9iX2lkIn19--4a06355cb739c8df382a872b849f7c3c467396b1", "filename"=>"download (6)"}
I, [2024-04-08T17:56:54.894753 #27267]  INFO -- : [c1a25a43-6137-4b34-a6c6-b6d8c49d1906] Started GET "/rails/active_storage/blobs/redirect/eyJfcmFpbHMiOnsibWVzc2FnZSI6IkJBaHBFQT09IiwiZXhwIjpudWxsLCJwdXIiOiJibG9iX2lkIn19--6ba1caa08538839aaa0799e32ee6ad38e147de74/download.jpeg" for 127.0.0.1 at 2024-04-08 17:56:54 +0530
I, [2024-04-08T17:56:54.897604 #27267]  INFO -- : [c1a25a43-6137-4b34-a6c6-b6d8c49d1906] Processing by ActiveStorage::Blobs::RedirectController#show as JPEG
I, [2024-04-08T17:56:54.897766 #27267]  INFO -- : [c1a25a43-6137-4b34-a6c6-b6d8c49d1906]   Parameters: {"signed_id"=>"eyJfcmFpbHMiOnsibWVzc2FnZSI6IkJBaHBFQT09IiwiZXhwIjpudWxsLCJwdXIiOiJibG9iX2lkIn19--6ba1caa08538839aaa0799e32ee6ad38e147de74", "filename"=>"download"}
I, [2024-04-08T17:56:54.899995 #27255]  INFO -- : [18dda934-3842-4236-bee1-c4eb65d2f72a] Started GET "/rails/active_storage/disk/eyJfcmFpbHMiOnsibWVzc2FnZSI6IkJBaDdDVG9JYTJWNVNTSWhPSFo0Yld0a1ozVnBNMlYwY0RNNE9HczJObkZwYTJkNGNqVXpOZ1k2QmtWVU9oQmthWE53YjNOcGRHbHZia2tpVldsdWJHbHVaVHNnWm1sc1pXNWhiV1U5SW1SdmQyNXNiMkZrSUNVeU9ETWxNamt1Y0c1bklqc2dabWxzWlc1aGJXVXFQVlZVUmkwNEp5ZGtiM2R1Ykc5aFpDVXlNQ1V5T0RNbE1qa3VjRzVuQmpzR1ZEb1JZMjl1ZEdWdWRGOTBlWEJsU1NJT2FXMWhaMlV2Y0c1bkJqc0dWRG9SYzJWeWRtbGpaVjl1WVcxbE9ncHNiMk5oYkE9PSIsImV4cCI6IjIwMjQtMDQtMDhUMTI6MzE6NTQuODY0WiIsInB1ciI6ImJsb2Jfa2V5In19--e23beacf9cd045e41f18a164da221854144e9b17/download%20(3).png" for 127.0.0.1 at 2024-04-08 17:56:54 +0530
I, [2024-04-08T17:56:54.902114 #27255]  INFO -- : [18dda934-3842-4236-bee1-c4eb65d2f72a] Processing by ActiveStorage::DiskController#show as PNG
I, [2024-04-08T17:56:54.902234 #27255]  INFO -- : [18dda934-3842-4236-bee1-c4eb65d2f72a]   Parameters: {"encoded_key"=>"[FILTERED]", "filename"=>"download (3)"}
I, [2024-04-08T17:56:54.909351 #27255]  INFO -- : [18dda934-3842-4236-bee1-c4eb65d2f72a] Completed 404 Not Found in 7ms (ActiveRecord: 0.0ms | Allocations: 717)
I, [2024-04-08T17:56:54.923989 #27236]  INFO -- : [2bb8fa68-9c54-47e1-a7a4-9b600437e985] Redirected to http://localhost:3000/rails/active_storage/disk/eyJfcmFpbHMiOnsibWVzc2FnZSI6IkJBaDdDVG9JYTJWNVNTSWhabkZxWldjMmRYbG1lbnBzY1hOa01uZDFkMjFuWVhkcWVEaGxaQVk2QmtWVU9oQmthWE53YjNOcGRHbHZia2tpVldsdWJHbHVaVHNnWm1sc1pXNWhiV1U5SW1SdmQyNXNiMkZrSUNVeU9ERWxNamt1Y0c1bklqc2dabWxzWlc1aGJXVXFQVlZVUmkwNEp5ZGtiM2R1Ykc5aFpDVXlNQ1V5T0RFbE1qa3VjRzVuQmpzR1ZEb1JZMjl1ZEdWdWRGOTBlWEJsU1NJT2FXMWhaMlV2Y0c1bkJqc0dWRG9SYzJWeWRtbGpaVjl1WVcxbE9ncHNiMk5oYkE9PSIsImV4cCI6IjIwMjQtMDQtMDhUMTI6MzE6NTQuOTIzWiIsInB1ciI6ImJsb2Jfa2V5In19--aa2c35b698d3fdaed633f3e3bdc70fd860bef32d/download%20(1).png
I, [2024-04-08T17:56:54.924390 #27236]  INFO -- : [2bb8fa68-9c54-47e1-a7a4-9b600437e985] Completed 302 Found in 74ms (ActiveRecord: 16.4ms | Allocations: 19142)
I, [2024-04-08T17:56:54.929330 #27236]  INFO -- : [30524d07-6913-4092-b10e-3ee9ddca6d9c] Redirected to http://localhost:3000/rails/active_storage/disk/eyJfcmFpbHMiOnsibWVzc2FnZSI6IkJBaDdDVG9JYTJWNVNTSWhaR0ZuTVdGaU9YQjBPSFkyZWpnemNtNXNaREp2Y3poeVlURTViZ1k2QmtWVU9oQmthWE53YjNOcGRHbHZia2tpVldsdWJHbHVaVHNnWm1sc1pXNWhiV1U5SW1SdmQyNXNiMkZrSUNVeU9EWWxNamt1Y0c1bklqc2dabWxzWlc1aGJXVXFQVlZVUmkwNEp5ZGtiM2R1Ykc5aFpDVXlNQ1V5T0RZbE1qa3VjRzVuQmpzR1ZEb1JZMjl1ZEdWdWRGOTBlWEJsU1NJT2FXMWhaMlV2Y0c1bkJqc0dWRG9SYzJWeWRtbGpaVjl1WVcxbE9ncHNiMk5oYkE9PSIsImV4cCI6IjIwMjQtMDQtMDhUMTI6MzE6NTQuOTI4WiIsInB1ciI6ImJsb2Jfa2V5In19--eddbfff595994a3eab1914f885b387eb9572c308/download%20(6).png
I, [2024-04-08T17:56:54.929761 #27236]  INFO -- : [30524d07-6913-4092-b10e-3ee9ddca6d9c] Completed 302 Found in 68ms (ActiveRecord: 12.2ms | Allocations: 18157)
I, [2024-04-08T17:56:54.936661 #27236]  INFO -- : [89f58ac9-e777-4624-bfea-3ecf164ab681] Started GET "/rails/active_storage/disk/eyJfcmFpbHMiOnsibWVzc2FnZSI6IkJBaDdDVG9JYTJWNVNTSWhabkZxWldjMmRYbG1lbnBzY1hOa01uZDFkMjFuWVhkcWVEaGxaQVk2QmtWVU9oQmthWE53YjNOcGRHbHZia2tpVldsdWJHbHVaVHNnWm1sc1pXNWhiV1U5SW1SdmQyNXNiMkZrSUNVeU9ERWxNamt1Y0c1bklqc2dabWxzWlc1aGJXVXFQVlZVUmkwNEp5ZGtiM2R1Ykc5aFpDVXlNQ1V5T0RFbE1qa3VjRzVuQmpzR1ZEb1JZMjl1ZEdWdWRGOTBlWEJsU1NJT2FXMWhaMlV2Y0c1bkJqc0dWRG9SYzJWeWRtbGpaVjl1WVcxbE9ncHNiMk5oYkE9PSIsImV4cCI6IjIwMjQtMDQtMDhUMTI6MzE6NTQuOTIzWiIsInB1ciI6ImJsb2Jfa2V5In19--aa2c35b698d3fdaed633f3e3bdc70fd860bef32d/download%20(1).png" for 127.0.0.1 at 2024-04-08 17:56:54 +0530
I, [2024-04-08T17:56:54.940031 #27236]  INFO -- : [89f58ac9-e777-4624-bfea-3ecf164ab681] Processing by ActiveStorage::DiskController#show as PNG
I, [2024-04-08T17:56:54.940224 #27236]  INFO -- : [89f58ac9-e777-4624-bfea-3ecf164ab681]   Parameters: {"encoded_key"=>"[FILTERED]", "filename"=>"download (1)"}
I, [2024-04-08T17:56:54.943181 #27236]  INFO -- : [89f58ac9-e777-4624-bfea-3ecf164ab681] Completed 404 Not Found in 3ms (ActiveRecord: 0.0ms | Allocations: 374)
I, [2024-04-08T17:56:54.945036 #27236]  INFO -- : [fe18a1ae-4fe7-48d6-933d-9d6a97c6e54b] Started GET "/rails/active_storage/disk/eyJfcmFpbHMiOnsibWVzc2FnZSI6IkJBaDdDVG9JYTJWNVNTSWhaR0ZuTVdGaU9YQjBPSFkyZWpnemNtNXNaREp2Y3poeVlURTViZ1k2QmtWVU9oQmthWE53YjNOcGRHbHZia2tpVldsdWJHbHVaVHNnWm1sc1pXNWhiV1U5SW1SdmQyNXNiMkZrSUNVeU9EWWxNamt1Y0c1bklqc2dabWxzWlc1aGJXVXFQVlZVUmkwNEp5ZGtiM2R1Ykc5aFpDVXlNQ1V5T0RZbE1qa3VjRzVuQmpzR1ZEb1JZMjl1ZEdWdWRGOTBlWEJsU1NJT2FXMWhaMlV2Y0c1bkJqc0dWRG9SYzJWeWRtbGpaVjl1WVcxbE9ncHNiMk5oYkE9PSIsImV4cCI6IjIwMjQtMDQtMDhUMTI6MzE6NTQuOTI4WiIsInB1ciI6ImJsb2Jfa2V5In19--eddbfff595994a3eab1914f885b387eb9572c308/download%20(6).png" for 127.0.0.1 at 2024-04-08 17:56:54 +0530
I, [2024-04-08T17:56:54.957302 #27236]  INFO -- : [fe18a1ae-4fe7-48d6-933d-9d6a97c6e54b] Processing by ActiveStorage::DiskController#show as PNG
I, [2024-04-08T17:56:54.957542 #27236]  INFO -- : [fe18a1ae-4fe7-48d6-933d-9d6a97c6e54b]   Parameters: {"encoded_key"=>"[FILTERED]", "filename"=>"download (6)"}
I, [2024-04-08T17:56:54.960648 #27236]  INFO -- : [fe18a1ae-4fe7-48d6-933d-9d6a97c6e54b] Completed 404 Not Found in 3ms (ActiveRecord: 0.0ms | Allocations: 372)
I, [2024-04-08T17:56:54.961243 #27243]  INFO -- : [451b78a7-ed07-444a-9d90-de6b40d6a25b] Redirected to http://localhost:3000/rails/active_storage/disk/eyJfcmFpbHMiOnsibWVzc2FnZSI6IkJBaDdDVG9JYTJWNVNTSWhPVzUxWkRWNE4zZDJjVEExYW1zeGRYRmxZbXR0ZHpkMGRXZDJhd1k2QmtWVU9oQmthWE53YjNOcGRHbHZia2tpUDJsdWJHbHVaVHNnWm1sc1pXNWhiV1U5SW1sdFlXZGxjeTV3Ym1jaU95Qm1hV3hsYm1GdFpTbzlWVlJHTFRnbkoybHRZV2RsY3k1d2JtY0dPd1pVT2hGamIyNTBaVzUwWDNSNWNHVkpJZzVwYldGblpTOXdibWNHT3daVU9oRnpaWEoyYVdObFgyNWhiV1U2Q214dlkyRnMiLCJleHAiOiIyMDI0LTA0LTA4VDEyOjMxOjU0Ljk1OVoiLCJwdXIiOiJibG9iX2tleSJ9fQ==--118fadd665553ac84e183e720da806edfae82bcd/images.png
I, [2024-04-08T17:56:54.961658 #27243]  INFO -- : [451b78a7-ed07-444a-9d90-de6b40d6a25b] Completed 302 Found in 97ms (ActiveRecord: 18.9ms | Allocations: 11969)
I, [2024-04-08T17:56:54.966847 #27236]  INFO -- : [cdf14c00-8c17-400b-8ff3-06a5b1a2b42f] Redirected to http://localhost:3000/rails/active_storage/disk/eyJfcmFpbHMiOnsibWVzc2FnZSI6IkJBaDdDVG9JYTJWNVNTSWhlSGs0TUhRNE5uUTJlV0ZxZDJRMllYTnpaV3hzTURJM05EZzViZ1k2QmtWVU9oQmthWE53YjNOcGRHbHZia2tpVldsdWJHbHVaVHNnWm1sc1pXNWhiV1U5SW1SdmQyNXNiMkZrSUNVeU9EWWxNamt1Y0c1bklqc2dabWxzWlc1aGJXVXFQVlZVUmkwNEp5ZGtiM2R1Ykc5aFpDVXlNQ1V5T0RZbE1qa3VjRzVuQmpzR1ZEb1JZMjl1ZEdWdWRGOTBlWEJsU1NJT2FXMWhaMlV2Y0c1bkJqc0dWRG9SYzJWeWRtbGpaVjl1WVcxbE9ncHNiMk5oYkE9PSIsImV4cCI6IjIwMjQtMDQtMDhUMTI6MzE6NTQuOTY2WiIsInB1ciI6ImJsb2Jfa2V5In19--d0436fca1928cb0a4a22df70fc5d7a6eb23811db/download%20(6).png
